Archive member included to satisfy reference by file (symbol)

/home/vbolbat/st/stm32cubeide_2.0.0/plugins/com.st.stm32cube.ide.mcu.externaltools.gnu-tools-for-stm32.13.3.rel1.linux64_1.0.100.202509120712/tools/bin/../lib/gcc/arm-none-eabi/13.3.1/../../../../arm-none-eabi/lib/thumb/v7-m/nofp/libc_nano.a(libc_a-exit.o)
                              /home/vbolbat/st/stm32cubeide_2.0.0/plugins/com.st.stm32cube.ide.mcu.externaltools.gnu-tools-for-stm32.13.3.rel1.linux64_1.0.100.202509120712/tools/bin/../lib/gcc/arm-none-eabi/13.3.1/../../../../arm-none-eabi/lib/thumb/v7-m/nofp/crt0.o (exit)
/home/vbolbat/st/stm32cubeide_2.0.0/plugins/com.st.stm32cube.ide.mcu.externaltools.gnu-tools-for-stm32.13.3.rel1.linux64_1.0.100.202509120712/tools/bin/../lib/gcc/arm-none-eabi/13.3.1/../../../../arm-none-eabi/lib/thumb/v7-m/nofp/libc_nano.a(libc_a-findfp.o)
                              /home/vbolbat/st/stm32cubeide_2.0.0/plugins/com.st.stm32cube.ide.mcu.externaltools.gnu-tools-for-stm32.13.3.rel1.linux64_1.0.100.202509120712/tools/bin/../lib/gcc/arm-none-eabi/13.3.1/../../../../arm-none-eabi/lib/thumb/v7-m/nofp/libc_nano.a(libc_a-exit.o) (__stdio_exit_handler)
/home/vbolbat/st/stm32cubeide_2.0.0/plugins/com.st.stm32cube.ide.mcu.externaltools.gnu-tools-for-stm32.13.3.rel1.linux64_1.0.100.202509120712/tools/bin/../lib/gcc/arm-none-eabi/13.3.1/../../../../arm-none-eabi/lib/thumb/v7-m/nofp/libc_nano.a(libc_a-fwalk.o)
                              /home/vbolbat/st/stm32cubeide_2.0.0/plugins/com.st.stm32cube.ide.mcu.externaltools.gnu-tools-for-stm32.13.3.rel1.linux64_1.0.100.202509120712/tools/bin/../lib/gcc/arm-none-eabi/13.3.1/../../../../arm-none-eabi/lib/thumb/v7-m/nofp/libc_nano.a(libc_a-findfp.o) (_fwalk_sglue)
/home/vbolbat/st/stm32cubeide_2.0.0/plugins/com.st.stm32cube.ide.mcu.externaltools.gnu-tools-for-stm32.13.3.rel1.linux64_1.0.100.202509120712/tools/bin/../lib/gcc/arm-none-eabi/13.3.1/../../../../arm-none-eabi/lib/thumb/v7-m/nofp/libc_nano.a(libc_a-printf.o)
                              ./Core/Src/debug.o (printf)
/home/vbolbat/st/stm32cubeide_2.0.0/plugins/com.st.stm32cube.ide.mcu.externaltools.gnu-tools-for-stm32.13.3.rel1.linux64_1.0.100.202509120712/tools/bin/../lib/gcc/arm-none-eabi/13.3.1/../../../../arm-none-eabi/lib/thumb/v7-m/nofp/libc_nano.a(libc_a-stdio.o)
                              /home/vbolbat/st/stm32cubeide_2.0.0/plugins/com.st.stm32cube.ide.mcu.externaltools.gnu-tools-for-stm32.13.3.rel1.linux64_1.0.100.202509120712/tools/bin/../lib/gcc/arm-none-eabi/13.3.1/../../../../arm-none-eabi/lib/thumb/v7-m/nofp/libc_nano.a(libc_a-findfp.o) (__sread)
/home/vbolbat/st/stm32cubeide_2.0.0/plugins/com.st.stm32cube.ide.mcu.externaltools.gnu-tools-for-stm32.13.3.rel1.linux64_1.0.100.202509120712/tools/bin/../lib/gcc/arm-none-eabi/13.3.1/../../../../arm-none-eabi/lib/thumb/v7-m/nofp/libc_nano.a(libc_a-memset.o)
                              /home/vbolbat/st/stm32cubeide_2.0.0/plugins/com.st.stm32cube.ide.mcu.externaltools.gnu-tools-for-stm32.13.3.rel1.linux64_1.0.100.202509120712/tools/bin/../lib/gcc/arm-none-eabi/13.3.1/../../../../arm-none-eabi/lib/thumb/v7-m/nofp/crt0.o (memset)
/home/vbolbat/st/stm32cubeide_2.0.0/plugins/com.st.stm32cube.ide.mcu.externaltools.gnu-tools-for-stm32.13.3.rel1.linux64_1.0.100.202509120712/tools/bin/../lib/gcc/arm-none-eabi/13.3.1/../../../../arm-none-eabi/lib/thumb/v7-m/nofp/libc_nano.a(libc_a-closer.o)
                              /home/vbolbat/st/stm32cubeide_2.0.0/plugins/com.st.stm32cube.ide.mcu.externaltools.gnu-tools-for-stm32.13.3.rel1.linux64_1.0.100.202509120712/tools/bin/../lib/gcc/arm-none-eabi/13.3.1/../../../../arm-none-eabi/lib/thumb/v7-m/nofp/libc_nano.a(libc_a-stdio.o) (_close_r)
/home/vbolbat/st/stm32cubeide_2.0.0/plugins/com.st.stm32cube.ide.mcu.externaltools.gnu-tools-for-stm32.13.3.rel1.linux64_1.0.100.202509120712/tools/bin/../lib/gcc/arm-none-eabi/13.3.1/../../../../arm-none-eabi/lib/thumb/v7-m/nofp/libc_nano.a(libc_a-reent.o)
                              /home/vbolbat/st/stm32cubeide_2.0.0/plugins/com.st.stm32cube.ide.mcu.externaltools.gnu-tools-for-stm32.13.3.rel1.linux64_1.0.100.202509120712/tools/bin/../lib/gcc/arm-none-eabi/13.3.1/../../../../arm-none-eabi/lib/thumb/v7-m/nofp/libc_nano.a(libc_a-closer.o) (errno)
/home/vbolbat/st/stm32cubeide_2.0.0/plugins/com.st.stm32cube.ide.mcu.externaltools.gnu-tools-for-stm32.13.3.rel1.linux64_1.0.100.202509120712/tools/bin/../lib/gcc/arm-none-eabi/13.3.1/../../../../arm-none-eabi/lib/thumb/v7-m/nofp/libc_nano.a(libc_a-impure.o)
                              /home/vbolbat/st/stm32cubeide_2.0.0/plugins/com.st.stm32cube.ide.mcu.externaltools.gnu-tools-for-stm32.13.3.rel1.linux64_1.0.100.202509120712/tools/bin/../lib/gcc/arm-none-eabi/13.3.1/../../../../arm-none-eabi/lib/thumb/v7-m/nofp/libc_nano.a(libc_a-printf.o) (_impure_ptr)
[...]
Memory Configuration

Name             Origin             Length             Attributes
RAM              0x20000000         0x00008000         xrw
FLASH            0x08000000         0x00040000         xr
*default*        0x00000000         0xffffffff

Linker script and memory map

LOAD /home/vbolbat/st/stm32cubeide_2.0.0/plugins/com.st.stm32cube.ide.mcu.externaltools.gnu-tools-for-stm32.13.3.rel1.linux64_1.0.100.202509120712/tools/bin/../lib/gcc/arm-none-eabi/13.3.1/thumb/v7-m/nofp/crti.o
LOAD /home/vbolbat/st/stm32cubeide_2.0.0/plugins/com.st.stm32cube.ide.mcu.externaltools.gnu-tools-for-stm32.13.3.rel1.linux64_1.0.100.202509120712/tools/bin/../lib/gcc/arm-none-eabi/13.3.1/thumb/v7-m/nofp/crtbegin.o
LOAD /home/vbolbat/st/stm32cubeide_2.0.0/plugins/com.st.stm32cube.ide.mcu.externaltools.gnu-tools-for-stm32.13.3.rel1.linux64_1.0.100.202509120712/tools/bin/../lib/gcc/arm-none-eabi/13.3.1/../../../../arm-none-eabi/lib/thumb/v7-m/nofp/crt0.o
LOAD ./Core/Src/VL53L0X.o
LOAD ./Core/Src/converters.o
LOAD ./Core/Src/debug.o
LOAD ./Core/Src/esc.o
LOAD ./Core/Src/logger.o
LOAD ./Core/Src/main.o
LOAD ./Core/Src/measure_speed_FC33.o
LOAD ./Core/Src/mpu6050.o
LOAD ./Core/Src/steering_servo.o
LOAD ./Core/Src/stm32l1xx_hal_msp.o
LOAD ./Core/Src/stm32l1xx_it.o
LOAD ./Core/Src/syscalls.o
LOAD ./Core/Src/sysmem.o
LOAD ./Core/Src/system_stm32l1xx.o
LOAD ./Core/Src/usart1_callbacks.o
LOAD ./Core/Startup/startup_stm32l151cctx.o
LOAD ./Drivers/STM32L1xx_HAL_Driver/Src/stm32l1xx_hal.o
LOAD ./Drivers/STM32L1xx_HAL_Driver/Src/stm32l1xx_hal_cortex.o
LOAD ./Drivers/STM32L1xx_HAL_Driver/Src/stm32l1xx_hal_dma.o
LOAD ./Drivers/STM32L1xx_HAL_Driver/Src/stm32l1xx_hal_exti.o
LOAD ./Drivers/STM32L1xx_HAL_Driver/Src/stm32l1xx_hal_flash.o
LOAD ./Drivers/STM32L1xx_HAL_Driver/Src/stm32l1xx_hal_flash_ex.o
LOAD ./Drivers/STM32L1xx_HAL_Driver/Src/stm32l1xx_hal_flash_ramfunc.o
LOAD ./Drivers/STM32L1xx_HAL_Driver/Src/stm32l1xx_hal_gpio.o
LOAD ./Drivers/STM32L1xx_HAL_Driver/Src/stm32l1xx_hal_i2c.o
LOAD ./Drivers/STM32L1xx_HAL_Driver/Src/stm32l1xx_hal_pwr.o
LOAD ./Drivers/STM32L1xx_HAL_Driver/Src/stm32l1xx_hal_pwr_ex.o
LOAD ./Drivers/STM32L1xx_HAL_Driver/Src/stm32l1xx_hal_rcc.o
LOAD ./Drivers/STM32L1xx_HAL_Driver/Src/stm32l1xx_hal_rcc_ex.o
LOAD ./Drivers/STM32L1xx_HAL_Driver/Src/stm32l1xx_hal_tim.o
LOAD ./Drivers/STM32L1xx_HAL_Driver/Src/stm32l1xx_hal_tim_ex.o
LOAD ./Drivers/STM32L1xx_HAL_Driver/Src/stm32l1xx_hal_uart.o
START GROUP
LOAD /home/vbolbat/st/stm32cubeide_2.0.0/plugins/com.st.stm32cube.ide.mcu.externaltools.gnu-tools-for-stm32.13.3.rel1.linux64_1.0.100.202509120712/tools/bin/../lib/gcc/arm-none-eabi/13.3.1/../../../../arm-none-eabi/lib/thumb/v7-m/nofp/libc_nano.a
LOAD /home/vbolbat/st/stm32cubeide_2.0.0/plugins/com.st.stm32cube.ide.mcu.externaltools.gnu-tools-for-stm32.13.3.rel1.linux64_1.0.100.202509120712/tools/bin/../lib/gcc/arm-none-eabi/13.3.1/../../../../arm-none-eabi/lib/thumb/v7-m/nofp/libm.a
END GROUP
START GROUP
LOAD /home/vbolbat/st/stm32cubeide_2.0.0/plugins/com.st.stm32cube.ide.mcu.externaltools.gnu-tools-for-stm32.13.3.rel1.linux64_1.0.100.202509120712/tools/bin/../lib/gcc/arm-none-eabi/13.3.1/thumb/v7-m/nofp/libgcc.a
LOAD /home/vbolbat/st/stm32cubeide_2.0.0/plugins/com.st.stm32cube.ide.mcu.externaltools.gnu-tools-for-stm32.13.3.rel1.linux64_1.0.100.202509120712/tools/bin/../lib/gcc/arm-none-eabi/13.3.1/../../../../arm-none-eabi/lib/thumb/v7-m/nofp/libc_nano.a
END GROUP
START GROUP
LOAD /home/vbolbat/st/stm32cubeide_2.0.0/plugins/com.st.stm32cube.ide.mcu.externaltools.gnu-tools-for-stm32.13.3.rel1.linux64_1.0.100.202509120712/tools/bin/../lib/gcc/arm-none-eabi/13.3.1/thumb/v7-m/nofp/libgcc.a
LOAD /home/vbolbat/st/stm32cubeide_2.0.0/plugins/com.st.stm32cube.ide.mcu.externaltools.gnu-tools-for-stm32.13.3.rel1.linux64_1.0.100.202509120712/tools/bin/../lib/gcc/arm-none-eabi/13.3.1/../../../../arm-none-eabi/lib/thumb/v7-m/nofp/libc_nano.a
LOAD /home/vbolbat/st/stm32cubeide_2.0.0/plugins/com.st.stm32cube.ide.mcu.externaltools.gnu-tools-for-stm32.13.3.rel1.linux64_1.0.100.202509120712/tools/bin/../lib/gcc/arm-none-eabi/13.3.1/../../../../arm-none-eabi/lib/thumb/v7-m/nofp/libnosys.a
END GROUP
START GROUP
LOAD /home/vbolbat/st/stm32cubeide_2.0.0/plugins/com.st.stm32cube.ide.mcu.externaltools.gnu-tools-for-stm32.13.3.rel1.linux64_1.0.100.202509120712/tools/bin/../lib/gcc/arm-none-eabi/13.3.1/thumb/v7-m/nofp/libgcc.a
LOAD /home/vbolbat/st/stm32cubeide_2.0.0/plugins/com.st.stm32cube.ide.mcu.externaltools.gnu-tools-for-stm32.13.3.rel1.linux64_1.0.100.202509120712/tools/bin/../lib/gcc/arm-none-eabi/13.3.1/../../../../arm-none-eabi/lib/thumb/v7-m/nofp/libc_nano.a
LOAD /home/vbolbat/st/stm32cubeide_2.0.0/plugins/com.st.stm32cube.ide.mcu.externaltools.gnu-tools-for-stm32.13.3.rel1.linux64_1.0.100.202509120712/tools/bin/../lib/gcc/arm-none-eabi/13.3.1/../../../../arm-none-eabi/lib/thumb/v7-m/nofp/libnosys.a
END GROUP
LOAD /home/vbolbat/st/stm32cubeide_2.0.0/plugins/com.st.stm32cube.ide.mcu.externaltools.gnu-tools-for-stm32.13.3.rel1.linux64_1.0.100.202509120712/tools/bin/../lib/gcc/arm-none-eabi/13.3.1/thumb/v7-m/nofp/crtend.o
LOAD /home/vbolbat/st/stm32cubeide_2.0.0/plugins/com.st.stm32cube.ide.mcu.externaltools.gnu-tools-for-stm32.13.3.rel1.linux64_1.0.100.202509120712/tools/bin/../lib/gcc/arm-none-eabi/13.3.1/thumb/v7-m/nofp/crtn.o
                0x20008000                        _estack = (ORIGIN (RAM) + LENGTH (RAM))
                0x00000200                        _Min_Heap_Size = 0x200
                0x00000400                        _Min_Stack_Size = 0x400

.isr_vector     0x08000000      0x13c
                0x08000000                        . = ALIGN (0x4)
 *(.isr_vector)
 .isr_vector    0x08000000      0x13c ./Core/Startup/startup_stm32l151cctx.o
                0x08000000                g_pfnVectors
                0x0800013c                        . = ALIGN (0x4)

.text           0x08000140     0x6adc
                0x08000140                        . = ALIGN (0x4)
 *(.text)
 .text          0x08000140       0x40 /home/vbolbat/st/stm32cubeide_2.0.0/plugins/com.st.stm32cube.ide.mcu.externaltools.gnu-tools-for-stm32.13.3.rel1.linux64_1.0.100.202509120712/tools/bin/../lib/gcc/arm-none-eabi/13.3.1/thumb/v7-m/nofp/crtbegin.o
 .text          0x08000180      0x378 /home/vbolbat/st/stm32cubeide_2.0.0/plugins/com.st.stm32cube.ide.mcu.externaltools.gnu-tools-for-stm32.13.3.rel1.linux64_1.0.100.202509120712/tools/bin/../lib/gcc/arm-none-eabi/13.3.1/thumb/v7-m/nofp/libgcc.a(_arm_addsubdf3.o)
                0x08000180                __aeabi_drsub
                0x08000188                __aeabi_dsub
                0x08000188                __subdf3
                0x0800018c                __adddf3
                0x0800018c                __aeabi_dadd
                0x08000404                __aeabi_ui2d
                0x08000404                __floatunsidf
                0x08000424                __floatsidf
                0x08000424                __aeabi_i2d
                0x08000448                __extendsfdf2
                0x08000448                __aeabi_f2d
                0x0800048c                __aeabi_ul2d
                0x0800048c                __floatundidf
                0x0800049c                __floatdidf
                0x0800049c                __aeabi_l2d
 .text          0x080004f8      0x424 /home/vbolbat/st/stm32cubeide_2.0.0/plugins/com.st.stm32cube.ide.mcu.externaltools.gnu-tools-for-stm32.13.3.rel1.linux64_1.0.100.202509120712/tools/bin/../lib/gcc/arm-none-eabi/13.3.1/thumb/v7-m/nofp/libgcc.a(_arm_muldivdf3.o)
                0x080004f8                __aeabi_dmul
                0x080004f8                __muldf3
                0x0800074c                __aeabi_ddiv
                0x0800074c                __divdf3
 .text          0x0800091c       0xa0 /home/vbolbat/st/stm32cubeide_2.0.0/plugins/com.st.stm32cube.ide.mcu.externaltools.gnu-tools-for-stm32.13.3.rel1.linux64_1.0.100.202509120712/tools/bin/../lib/gcc/arm-none-eabi/13.3.1/thumb/v7-m/nofp/libgcc.a(_arm_truncdfsf2.o)
                0x0800091c                __aeabi_d2f
                0x0800091c                __truncdfsf2
 .text          0x080009bc      0x21c /home/vbolbat/st/stm32cubeide_2.0.0/plugins/com.st.stm32cube.ide.mcu.externaltools.gnu-tools-for-stm32.13.3.rel1.linux64_1.0.100.202509120712/tools/bin/../lib/gcc/arm-none-eabi/13.3.1/thumb/v7-m/nofp/libgcc.a(_arm_addsubsf3.o)
                0x080009bc                __aeabi_frsub
                0x080009c4                __subsf3
                0x080009c4                __aeabi_fsub
                0x080009c8                __aeabi_fadd
                0x080009c8                __addsf3
                0x08000b28                __aeabi_ui2f
                0x08000b28                __floatunsisf
                0x08000b30                __aeabi_i2f
                0x08000b30                __floatsisf
                0x08000b4c                __floatundisf
                0x08000b4c                __aeabi_ul2f
                0x08000b5c                __floatdisf
                0x08000b5c                __aeabi_l2f
 .text          0x08000bd8      0x2a0 /home/vbolbat/st/stm32cubeide_2.0.0/plugins/com.st.stm32cube.ide.mcu.externaltools.gnu-tools-for-stm32.13.3.rel1.linux64_1.0.100.202509120712/tools/bin/../lib/gcc/arm-none-eabi/13.3.1/thumb/v7-m/nofp/libgcc.a(_arm_muldivsf3.o)
                0x08000bd8                __mulsf3
                0x08000bd8                __aeabi_fmul
                0x08000d40                __divsf3
                0x08000d40                __aeabi_fdiv
 .text          0x08000e78       0x40 /home/vbolbat/st/stm32cubeide_2.0.0/plugins/com.st.stm32cube.ide.mcu.externaltools.gnu-tools-for-stm32.13.3.rel1.linux64_1.0.100.202509120712/tools/bin/../lib/gcc/arm-none-eabi/13.3.1/thumb/v7-m/nofp/libgcc.a(_arm_fixunssfsi.o)
                0x08000e78                __aeabi_f2uiz
                0x08000e78                __fixunssfsi
 .text          0x08000eb8       0x30 /home/vbolbat/st/stm32cubeide_2.0.0/plugins/com.st.stm32cube.ide.mcu.externaltools.gnu-tools-for-stm32.13.3.rel1.linux64_1.0.100.202509120712/tools/bin/../lib/gcc/arm-none-eabi/13.3.1/thumb/v7-m/nofp/libgcc.a(_aeabi_uldivmod.o)
                0x08000eb8                __aeabi_uldivmod
 .text          0x08000ee8      0x300 /home/vbolbat/st/stm32cubeide_2.0.0/plugins/com.st.stm32cube.ide.mcu.externaltools.gnu-tools-for-stm32.13.3.rel1.linux64_1.0.100.202509120712/tools/bin/../lib/gcc/arm-none-eabi/13.3.1/thumb/v7-m/nofp/libgcc.a(_udivmoddi4.o)
                0x08000ee8                __udivmoddi4
 .text          0x080011e8        0x4 /home/vbolbat/st/stm32cubeide_2.0.0/plugins/com.st.stm32cube.ide.mcu.externaltools.gnu-tools-for-stm32.13.3.rel1.linux64_1.0.100.202509120712/tools/bin/../lib/gcc/arm-none-eabi/13.3.1/thumb/v7-m/nofp/libgcc.a(_dvmd_tls.o)
                0x080011e8                __aeabi_ldiv0
                0x080011e8                __aeabi_idiv0
 *(.text*)
 .text.writeReg
                0x080011ec       0x50 ./Core/Src/VL53L0X.o
                0x080011ec                writeReg
 .text.readReg  0x0800123c       0x54 ./Core/Src/VL53L0X.o
                0x0800123c                readReg
 .text.readReg16Bit
                0x08001290       0x64 ./Core/Src/VL53L0X.o
                0x08001290                readReg16Bit
 .text.readMulti
                0x080012f4       0x54 ./Core/Src/VL53L0X.o
                0x080012f4                readMulti
 .text.readRangeContinuousMillimeters
                0x08001348       0xee ./Core/Src/VL53L0X.o
                0x08001348                readRangeContinuousMillimeters
 .text.readRangeSingleMillimeters
                0x08001436       0xc0 ./Core/Src/VL53L0X.o
                0x08001436                readRangeSingleMillimeters
 *fill*         0x080014f6        0x2 
 .text.esc_init
                0x080014f8       0x40 ./Core/Src/esc.o
                0x080014f8                esc_init
 .text.esc_update_pwm
                0x08001538       0xc8 ./Core/Src/esc.o
                0x08001538                esc_update_pwm
 .text.CustomDelay20ms
                0x08001600       0x2a ./Core/Src/esc.o
 *fill*         0x0800162a        0x2 
 .text.save_log
                0x0800162c       0x40 ./Core/Src/logger.o
                0x0800162c                save_log
 .text.send_log
                0x0800166c       0x4c ./Core/Src/logger.o
                0x0800166c                send_log
 .text.logger_init
                0x080016b8       0x18 ./Core/Src/logger.o
                0x080016b8                logger_init
 .text.logger_send_errors_stat
                0x080016d0        0xc ./Core/Src/logger.o
                0x080016d0                logger_send_errors_stat
 .text.main     0x080016dc       0x9c ./Core/Src/main.o
                0x080016dc                main
 .text.SystemClock_Config
                0x08001778       0x98 ./Core/Src/main.o
                0x08001778                SystemClock_Config
 .text.MX_I2C1_Init
                0x08001810       0x5c ./Core/Src/main.o
 .text.MX_I2C2_Init
                0x0800186c       0x5c ./Core/Src/main.o
 .text.MX_TIM2_Init
                0x080018c8       0xe8 ./Core/Src/main.o
 .text.MX_TIM3_Init
                0x080019b0       0xe8 ./Core/Src/main.o
 .text.MX_TIM4_Init
                0x08001a98       0xe8 ./Core/Src/main.o
 .text.TIM5_Init
                0x08001b80       0xa4 ./Core/Src/main.o
 .text.MX_TIM6_Init
                0x08001c24       0x6c ./Core/Src/main.o
 .text.MX_USART1_UART_Init
                0x08001c90       0x54 ./Core/Src/main.o
 .text.MX_GPIO_Init
                0x08001ce4       0xf8 ./Core/Src/main.o
 .text.HAL_TIM_PeriodElapsedCallback
                0x08001ddc       0x24 ./Core/Src/main.o
                0x08001ddc                HAL_TIM_PeriodElapsedCallback
 .text.HAL_GPIO_EXTI_Callback
                0x08001e00       0x1c ./Core/Src/main.o
                0x08001e00                HAL_GPIO_EXTI_Callback
 .text.Error_Handler
                0x08001e1c       0x64 ./Core/Src/main.o
                0x08001e1c                Error_Handler
 .text.MeasureSpeedFC33_GetRPM
                0x08001e80       0x68 ./Core/Src/measure_speed_FC33.o
                0x08001e80                MeasureSpeedFC33_GetRPM
 .text.MeasureSpeedFC33_GetSpeedKmh
                0x08001ee8       0x20 ./Core/Src/measure_speed_FC33.o
                0x08001ee8                MeasureSpeedFC33_GetSpeedKmh
 .text.MeasureSpeedFC33_GPIO_EXTI_Callback
                0x08001f08       0x38 ./Core/Src/measure_speed_FC33.o
                0x08001f08                MeasureSpeedFC33_GPIO_EXTI_Callback
 .text.MeasureSpeedFC33_TIM_PeriodElapsedCallback
                0x08001f40       0xa4 ./Core/Src/measure_speed_FC33.o
                0x08001f40                MeasureSpeedFC33_TIM_PeriodElapsedCallback
 *fill*         0x08001fe4        0x4 
 .text.MPU6050_get_acceleration
                0x08001fe8       0x64 ./Core/Src/mpu6050.o
                0x08001fe8                MPU6050_get_acceleration
 *fill*         0x0800204c        0x4 
 .text.MPU6050_Read_Accel
                0x08002050       0xd4 ./Core/Src/mpu6050.o
                0x08002050                MPU6050_Read_Accel
 .text.SteeringServo_Init
                0x08002124       0x4c ./Core/Src/steering_servo.o
                0x08002124                SteeringServo_Init
 .text.SteeringServo_SetAngle
                0x08002170       0x4c ./Core/Src/steering_servo.o
                0x08002170                SteeringServo_SetAngle
 .text.HAL_MspInit
                0x080021bc       0x5c ./Core/Src/stm32l1xx_hal_msp.o
                0x080021bc                HAL_MspInit
 .text.HAL_I2C_MspInit
                0x08002218       0xec ./Core/Src/stm32l1xx_hal_msp.o
                0x08002218                HAL_I2C_MspInit
 .text.HAL_TIM_Base_MspInit
                0x08002304       0xf8 ./Core/Src/stm32l1xx_hal_msp.o
                0x08002304                HAL_TIM_Base_MspInit
 .text.HAL_TIM_MspPostInit
                0x080023fc      0x100 ./Core/Src/stm32l1xx_hal_msp.o
                0x080023fc                HAL_TIM_MspPostInit
 .text.HAL_UART_MspInit
                0x080024fc      0x108 ./Core/Src/stm32l1xx_hal_msp.o
                0x080024fc                HAL_UART_MspInit
 .text.NMI_Handler
                0x08002604        0x8 ./Core/Src/stm32l1xx_it.o
                0x08002604                NMI_Handler
 .text.HardFault_Handler
                0x0800260c        0x8 ./Core/Src/stm32l1xx_it.o
                0x0800260c                HardFault_Handler
 .text.MemManage_Handler
                0x08002614        0x8 ./Core/Src/stm32l1xx_it.o
                0x08002614                MemManage_Handler
 .text.BusFault_Handler
                0x0800261c        0x8 ./Core/Src/stm32l1xx_it.o
                0x0800261c                BusFault_Handler
 .text.UsageFault_Handler
                0x08002624        0x8 ./Core/Src/stm32l1xx_it.o
                0x08002624                UsageFault_Handler
 .text.SVC_Handler
                0x0800262c        0xc ./Core/Src/stm32l1xx_it.o
                0x0800262c                SVC_Handler
 .text.DebugMon_Handler
                0x08002638        0xc ./Core/Src/stm32l1xx_it.o
                0x08002638                DebugMon_Handler
 .text.PendSV_Handler
                0x08002644        0xc ./Core/Src/stm32l1xx_it.o
                0x08002644                PendSV_Handler
 .text.SysTick_Handler
                0x08002650        0xc ./Core/Src/stm32l1xx_it.o
                0x08002650                SysTick_Handler
 .text.EXTI0_IRQHandler
                0x0800265c        0xe ./Core/Src/stm32l1xx_it.o
                0x0800265c                EXTI0_IRQHandler
 *fill*         0x0800266a        0x2 
 .text.USART1_IRQHandler
                0x0800266c       0x14 ./Core/Src/stm32l1xx_it.o
                0x0800266c                USART1_IRQHandler
 .text.USART2_IRQHandler
                0x08002680       0x14 ./Core/Src/stm32l1xx_it.o
                0x08002680                USART2_IRQHandler
 .text.TIM6_IRQHandler
                0x08002694       0x30 ./Core/Src/stm32l1xx_it.o
                0x08002694                TIM6_IRQHandler
 .text.TIM5_IRQHandler
                0x080026c4       0x14 ./Core/Src/stm32l1xx_it.o
                0x080026c4                TIM5_IRQHandler
 .text.SystemInit
                0x080026d8        0xc ./Core/Src/system_stm32l1xx.o
                0x080026d8                SystemInit
 .text.HAL_UART_RxCpltCallback
                0x080026e4       0x38 ./Core/Src/usart1_callbacks.o
                0x080026e4                HAL_UART_RxCpltCallback
 .text.HAL_UART_TxCpltCallback
                0x0800271c       0x24 ./Core/Src/usart1_callbacks.o
                0x0800271c                HAL_UART_TxCpltCallback
 .text.HAL_UART_ErrorCallback
                0x08002740       0x4c ./Core/Src/usart1_callbacks.o
                0x08002740                HAL_UART_ErrorCallback
 .text.Send_Telemetry
                0x0800278c      0x260 ./Core/Src/usart1_callbacks.o
                0x0800278c                Send_Telemetry
 .text.Compute_CRC8
                0x080029ec       0x70 ./Core/Src/usart1_callbacks.o
                0x080029ec                Compute_CRC8
 .text.process_parser_flags
                0x08002a5c       0x94 ./Core/Src/usart1_callbacks.o
                0x08002a5c                process_parser_flags
 .text.parse_uart_message
                0x08002af0      0x1dc ./Core/Src/usart1_callbacks.o
                0x08002af0                parse_uart_message
 .text.Reset_Handler
                0x08002ccc       0x48 ./Core/Startup/startup_stm32l151cctx.o
                0x08002ccc                Reset_Handler
 .text.Default_Handler
                0x08002d14        0x2 ./Core/Startup/startup_stm32l151cctx.o
                0x08002d14                RTC_Alarm_IRQHandler
                0x08002d14                EXTI2_IRQHandler
                0x08002d14                COMP_ACQ_IRQHandler
                0x08002d14                TIM10_IRQHandler
                0x08002d14                USB_HP_IRQHandler
                0x08002d14                PVD_IRQHandler
                0x08002d14                EXTI3_IRQHandler
                0x08002d14                I2C2_EV_IRQHandler
                0x08002d14                SPI1_IRQHandler
                0x08002d14                USB_FS_WKUP_IRQHandler
                0x08002d14                DMA2_Channel2_IRQHandler
                0x08002d14                DMA1_Channel4_IRQHandler
                0x08002d14                ADC1_IRQHandler
                0x08002d14                USART3_IRQHandler
                0x08002d14                DMA1_Channel7_IRQHandler
                0x08002d14                TIM4_IRQHandler
                0x08002d14                DMA2_Channel1_IRQHandler
                0x08002d14                I2C1_EV_IRQHandler
                0x08002d14                DMA1_Channel6_IRQHandler
                0x08002d14                DMA2_Channel4_IRQHandler
                0x08002d14                TIM3_IRQHandler
                0x08002d14                RCC_IRQHandler
                0x08002d14                DMA1_Channel1_IRQHandler
                0x08002d14                Default_Handler
                0x08002d14                EXTI15_10_IRQHandler
                0x08002d14                TIM7_IRQHandler
                0x08002d14                EXTI9_5_IRQHandler
                0x08002d14                TIM9_IRQHandler
                0x08002d14                TAMPER_STAMP_IRQHandler
                0x08002d14                RTC_WKUP_IRQHandler
                0x08002d14                SPI2_IRQHandler
                0x08002d14                DMA2_Channel5_IRQHandler
                0x08002d14                DMA1_Channel5_IRQHandler
                0x08002d14                USB_LP_IRQHandler
                0x08002d14                EXTI4_IRQHandler
                0x08002d14                DMA1_Channel3_IRQHandler
                0x08002d14                COMP_IRQHandler
                0x08002d14                WWDG_IRQHandler
                0x08002d14                TIM2_IRQHandler
                0x08002d14                DAC_IRQHandler
                0x08002d14                EXTI1_IRQHandler
                0x08002d14                TIM11_IRQHandler
                0x08002d14                I2C2_ER_IRQHandler
                0x08002d14                DMA1_Channel2_IRQHandler
                0x08002d14                FLASH_IRQHandler
                0x08002d14                SPI3_IRQHandler
                0x08002d14                I2C1_ER_IRQHandler
                0x08002d14                DMA2_Channel3_IRQHandler
 .text.HAL_Init
                0x08002d16       0x30 ./Drivers/STM32L1xx_HAL_Driver/Src/stm32l1xx_hal.o
                0x08002d16                HAL_Init
 *fill*         0x08002d46        0x2 
 .text.HAL_InitTick
                0x08002d48       0x74 ./Drivers/STM32L1xx_HAL_Driver/Src/stm32l1xx_hal.o
                0x08002d48                HAL_InitTick
 .text.HAL_IncTick
                0x08002dbc       0x24 ./Drivers/STM32L1xx_HAL_Driver/Src/stm32l1xx_hal.o
                0x08002dbc                HAL_IncTick
 .text.HAL_GetTick
                0x08002de0       0x14 ./Drivers/STM32L1xx_HAL_Driver/Src/stm32l1xx_hal.o
                0x08002de0                HAL_GetTick
 .text.__NVIC_SetPriorityGrouping
                0x08002df4       0x48 ./Drivers/STM32L1xx_HAL_Driver/Src/stm32l1xx_hal_cortex.o
 .text.__NVIC_GetPriorityGrouping
                0x08002e3c       0x1c ./Drivers/STM32L1xx_HAL_Driver/Src/stm32l1xx_hal_cortex.o
 .text.__NVIC_EnableIRQ
                0x08002e58       0x38 ./Drivers/STM32L1xx_HAL_Driver/Src/stm32l1xx_hal_cortex.o
 .text.__NVIC_SetPriority
                0x08002e90       0x54 ./Drivers/STM32L1xx_HAL_Driver/Src/stm32l1xx_hal_cortex.o
 .text.NVIC_EncodePriority
                0x08002ee4       0x64 ./Drivers/STM32L1xx_HAL_Driver/Src/stm32l1xx_hal_cortex.o
 .text.SysTick_Config
                0x08002f48       0x44 ./Drivers/STM32L1xx_HAL_Driver/Src/stm32l1xx_hal_cortex.o
 .text.HAL_NVIC_SetPriorityGrouping
                0x08002f8c       0x16 ./Drivers/STM32L1xx_HAL_Driver/Src/stm32l1xx_hal_cortex.o
                0x08002f8c                HAL_NVIC_SetPriorityGrouping
 .text.HAL_NVIC_SetPriority
                0x08002fa2       0x38 ./Drivers/STM32L1xx_HAL_Driver/Src/stm32l1xx_hal_cortex.o
                0x08002fa2                HAL_NVIC_SetPriority
 .text.HAL_NVIC_EnableIRQ
                0x08002fda       0x1c ./Drivers/STM32L1xx_HAL_Driver/Src/stm32l1xx_hal_cortex.o
                0x08002fda                HAL_NVIC_EnableIRQ
 .text.HAL_SYSTICK_Config
                0x08002ff6       0x18 ./Drivers/STM32L1xx_HAL_Driver/Src/stm32l1xx_hal_cortex.o
                0x08002ff6                HAL_SYSTICK_Config
 .text.HAL_DMA_Abort
                0x0800300e       0x7a ./Drivers/STM32L1xx_HAL_Driver/Src/stm32l1xx_hal_dma.o
                0x0800300e                HAL_DMA_Abort
 .text.HAL_DMA_Abort_IT
                0x08003088       0x82 ./Drivers/STM32L1xx_HAL_Driver/Src/stm32l1xx_hal_dma.o
                0x08003088                HAL_DMA_Abort_IT
 *fill*         0x0800310a        0x2 
 .text.HAL_GPIO_Init
                0x0800310c      0x300 ./Drivers/STM32L1xx_HAL_Driver/Src/stm32l1xx_hal_gpio.o
                0x0800310c                HAL_GPIO_Init
 .text.HAL_GPIO_WritePin
                0x0800340c       0x30 ./Drivers/STM32L1xx_HAL_Driver/Src/stm32l1xx_hal_gpio.o
                0x0800340c                HAL_GPIO_WritePin
 .text.HAL_GPIO_EXTI_IRQHandler
                0x0800343c       0x30 ./Drivers/STM32L1xx_HAL_Driver/Src/stm32l1xx_hal_gpio.o
                0x0800343c                HAL_GPIO_EXTI_IRQHandler
 .text.HAL_I2C_Init
                0x0800346c      0x288 ./Drivers/STM32L1xx_HAL_Driver/Src/stm32l1xx_hal_i2c.o
                0x0800346c                HAL_I2C_Init
 .text.HAL_I2C_Mem_Write
                0x080036f4      0x1f4 ./Drivers/STM32L1xx_HAL_Driver/Src/stm32l1xx_hal_i2c.o
                0x080036f4                HAL_I2C_Mem_Write
 .text.HAL_I2C_Mem_Read
                0x080038e8      0x464 ./Drivers/STM32L1xx_HAL_Driver/Src/stm32l1xx_hal_i2c.o
                0x080038e8                HAL_I2C_Mem_Read
 .text.I2C_RequestMemoryWrite
                0x08003d4c      0x12c ./Drivers/STM32L1xx_HAL_Driver/Src/stm32l1xx_hal_i2c.o
 .text.I2C_RequestMemoryRead
                0x08003e78      0x1d0 ./Drivers/STM32L1xx_HAL_Driver/Src/stm32l1xx_hal_i2c.o
 .text.I2C_WaitOnFlagUntilTimeout
                0x08004048       0xf4 ./Drivers/STM32L1xx_HAL_Driver/Src/stm32l1xx_hal_i2c.o
 .text.I2C_WaitOnMasterAddressFlagUntilTimeout
                0x0800413c      0x140 ./Drivers/STM32L1xx_HAL_Driver/Src/stm32l1xx_hal_i2c.o
 .text.I2C_WaitOnTXEFlagUntilTimeout
                0x0800427c       0x90 ./Drivers/STM32L1xx_HAL_Driver/Src/stm32l1xx_hal_i2c.o
 .text.I2C_WaitOnBTFFlagUntilTimeout
                0x0800430c       0x90 ./Drivers/STM32L1xx_HAL_Driver/Src/stm32l1xx_hal_i2c.o
 .text.I2C_WaitOnRXNEFlagUntilTimeout
                0x0800439c       0xba ./Drivers/STM32L1xx_HAL_Driver/Src/stm32l1xx_hal_i2c.o
 .text.I2C_IsAcknowledgeFailed
                0x08004456       0x5c ./Drivers/STM32L1xx_HAL_Driver/Src/stm32l1xx_hal_i2c.o
 *fill*         0x080044b2        0x2 
 .text.HAL_RCC_OscConfig
                0x080044b4      0x660 ./Drivers/STM32L1xx_HAL_Driver/Src/stm32l1xx_hal_rcc.o
                0x080044b4                HAL_RCC_OscConfig
 .text.HAL_RCC_ClockConfig
                0x08004b14      0x268 ./Drivers/STM32L1xx_HAL_Driver/Src/stm32l1xx_hal_rcc.o
                0x08004b14                HAL_RCC_ClockConfig
 .text.HAL_RCC_GetSysClockFreq
                0x08004d7c      0x17c ./Drivers/STM32L1xx_HAL_Driver/Src/stm32l1xx_hal_rcc.o
                0x08004d7c                HAL_RCC_GetSysClockFreq
 .text.HAL_RCC_GetHCLKFreq
                0x08004ef8       0x14 ./Drivers/STM32L1xx_HAL_Driver/Src/stm32l1xx_hal_rcc.o
                0x08004ef8                HAL_RCC_GetHCLKFreq
 .text.HAL_RCC_GetPCLK1Freq
                0x08004f0c       0x28 ./Drivers/STM32L1xx_HAL_Driver/Src/stm32l1xx_hal_rcc.o
                0x08004f0c                HAL_RCC_GetPCLK1Freq
 .text.HAL_RCC_GetPCLK2Freq
                0x08004f34       0x28 ./Drivers/STM32L1xx_HAL_Driver/Src/stm32l1xx_hal_rcc.o
                0x08004f34                HAL_RCC_GetPCLK2Freq
 .text.RCC_SetFlashLatencyFromMSIRange
                0x08004f5c       0xc0 ./Drivers/STM32L1xx_HAL_Driver/Src/stm32l1xx_hal_rcc.o
 .text.HAL_TIM_Base_Init
                0x0800501c       0x7e ./Drivers/STM32L1xx_HAL_Driver/Src/stm32l1xx_hal_tim.o
                0x0800501c                HAL_TIM_Base_Init
 *fill*         0x0800509a        0x2 
 .text.HAL_TIM_Base_Start_IT
                0x0800509c       0xa4 ./Drivers/STM32L1xx_HAL_Driver/Src/stm32l1xx_hal_tim.o
                0x0800509c                HAL_TIM_Base_Start_IT
 .text.HAL_TIM_PWM_Init
                0x08005140       0x7e ./Drivers/STM32L1xx_HAL_Driver/Src/stm32l1xx_hal_tim.o
                0x08005140                HAL_TIM_PWM_Init
 .text.HAL_TIM_PWM_MspInit
                0x080051be       0x12 ./Drivers/STM32L1xx_HAL_Driver/Src/stm32l1xx_hal_tim.o
                0x080051be                HAL_TIM_PWM_MspInit
 .text.HAL_TIM_PWM_Start
                0x080051d0      0x12c ./Drivers/STM32L1xx_HAL_Driver/Src/stm32l1xx_hal_tim.o
                0x080051d0                HAL_TIM_PWM_Start
 .text.HAL_TIM_IRQHandler
                0x080052fc      0x198 ./Drivers/STM32L1xx_HAL_Driver/Src/stm32l1xx_hal_tim.o
                0x080052fc                HAL_TIM_IRQHandler
 .text.HAL_TIM_PWM_ConfigChannel
                0x08005494      0x184 ./Drivers/STM32L1xx_HAL_Driver/Src/stm32l1xx_hal_tim.o
                0x08005494                HAL_TIM_PWM_ConfigChannel
 .text.HAL_TIM_ConfigClockSource
                0x08005618      0x18e ./Drivers/STM32L1xx_HAL_Driver/Src/stm32l1xx_hal_tim.o
                0x08005618                HAL_TIM_ConfigClockSource
 .text.HAL_TIM_OC_DelayElapsedCallback
                0x080057a6       0x12 ./Drivers/STM32L1xx_HAL_Driver/Src/stm32l1xx_hal_tim.o
                0x080057a6                HAL_TIM_OC_DelayElapsedCallback
 .text.HAL_TIM_IC_CaptureCallback
                0x080057b8       0x12 ./Drivers/STM32L1xx_HAL_Driver/Src/stm32l1xx_hal_tim.o
                0x080057b8                HAL_TIM_IC_CaptureCallback
 .text.HAL_TIM_PWM_PulseFinishedCallback
                0x080057ca       0x12 ./Drivers/STM32L1xx_HAL_Driver/Src/stm32l1xx_hal_tim.o
                0x080057ca                HAL_TIM_PWM_PulseFinishedCallback
 .text.HAL_TIM_TriggerCallback
                0x080057dc       0x12 ./Drivers/STM32L1xx_HAL_Driver/Src/stm32l1xx_hal_tim.o
                0x080057dc                HAL_TIM_TriggerCallback
 *fill*         0x080057ee        0x2 
 .text.TIM_Base_SetConfig
                0x080057f0       0xec ./Drivers/STM32L1xx_HAL_Driver/Src/stm32l1xx_hal_tim.o
 .text.TIM_OC1_SetConfig
                0x080058dc       0x78 ./Drivers/STM32L1xx_HAL_Driver/Src/stm32l1xx_hal_tim.o
 .text.TIM_OC2_SetConfig
                0x08005954       0x7c ./Drivers/STM32L1xx_HAL_Driver/Src/stm32l1xx_hal_tim.o
 .text.TIM_OC3_SetConfig
                0x080059d0       0x7a ./Drivers/STM32L1xx_HAL_Driver/Src/stm32l1xx_hal_tim.o
 .text.TIM_OC4_SetConfig
                0x08005a4a       0x7c ./Drivers/STM32L1xx_HAL_Driver/Src/stm32l1xx_hal_tim.o
 .text.TIM_TI1_ConfigInputStage
                0x08005ac6       0x5c ./Drivers/STM32L1xx_HAL_Driver/Src/stm32l1xx_hal_tim.o
 .text.TIM_TI2_ConfigInputStage
                0x08005b22       0x5e ./Drivers/STM32L1xx_HAL_Driver/Src/stm32l1xx_hal_tim.o
 .text.TIM_ITRx_SetConfig
                0x08005b80       0x34 ./Drivers/STM32L1xx_HAL_Driver/Src/stm32l1xx_hal_tim.o
 .text.TIM_ETR_SetConfig
                0x08005bb4       0x3e ./Drivers/STM32L1xx_HAL_Driver/Src/stm32l1xx_hal_tim.o
 .text.TIM_CCxChannelCmd
                0x08005bf2       0x48 ./Drivers/STM32L1xx_HAL_Driver/Src/stm32l1xx_hal_tim.o
 *fill*         0x08005c3a        0x2 
 .text.HAL_TIMEx_MasterConfigSynchronization
                0x08005c3c       0xbc ./Drivers/STM32L1xx_HAL_Driver/Src/stm32l1xx_hal_tim_ex.o
                0x08005c3c                HAL_TIMEx_MasterConfigSynchronization
 .text.HAL_UART_Init
                0x08005cf8       0xa0 ./Drivers/STM32L1xx_HAL_Driver/Src/stm32l1xx_hal_uart.o
                0x08005cf8                HAL_UART_Init
 .text.HAL_UART_Transmit
                0x08005d98      0x116 ./Drivers/STM32L1xx_HAL_Driver/Src/stm32l1xx_hal_uart.o
                0x08005d98                HAL_UART_Transmit
 .text.HAL_UART_Receive
                0x08005eae      0x12e ./Drivers/STM32L1xx_HAL_Driver/Src/stm32l1xx_hal_uart.o
                0x08005eae                HAL_UART_Receive
 .text.HAL_UART_Receive_IT
                0x08005fdc       0x4a ./Drivers/STM32L1xx_HAL_Driver/Src/stm32l1xx_hal_uart.o
                0x08005fdc                HAL_UART_Receive_IT
 *fill*         0x08006026        0x2 
 .text.HAL_UART_IRQHandler
                0x08006028      0x550 ./Drivers/STM32L1xx_HAL_Driver/Src/stm32l1xx_hal_uart.o
                0x08006028                HAL_UART_IRQHandler
 .text.HAL_UARTEx_RxEventCallback
                0x08006578       0x16 ./Drivers/STM32L1xx_HAL_Driver/Src/stm32l1xx_hal_uart.o
                0x08006578                HAL_UARTEx_RxEventCallback
 .text.UART_WaitOnFlagUntilTimeout
                0x0800658e       0xb2 ./Drivers/STM32L1xx_HAL_Driver/Src/stm32l1xx_hal_uart.o
 .text.UART_Start_Receive_IT
                0x08006640       0x72 ./Drivers/STM32L1xx_HAL_Driver/Src/stm32l1xx_hal_uart.o
                0x08006640                UART_Start_Receive_IT
 .text.UART_EndRxTransfer
                0x080066b2       0xc4 ./Drivers/STM32L1xx_HAL_Driver/Src/stm32l1xx_hal_uart.o
 .text.UART_DMAAbortOnError
                0x08006776       0x22 ./Drivers/STM32L1xx_HAL_Driver/Src/stm32l1xx_hal_uart.o
 .text.UART_Transmit_IT
                0x08006798       0x9e ./Drivers/STM32L1xx_HAL_Driver/Src/stm32l1xx_hal_uart.o
 .text.UART_EndTransmit_IT
                0x08006836       0x30 ./Drivers/STM32L1xx_HAL_Driver/Src/stm32l1xx_hal_uart.o
 .text.UART_Receive_IT
                0x08006866      0x17c ./Drivers/STM32L1xx_HAL_Driver/Src/stm32l1xx_hal_uart.o
 *fill*         0x080069e2        0x2 
 .text.UART_SetConfig
                0x080069e4      0x1c8 ./Drivers/STM32L1xx_HAL_Driver/Src/stm32l1xx_hal_uart.o
 .text.memset   0x08006bac       0x10 /home/vbolbat/st/stm32cubeide_2.0.0/plugins/com.st.stm32cube.ide.mcu.externaltools.gnu-tools-for-stm32.13.3.rel1.linux64_1.0.100.202509120712/tools/bin/../lib/gcc/arm-none-eabi/13.3.1/../../../../arm-none-eabi/lib/thumb/v7-m/nofp/libc_nano.a(libc_a-memset.o)
                0x08006bac                memset
 .text.__libc_init_array
                0x08006bbc       0x48 /home/vbolbat/st/stm32cubeide_2.0.0/plugins/com.st.stm32cube.ide.mcu.externaltools.gnu-tools-for-stm32.13.3.rel1.linux64_1.0.100.202509120712/tools/bin/../lib/gcc/arm-none-eabi/13.3.1/../../../../arm-none-eabi/lib/thumb/v7-m/nofp/libc_nano.a(libc_a-init.o)
                0x08006bbc                __libc_init_array
 *(.glue_7)
 .glue_7        0x08006c04        0x0 linker stubs
 *(.glue_7t)
 .glue_7t       0x08006c04        0x0 linker stubs
 *(.eh_frame)
 .eh_frame      0x08006c04        0x0 /home/vbolbat/st/stm32cubeide_2.0.0/plugins/com.st.stm32cube.ide.mcu.externaltools.gnu-tools-for-stm32.13.3.rel1.linux64_1.0.100.202509120712/tools/bin/../lib/gcc/arm-none-eabi/13.3.1/thumb/v7-m/nofp/crtbegin.o
 *(.init)
 .init          0x08006c04        0x4 /home/vbolbat/st/stm32cubeide_2.0.0/plugins/com.st.stm32cube.ide.mcu.externaltools.gnu-tools-for-stm32.13.3.rel1.linux64_1.0.100.202509120712/tools/bin/../lib/gcc/arm-none-eabi/13.3.1/thumb/v7-m/nofp/crti.o
                0x08006c04                _init
 .init          0x08006c08        0x8 /home/vbolbat/st/stm32cubeide_2.0.0/plugins/com.st.stm32cube.ide.mcu.externaltools.gnu-tools-for-stm32.13.3.rel1.linux64_1.0.100.202509120712/tools/bin/../lib/gcc/arm-none-eabi/13.3.1/thumb/v7-m/nofp/crtn.o
 *(.fini)
 .fini          0x08006c10        0x4 /home/vbolbat/st/stm32cubeide_2.0.0/plugins/com.st.stm32cube.ide.mcu.externaltools.gnu-tools-for-stm32.13.3.rel1.linux64_1.0.100.202509120712/tools/bin/../lib/gcc/arm-none-eabi/13.3.1/thumb/v7-m/nofp/crti.o
                0x08006c10                _fini
 .fini          0x08006c14        0x8 /home/vbolbat/st/stm32cubeide_2.0.0/plugins/com.st.stm32cube.ide.mcu.externaltools.gnu-tools-for-stm32.13.3.rel1.linux64_1.0.100.202509120712/tools/bin/../lib/gcc/arm-none-eabi/13.3.1/thumb/v7-m/nofp/crtn.o
                0x08006c1c                        . = ALIGN (0x4)
                0x08006c1c                        _etext = .

.vfp11_veneer   0x08006c1c        0x0
 .vfp11_veneer  0x08006c1c        0x0 linker stubs

.v4_bx          0x08006c1c        0x0
 .v4_bx         0x08006c1c        0x0 linker stubs

.iplt           0x08006c1c        0x0
 .iplt          0x08006c1c        0x0 /home/vbolbat/st/stm32cubeide_2.0.0/plugins/com.st.stm32cube.ide.mcu.externaltools.gnu-tools-for-stm32.13.3.rel1.linux64_1.0.100.202509120712/tools/bin/../lib/gcc/arm-none-eabi/13.3.1/thumb/v7-m/nofp/crtbegin.o

.rodata         0x08006c1c       0x24
                0x08006c1c                        . = ALIGN (0x4)
 *(.rodata)
 *(.rodata*)
 .rodata.PLLMulTable
                0x08006c1c        0x9 ./Core/Src/system_stm32l1xx.o
                0x08006c1c                PLLMulTable
 *fill*         0x08006c25        0x3 
 .rodata.AHBPrescTable
                0x08006c28       0x10 ./Core/Src/system_stm32l1xx.o
                0x08006c28                AHBPrescTable
 .rodata.APBPrescTable
                0x08006c38        0x8 ./Core/Src/system_stm32l1xx.o
                0x08006c38                APBPrescTable
                0x08006c40                        . = ALIGN (0x4)

.ARM.extab      0x08006c40        0x0
                0x08006c40                        . = ALIGN (0x4)
 *(.ARM.extab* .gnu.linkonce.armextab.*)
                0x08006c40                        . = ALIGN (0x4)

.ARM            0x08006c40        0x8
                0x08006c40                        . = ALIGN (0x4)
                0x08006c40                        __exidx_start = .
 *(.ARM.exidx*)
 .ARM.exidx     0x08006c40        0x8 /home/vbolbat/st/stm32cubeide_2.0.0/plugins/com.st.stm32cube.ide.mcu.externaltools.gnu-tools-for-stm32.13.3.rel1.linux64_1.0.100.202509120712/tools/bin/../lib/gcc/arm-none-eabi/13.3.1/thumb/v7-m/nofp/libgcc.a(_udivmoddi4.o)
                0x08006c48                        __exidx_end = .
                0x08006c48                        . = ALIGN (0x4)

.preinit_array  0x08006c48        0x0
                0x08006c48                        . = ALIGN (0x4)
                0x08006c48                        PROVIDE (__preinit_array_start = .)
 *(.preinit_array*)
                0x08006c48                        PROVIDE (__preinit_array_end = .)
                0x08006c48                        . = ALIGN (0x4)

.init_array     0x08006c48        0x4
                0x08006c48                        . = ALIGN (0x4)
                0x08006c48                        PROVIDE (__init_array_start = .)
 *(SORT_BY_NAME(.init_array.*))
 *(.init_array*)
 .init_array    0x08006c48        0x4 /home/vbolbat/st/stm32cubeide_2.0.0/plugins/com.st.stm32cube.ide.mcu.externaltools.gnu-tools-for-stm32.13.3.rel1.linux64_1.0.100.202509120712/tools/bin/../lib/gcc/arm-none-eabi/13.3.1/thumb/v7-m/nofp/crtbegin.o
                0x08006c4c                        PROVIDE (__init_array_end = .)
                0x08006c4c                        . = ALIGN (0x4)

.fini_array     0x08006c4c        0x4
                0x08006c4c                        . = ALIGN (0x4)
                [!provide]                        PROVIDE (__fini_array_start = .)
 *(SORT_BY_NAME(.fini_array.*))
 *(.fini_array*)
 .fini_array    0x08006c4c        0x4 /home/vbolbat/st/stm32cubeide_2.0.0/plugins/com.st.stm32cube.ide.mcu.externaltools.gnu-tools-for-stm32.13.3.rel1.linux64_1.0.100.202509120712/tools/bin/../lib/gcc/arm-none-eabi/13.3.1/thumb/v7-m/nofp/crtbegin.o
                [!provide]                        PROVIDE (__fini_array_end = .)
                0x08006c50                        . = ALIGN (0x4)
                0x08006c50                        _sidata = LOADADDR (.data)

.rel.dyn        0x08006c50        0x0
 .rel.iplt      0x08006c50        0x0 /home/vbolbat/st/stm32cubeide_2.0.0/plugins/com.st.stm32cube.ide.mcu.externaltools.gnu-tools-for-stm32.13.3.rel1.linux64_1.0.100.202509120712/tools/bin/../lib/gcc/arm-none-eabi/13.3.1/thumb/v7-m/nofp/crtbegin.o

.data           0x20000000       0x18 load address 0x08006c50
                0x20000000                        . = ALIGN (0x4)
                0x20000000                        _sdata = .
 *(.data)
 *(.data*)
 .data.pulses_per_revolution
                0x20000000        0x1 ./Core/Src/measure_speed_FC33.o
 *fill*         0x20000001        0x3 
 .data.wheel_diameter_cm
                0x20000004        0x4 ./Core/Src/measure_speed_FC33.o
 .data.timer_period_ms
                0x20000008        0x4 ./Core/Src/measure_speed_FC33.o
 .data.SystemCoreClock
                0x2000000c        0x4 ./Core/Src/system_stm32l1xx.o
                0x2000000c                SystemCoreClock
 .data.uwTickPrio
                0x20000010        0x4 ./Drivers/STM32L1xx_HAL_Driver/Src/stm32l1xx_hal.o
                0x20000010                uwTickPrio
 .data.uwTickFreq
                0x20000014        0x4 ./Drivers/STM32L1xx_HAL_Driver/Src/stm32l1xx_hal.o
                0x20000014                uwTickFreq
 *(.RamFunc)
 *(.RamFunc*)
                0x20000018                        . = ALIGN (0x4)
                0x20000018                        _edata = .

.igot.plt       0x20000018        0x0 load address 0x08006c68
 .igot.plt      0x20000018        0x0 /home/vbolbat/st/stm32cubeide_2.0.0/plugins/com.st.stm32cube.ide.mcu.externaltools.gnu-tools-for-stm32.13.3.rel1.linux64_1.0.100.202509120712/tools/bin/../lib/gcc/arm-none-eabi/13.3.1/thumb/v7-m/nofp/crtbegin.o
                0x20000018                        . = ALIGN (0x4)

.bss            0x20000018      0x4fc load address 0x08006c68
                0x20000018                        _sbss = .
                0x20000018                        __bss_start__ = _sbss
 *(.bss)
 .bss           0x20000018       0x1c /home/vbolbat/st/stm32cubeide_2.0.0/plugins/com.st.stm32cube.ide.mcu.externaltools.gnu-tools-for-stm32.13.3.rel1.linux64_1.0.100.202509120712/tools/bin/../lib/gcc/arm-none-eabi/13.3.1/thumb/v7-m/nofp/crtbegin.o
 *(.bss*)
 .bss.msgBuffer
                0x20000034        0x4 ./Core/Src/VL53L0X.o
 .bss.i2cStat   0x20000038        0x1 ./Core/Src/VL53L0X.o
 *fill*         0x20000039        0x3 
 .bss.temp_var.0
                0x2000003c        0x4 ./Core/Src/esc.o
 .bss.log_buf   0x20000040       0x80 ./Core/Src/logger.o
                0x20000040                log_buf
 .bss.log_pointer
                0x200000c0        0x4 ./Core/Src/logger.o
                0x200000c0                log_pointer
 .bss.logged_errors_obj
                0x200000c4        0x4 ./Core/Src/logger.o
                0x200000c4                logged_errors_obj
 .bss.hi2c1     0x200000c8       0x54 ./Core/Src/main.o
                0x200000c8                hi2c1
 .bss.hi2c2     0x2000011c       0x54 ./Core/Src/main.o
                0x2000011c                hi2c2
 .bss.htim2     0x20000170       0x40 ./Core/Src/main.o
                0x20000170                htim2
 .bss.htim3     0x200001b0       0x40 ./Core/Src/main.o
                0x200001b0                htim3
 .bss.htim4     0x200001f0       0x40 ./Core/Src/main.o
                0x200001f0                htim4
 .bss.htim5     0x20000230       0x40 ./Core/Src/main.o
                0x20000230                htim5
 .bss.htim6     0x20000270       0x40 ./Core/Src/main.o
                0x20000270                htim6
 .bss.huart1    0x200002b0       0x48 ./Core/Src/main.o
                0x200002b0                huart1
 .bss.huart2    0x200002f8       0x48 ./Core/Src/main.o
                0x200002f8                huart2
 .bss.esc_struct
                0x20000340        0x8 ./Core/Src/main.o
                0x20000340                esc_struct
 .bss.mpu6050_struct
                0x20000348       0x58 ./Core/Src/main.o
                0x20000348                mpu6050_struct
 .bss.sensor1   0x200003a0       0x18 ./Core/Src/main.o
                0x200003a0                sensor1
 .bss.sensor2   0x200003b8       0x18 ./Core/Src/main.o
                0x200003b8                sensor2
 .bss.distanceStr1
                0x200003d0        0xa ./Core/Src/main.o
                0x200003d0                distanceStr1
 *fill*         0x200003da        0x2 
 .bss.distanceStr2
                0x200003dc        0xa ./Core/Src/main.o
                0x200003dc                distanceStr2
 *fill*         0x200003e6        0x2 
 .bss.speed_calibration_buffer
                0x200003e8        0x2 ./Core/Src/main.o
                0x200003e8                speed_calibration_buffer
 *fill*         0x200003ea        0x2 
 .bss.pulses_count
                0x200003ec        0x4 ./Core/Src/measure_speed_FC33.o
 .bss.last_pulses
                0x200003f0        0x4 ./Core/Src/measure_speed_FC33.o
 .bss.last_speed_сmps
                0x200003f4        0x4 ./Core/Src/measure_speed_FC33.o
 .bss.last_exti_time
                0x200003f8        0x4 ./Core/Src/measure_speed_FC33.o
 .bss.cmd_state
                0x200003fc        0xe ./Core/Src/usart1_callbacks.o
                0x200003fc                cmd_state
 .bss.sync_count
                0x2000040a        0x1 ./Core/Src/usart1_callbacks.o
                0x2000040a                sync_count
 .bss.rx_byte   0x2000040b        0x1 ./Core/Src/usart1_callbacks.o
                0x2000040b                rx_byte
 .bss.packet    0x2000040c      0x100 ./Core/Src/usart1_callbacks.o
 .bss.packet_idx
                0x2000050c        0x1 ./Core/Src/usart1_callbacks.o
 *fill*         0x2000050d        0x3 
 .bss.uwTick    0x20000510        0x4 ./Drivers/STM32L1xx_HAL_Driver/Src/stm32l1xx_hal.o
                0x20000510                uwTick
 *(COMMON)
                0x20000514                        . = ALIGN (0x4)
                0x20000514                        _ebss = .
                0x20000514                        __bss_end__ = _ebss

._user_heap_stack
                0x20000514      0x604 load address 0x08006c68
                0x20000518                        . = ALIGN (0x8)
 *fill*         0x20000514        0x4 
                [!provide]                        PROVIDE (end = .)
                0x20000518                        PROVIDE (_end = .)
                0x20000718                        . = (. + _Min_Heap_Size)
 *fill*         0x20000518      0x200 
                0x20000b18                        . = (. + _Min_Stack_Size)
 *fill*         0x20000718      0x400 
                0x20000b18                        . = ALIGN (0x8)

/DISCARD/
 libc.a(*)
 libm.a(*)
 libgcc.a(*)

.ARM.attributes
                0x00000000       0x29
 *(.ARM.attributes)
 .ARM.attributes
                0x00000000       0x1d /home/vbolbat/st/stm32cubeide_2.0.0/plugins/com.st.stm32cube.ide.mcu.externaltools.gnu-tools-for-stm32.13.3.rel1.linux64_1.0.100.202509120712/tools/bin/../lib/gcc/arm-none-eabi/13.3.1/thumb/v7-m/nofp/crti.o
 .ARM.attributes
                0x0000001d       0x2d /home/vbolbat/st/stm32cubeide_2.0.0/plugins/com.st.stm32cube.ide.mcu.externaltools.gnu-tools-for-stm32.13.3.rel1.linux64_1.0.100.202509120712/tools/bin/../lib/gcc/arm-none-eabi/13.3.1/thumb/v7-m/nofp/crtbegin.o
 .ARM.attributes
                0x0000004a       0x2d ./Core/Src/VL53L0X.o
 .ARM.attributes
                0x00000077       0x2d ./Core/Src/esc.o
 .ARM.attributes
                0x000000a4       0x2d ./Core/Src/logger.o
 .ARM.attributes
                0x000000d1       0x2d ./Core/Src/main.o
 .ARM.attributes
                0x000000fe       0x2d ./Core/Src/measure_speed_FC33.o
 .ARM.attributes
                0x0000012b       0x2d ./Core/Src/mpu6050.o
 .ARM.attributes
                0x00000158       0x2d ./Core/Src/steering_servo.o
 .ARM.attributes
                0x00000185       0x2d ./Core/Src/stm32l1xx_hal_msp.o
 .ARM.attributes
                0x000001b2       0x2d ./Core/Src/stm32l1xx_it.o
 .ARM.attributes
                0x000001df       0x2d ./Core/Src/system_stm32l1xx.o
 .ARM.attributes
                0x0000020c       0x2d ./Core/Src/usart1_callbacks.o
 .ARM.attributes
                0x00000239       0x21 ./Core/Startup/startup_stm32l151cctx.o
 .ARM.attributes
                0x0000025a       0x2d ./Drivers/STM32L1xx_HAL_Driver/Src/stm32l1xx_hal.o
 .ARM.attributes
                0x00000287       0x2d ./Drivers/STM32L1xx_HAL_Driver/Src/stm32l1xx_hal_cortex.o
 .ARM.attributes
                0x000002b4       0x2d ./Drivers/STM32L1xx_HAL_Driver/Src/stm32l1xx_hal_dma.o
 .ARM.attributes
                0x000002e1       0x2d ./Drivers/STM32L1xx_HAL_Driver/Src/stm32l1xx_hal_gpio.o
 .ARM.attributes
                0x0000030e       0x2d ./Drivers/STM32L1xx_HAL_Driver/Src/stm32l1xx_hal_i2c.o
 .ARM.attributes
                0x0000033b       0x2d ./Drivers/STM32L1xx_HAL_Driver/Src/stm32l1xx_hal_rcc.o
 .ARM.attributes
                0x00000368       0x2d ./Drivers/STM32L1xx_HAL_Driver/Src/stm32l1xx_hal_tim.o
 .ARM.attributes
                0x00000395       0x2d ./Drivers/STM32L1xx_HAL_Driver/Src/stm32l1xx_hal_tim_ex.o
 .ARM.attributes
                0x000003c2       0x2d ./Drivers/STM32L1xx_HAL_Driver/Src/stm32l1xx_hal_uart.o
 .ARM.attributes
                0x000003ef       0x2d /home/vbolbat/st/stm32cubeide_2.0.0/plugins/com.st.stm32cube.ide.mcu.externaltools.gnu-tools-for-stm32.13.3.rel1.linux64_1.0.100.202509120712/tools/bin/../lib/gcc/arm-none-eabi/13.3.1/../../../../arm-none-eabi/lib/thumb/v7-m/nofp/libc_nano.a(libc_a-memset.o)
 .ARM.attributes
                0x0000041c       0x2d /home/vbolbat/st/stm32cubeide_2.0.0/plugins/com.st.stm32cube.ide.mcu.externaltools.gnu-tools-for-stm32.13.3.rel1.linux64_1.0.100.202509120712/tools/bin/../lib/gcc/arm-none-eabi/13.3.1/../../../../arm-none-eabi/lib/thumb/v7-m/nofp/libc_nano.a(libc_a-init.o)
 .ARM.attributes
                0x00000449       0x1d /home/vbolbat/st/stm32cubeide_2.0.0/plugins/com.st.stm32cube.ide.mcu.externaltools.gnu-tools-for-stm32.13.3.rel1.linux64_1.0.100.202509120712/tools/bin/../lib/gcc/arm-none-eabi/13.3.1/thumb/v7-m/nofp/libgcc.a(_arm_addsubdf3.o)
 .ARM.attributes
                0x00000466       0x1d /home/vbolbat/st/stm32cubeide_2.0.0/plugins/com.st.stm32cube.ide.mcu.externaltools.gnu-tools-for-stm32.13.3.rel1.linux64_1.0.100.202509120712/tools/bin/../lib/gcc/arm-none-eabi/13.3.1/thumb/v7-m/nofp/libgcc.a(_arm_muldivdf3.o)
 .ARM.attributes
                0x00000483       0x1d /home/vbolbat/st/stm32cubeide_2.0.0/plugins/com.st.stm32cube.ide.mcu.externaltools.gnu-tools-for-stm32.13.3.rel1.linux64_1.0.100.202509120712/tools/bin/../lib/gcc/arm-none-eabi/13.3.1/thumb/v7-m/nofp/libgcc.a(_arm_truncdfsf2.o)
 .ARM.attributes
                0x000004a0       0x1d /home/vbolbat/st/stm32cubeide_2.0.0/plugins/com.st.stm32cube.ide.mcu.externaltools.gnu-tools-for-stm32.13.3.rel1.linux64_1.0.100.202509120712/tools/bin/../lib/gcc/arm-none-eabi/13.3.1/thumb/v7-m/nofp/libgcc.a(_arm_addsubsf3.o)
 .ARM.attributes
                0x000004bd       0x1d /home/vbolbat/st/stm32cubeide_2.0.0/plugins/com.st.stm32cube.ide.mcu.externaltools.gnu-tools-for-stm32.13.3.rel1.linux64_1.0.100.202509120712/tools/bin/../lib/gcc/arm-none-eabi/13.3.1/thumb/v7-m/nofp/libgcc.a(_arm_muldivsf3.o)
 .ARM.attributes
                0x000004da       0x1d /home/vbolbat/st/stm32cubeide_2.0.0/plugins/com.st.stm32cube.ide.mcu.externaltools.gnu-tools-for-stm32.13.3.rel1.linux64_1.0.100.202509120712/tools/bin/../lib/gcc/arm-none-eabi/13.3.1/thumb/v7-m/nofp/libgcc.a(_arm_fixunssfsi.o)
 .ARM.attributes
                0x000004f7       0x1d /home/vbolbat/st/stm32cubeide_2.0.0/plugins/com.st.stm32cube.ide.mcu.externaltools.gnu-tools-for-stm32.13.3.rel1.linux64_1.0.100.202509120712/tools/bin/../lib/gcc/arm-none-eabi/13.3.1/thumb/v7-m/nofp/libgcc.a(_aeabi_uldivmod.o)
 .ARM.attributes
                0x00000514       0x2d /home/vbolbat/st/stm32cubeide_2.0.0/plugins/com.st.stm32cube.ide.mcu.externaltools.gnu-tools-for-stm32.13.3.rel1.linux64_1.0.100.202509120712/tools/bin/../lib/gcc/arm-none-eabi/13.3.1/thumb/v7-m/nofp/libgcc.a(_udivmoddi4.o)
 .ARM.attributes
                0x00000541       0x1d /home/vbolbat/st/stm32cubeide_2.0.0/plugins/com.st.stm32cube.ide.mcu.externaltools.gnu-tools-for-stm32.13.3.rel1.linux64_1.0.100.202509120712/tools/bin/../lib/gcc/arm-none-eabi/13.3.1/thumb/v7-m/nofp/libgcc.a(_dvmd_tls.o)
 .ARM.attributes
                0x0000055e       0x1d /home/vbolbat/st/stm32cubeide_2.0.0/plugins/com.st.stm32cube.ide.mcu.externaltools.gnu-tools-for-stm32.13.3.rel1.linux64_1.0.100.202509120712/tools/bin/../lib/gcc/arm-none-eabi/13.3.1/thumb/v7-m/nofp/crtn.o
OUTPUT(rc-car-release.elf elf32-littlearm)
LOAD linker stubs
LOAD /home/vbolbat/st/stm32cubeide_2.0.0/plugins/com.st.stm32cube.ide.mcu.externaltools.gnu-tools-for-stm32.13.3.rel1.linux64_1.0.100.202509120712/tools/bin/../lib/gcc/arm-none-eabi/13.3.1/../../../../arm-none-eabi/lib/thumb/v7-m/nofp/libc.a
LOAD /home/vbolbat/st/stm32cubeide_2.0.0/plugins/com.st.stm32cube.ide.mcu.externaltools.gnu-tools-for-stm32.13.3.rel1.linux64_1.0.100.202509120712/tools/bin/../lib/gcc/arm-none-eabi/13.3.1/../../../../arm-none-eabi/lib/thumb/v7-m/nofp/libm.a
LOAD /home/vbolbat/st/stm32cubeide_2.0.0/plugins/com.st.stm32cube.ide.mcu.externaltools.gnu-tools-for-stm32.13.3.rel1.linux64_1.0.100.202509120712/tools/bin/../lib/gcc/arm-none-eabi/13.3.1/thumb/v7-m/nofp/libgcc.a

.debug_info     0x00000000    0x12348
 .debug_info    0x00000000     0x13e5 ./Core/Src/VL53L0X.o
 .debug_info    0x000013e5      0x722 ./Core/Src/esc.o
 .debug_info    0x00001b07      0x1da ./Core/Src/logger.o
 .debug_info    0x00001ce1     0x1a56 ./Core/Src/main.o
 .debug_info    0x00003737      0x20f ./Core/Src/measure_speed_FC33.o
 .debug_info    0x00003946      0xaf1 ./Core/Src/mpu6050.o
 .debug_info    0x00004437      0x719 ./Core/Src/steering_servo.o
 .debug_info    0x00004b50     0x11e6 ./Core/Src/stm32l1xx_hal_msp.o
 .debug_info    0x00005d36      0xa0a ./Core/Src/stm32l1xx_it.o
 .debug_info    0x00006740      0x27c ./Core/Src/system_stm32l1xx.o
 .debug_info    0x000069bc      0xe99 ./Core/Src/usart1_callbacks.o
 .debug_info    0x00007855       0x30 ./Core/Startup/startup_stm32l151cctx.o
 .debug_info    0x00007885      0x6dd ./Drivers/STM32L1xx_HAL_Driver/Src/stm32l1xx_hal.o
 .debug_info    0x00007f62      0xcd3 ./Drivers/STM32L1xx_HAL_Driver/Src/stm32l1xx_hal_cortex.o
 .debug_info    0x00008c35      0x6e1 ./Drivers/STM32L1xx_HAL_Driver/Src/stm32l1xx_hal_dma.o
 .debug_info    0x00009316      0x5a6 ./Drivers/STM32L1xx_HAL_Driver/Src/stm32l1xx_hal_gpio.o
 .debug_info    0x000098bc     0x23b6 ./Drivers/STM32L1xx_HAL_Driver/Src/stm32l1xx_hal_i2c.o
 .debug_info    0x0000bc72      0x971 ./Drivers/STM32L1xx_HAL_Driver/Src/stm32l1xx_hal_rcc.o
 .debug_info    0x0000c5e3     0x27cc ./Drivers/STM32L1xx_HAL_Driver/Src/stm32l1xx_hal_tim.o
 .debug_info    0x0000edaf      0x6a7 ./Drivers/STM32L1xx_HAL_Driver/Src/stm32l1xx_hal_tim_ex.o
 .debug_info    0x0000f456     0x2ef2 ./Drivers/STM32L1xx_HAL_Driver/Src/stm32l1xx_hal_uart.o

.debug_abbrev   0x00000000     0x2b6a
 .debug_abbrev  0x00000000      0x322 ./Core/Src/VL53L0X.o
 .debug_abbrev  0x00000322      0x21a ./Core/Src/esc.o
 .debug_abbrev  0x0000053c      0x12c ./Core/Src/logger.o
 .debug_abbrev  0x00000668      0x2d4 ./Core/Src/main.o
 .debug_abbrev  0x0000093c       0xe4 ./Core/Src/measure_speed_FC33.o
 .debug_abbrev  0x00000a20      0x234 ./Core/Src/mpu6050.o
 .debug_abbrev  0x00000c54      0x1cb ./Core/Src/steering_servo.o
 .debug_abbrev  0x00000e1f      0x203 ./Core/Src/stm32l1xx_hal_msp.o
 .debug_abbrev  0x00001022      0x1d6 ./Core/Src/stm32l1xx_it.o
 .debug_abbrev  0x000011f8      0x11c ./Core/Src/system_stm32l1xx.o
 .debug_abbrev  0x00001314      0x26e ./Core/Src/usart1_callbacks.o
 .debug_abbrev  0x00001582       0x24 ./Core/Startup/startup_stm32l151cctx.o
 .debug_abbrev  0x000015a6      0x275 ./Drivers/STM32L1xx_HAL_Driver/Src/stm32l1xx_hal.o
 .debug_abbrev  0x0000181b      0x31c ./Drivers/STM32L1xx_HAL_Driver/Src/stm32l1xx_hal_cortex.o
 .debug_abbrev  0x00001b37      0x20e ./Drivers/STM32L1xx_HAL_Driver/Src/stm32l1xx_hal_dma.o
 .debug_abbrev  0x00001d45      0x1d4 ./Drivers/STM32L1xx_HAL_Driver/Src/stm32l1xx_hal_gpio.o
 .debug_abbrev  0x00001f19      0x2a9 ./Drivers/STM32L1xx_HAL_Driver/Src/stm32l1xx_hal_i2c.o
 .debug_abbrev  0x000021c2      0x2b8 ./Drivers/STM32L1xx_HAL_Driver/Src/stm32l1xx_hal_rcc.o
 .debug_abbrev  0x0000247a      0x26f ./Drivers/STM32L1xx_HAL_Driver/Src/stm32l1xx_hal_tim.o
 .debug_abbrev  0x000026e9      0x179 ./Drivers/STM32L1xx_HAL_Driver/Src/stm32l1xx_hal_tim_ex.o
 .debug_abbrev  0x00002862      0x308 ./Drivers/STM32L1xx_HAL_Driver/Src/stm32l1xx_hal_uart.o

.debug_aranges  0x00000000     0x1060
 .debug_aranges
                0x00000000      0x118 ./Core/Src/VL53L0X.o
 .debug_aranges
                0x00000118       0x38 ./Core/Src/esc.o
 .debug_aranges
                0x00000150       0x38 ./Core/Src/logger.o
 .debug_aranges
                0x00000188       0x88 ./Core/Src/main.o
 .debug_aranges
                0x00000210       0x40 ./Core/Src/measure_speed_FC33.o
 .debug_aranges
                0x00000250       0x50 ./Core/Src/mpu6050.o
 .debug_aranges
                0x000002a0       0x28 ./Core/Src/steering_servo.o
 .debug_aranges
                0x000002c8       0x58 ./Core/Src/stm32l1xx_hal_msp.o
 .debug_aranges
                0x00000320       0x88 ./Core/Src/stm32l1xx_it.o
 .debug_aranges
                0x000003a8       0x28 ./Core/Src/system_stm32l1xx.o
 .debug_aranges
                0x000003d0       0x50 ./Core/Src/usart1_callbacks.o
 .debug_aranges
                0x00000420       0x28 ./Core/Startup/startup_stm32l151cctx.o
 .debug_aranges
                0x00000448       0xe0 ./Drivers/STM32L1xx_HAL_Driver/Src/stm32l1xx_hal.o
 .debug_aranges
                0x00000528      0x128 ./Drivers/STM32L1xx_HAL_Driver/Src/stm32l1xx_hal_cortex.o
 .debug_aranges
                0x00000650       0x80 ./Drivers/STM32L1xx_HAL_Driver/Src/stm32l1xx_hal_dma.o
 .debug_aranges
                0x000006d0       0x58 ./Drivers/STM32L1xx_HAL_Driver/Src/stm32l1xx_hal_gpio.o
 .debug_aranges
                0x00000728      0x2a8 ./Drivers/STM32L1xx_HAL_Driver/Src/stm32l1xx_hal_i2c.o
 .debug_aranges
                0x000009d0       0x90 ./Drivers/STM32L1xx_HAL_Driver/Src/stm32l1xx_hal_rcc.o
 .debug_aranges
                0x00000a60      0x3d0 ./Drivers/STM32L1xx_HAL_Driver/Src/stm32l1xx_hal_tim.o
 .debug_aranges
                0x00000e30       0x28 ./Drivers/STM32L1xx_HAL_Driver/Src/stm32l1xx_hal_tim_ex.o
 .debug_aranges
                0x00000e58      0x208 ./Drivers/STM32L1xx_HAL_Driver/Src/stm32l1xx_hal_uart.o

.debug_rnglists
                0x00000000      0xcc0
 .debug_rnglists
                0x00000000       0xd6 ./Core/Src/VL53L0X.o
 .debug_rnglists
                0x000000d6       0x27 ./Core/Src/esc.o
 .debug_rnglists
                0x000000fd       0x25 ./Core/Src/logger.o
 .debug_rnglists
                0x00000122       0x68 ./Core/Src/main.o
 .debug_rnglists
                0x0000018a       0x2c ./Core/Src/measure_speed_FC33.o
 .debug_rnglists
                0x000001b6       0x3c ./Core/Src/mpu6050.o
 .debug_rnglists
                0x000001f2       0x19 ./Core/Src/steering_servo.o
 .debug_rnglists
                0x0000020b       0x42 ./Core/Src/stm32l1xx_hal_msp.o
 .debug_rnglists
                0x0000024d       0x61 ./Core/Src/stm32l1xx_it.o
 .debug_rnglists
                0x000002ae       0x1a ./Core/Src/system_stm32l1xx.o
 .debug_rnglists
                0x000002c8       0x3a ./Core/Src/usart1_callbacks.o
 .debug_rnglists
                0x00000302       0x19 ./Core/Startup/startup_stm32l151cctx.o
 .debug_rnglists
                0x0000031b       0xa3 ./Drivers/STM32L1xx_HAL_Driver/Src/stm32l1xx_hal.o
 .debug_rnglists
                0x000003be       0xd9 ./Drivers/STM32L1xx_HAL_Driver/Src/stm32l1xx_hal_cortex.o
 .debug_rnglists
                0x00000497       0x64 ./Drivers/STM32L1xx_HAL_Driver/Src/stm32l1xx_hal_dma.o
 .debug_rnglists
                0x000004fb       0x3f ./Drivers/STM32L1xx_HAL_Driver/Src/stm32l1xx_hal_gpio.o
 .debug_rnglists
                0x0000053a      0x23c ./Drivers/STM32L1xx_HAL_Driver/Src/stm32l1xx_hal_i2c.o
 .debug_rnglists
                0x00000776       0x6d ./Drivers/STM32L1xx_HAL_Driver/Src/stm32l1xx_hal_rcc.o
 .debug_rnglists
                0x000007e3      0x307 ./Drivers/STM32L1xx_HAL_Driver/Src/stm32l1xx_hal_tim.o
 .debug_rnglists
                0x00000aea       0x1a ./Drivers/STM32L1xx_HAL_Driver/Src/stm32l1xx_hal_tim_ex.o
 .debug_rnglists
                0x00000b04      0x1bc ./Drivers/STM32L1xx_HAL_Driver/Src/stm32l1xx_hal_uart.o

.debug_macro    0x00000000    0x16f3b
 .debug_macro   0x00000000      0x2b4 ./Core/Src/VL53L0X.o
 .debug_macro   0x000002b4      0xacc ./Core/Src/VL53L0X.o
 .debug_macro   0x00000d80       0x22 ./Core/Src/VL53L0X.o
 .debug_macro   0x00000da2       0x8e ./Core/Src/VL53L0X.o
 .debug_macro   0x00000e30       0x51 ./Core/Src/VL53L0X.o
 .debug_macro   0x00000e81      0x103 ./Core/Src/VL53L0X.o
 .debug_macro   0x00000f84       0x6a ./Core/Src/VL53L0X.o
 .debug_macro   0x00000fee      0x1df ./Core/Src/VL53L0X.o
 .debug_macro   0x000011cd       0x61 ./Core/Src/VL53L0X.o
 .debug_macro   0x0000122e       0x24 ./Core/Src/VL53L0X.o
 .debug_macro   0x00001252       0x43 ./Core/Src/VL53L0X.o
 .debug_macro   0x00001295       0x34 ./Core/Src/VL53L0X.o
 .debug_macro   0x000012c9      0x190 ./Core/Src/VL53L0X.o
 .debug_macro   0x00001459      0x370 ./Core/Src/VL53L0X.o
 .debug_macro   0x000017c9       0x16 ./Core/Src/VL53L0X.o
 .debug_macro   0x000017df       0x4a ./Core/Src/VL53L0X.o
 .debug_macro   0x00001829       0x34 ./Core/Src/VL53L0X.o
 .debug_macro   0x0000185d       0x10 ./Core/Src/VL53L0X.o
 .debug_macro   0x0000186d       0x58 ./Core/Src/VL53L0X.o
 .debug_macro   0x000018c5       0x8e ./Core/Src/VL53L0X.o
 .debug_macro   0x00001953       0x1c ./Core/Src/VL53L0X.o
 .debug_macro   0x0000196f      0x185 ./Core/Src/VL53L0X.o
 .debug_macro   0x00001af4       0x10 ./Core/Src/VL53L0X.o
 .debug_macro   0x00001b04       0x3c ./Core/Src/VL53L0X.o
 .debug_macro   0x00001b40       0x20 ./Core/Src/VL53L0X.o
 .debug_macro   0x00001b60      0x115 ./Core/Src/VL53L0X.o
 .debug_macro   0x00001c75       0x2e ./Core/Src/VL53L0X.o
 .debug_macro   0x00001ca3       0x22 ./Core/Src/VL53L0X.o
 .debug_macro   0x00001cc5       0x1c ./Core/Src/VL53L0X.o
 .debug_macro   0x00001ce1       0x22 ./Core/Src/VL53L0X.o
 .debug_macro   0x00001d03       0xbd ./Core/Src/VL53L0X.o
 .debug_macro   0x00001dc0      0xe49 ./Core/Src/VL53L0X.o
 .debug_macro   0x00002c09      0x11f ./Core/Src/VL53L0X.o
 .debug_macro   0x00002d28     0xb17a ./Core/Src/VL53L0X.o
 .debug_macro   0x0000dea2       0x6d ./Core/Src/VL53L0X.o
 .debug_macro   0x0000df0f     0x34e1 ./Core/Src/VL53L0X.o
 .debug_macro   0x000113f0       0x55 ./Core/Src/VL53L0X.o
 .debug_macro   0x00011445      0xe37 ./Core/Src/VL53L0X.o
 .debug_macro   0x0001227c      0x1e2 ./Core/Src/VL53L0X.o
 .debug_macro   0x0001245e      0x1b8 ./Core/Src/VL53L0X.o
 .debug_macro   0x00012616       0xb3 ./Core/Src/VL53L0X.o
 .debug_macro   0x000126c9      0x21e ./Core/Src/VL53L0X.o
 .debug_macro   0x000128e7      0x236 ./Core/Src/VL53L0X.o
 .debug_macro   0x00012b1d      0x11c ./Core/Src/VL53L0X.o
 .debug_macro   0x00012c39      0x56e ./Core/Src/VL53L0X.o
 .debug_macro   0x000131a7      0x287 ./Core/Src/VL53L0X.o
 .debug_macro   0x0001342e      0x1e9 ./Core/Src/VL53L0X.o
 .debug_macro   0x00013617       0x22 ./Core/Src/VL53L0X.o
 .debug_macro   0x00013639      0x788 ./Core/Src/VL53L0X.o
 .debug_macro   0x00013dc1       0xac ./Core/Src/VL53L0X.o
 .debug_macro   0x00013e6d      0x2aa ./Core/Src/VL53L0X.o
 .debug_macro   0x00014117      0x162 ./Core/Src/VL53L0X.o
 .debug_macro   0x00014279      0x3ff ./Core/Src/VL53L0X.o
 .debug_macro   0x00014678       0x34 ./Core/Src/VL53L0X.o
 .debug_macro   0x000146ac       0x1c ./Core/Src/VL53L0X.o
 .debug_macro   0x000146c8       0x8e ./Core/Src/VL53L0X.o
 .debug_macro   0x00014756      0x2c9 ./Core/Src/esc.o
 .debug_macro   0x00014a1f      0x1d9 ./Core/Src/logger.o
 .debug_macro   0x00014bf8      0x2fb ./Core/Src/main.o
 .debug_macro   0x00014ef3      0x1bd ./Core/Src/measure_speed_FC33.o
 .debug_macro   0x000150b0      0x2c2 ./Core/Src/mpu6050.o
 .debug_macro   0x00015372      0x19b ./Core/Src/mpu6050.o
 .debug_macro   0x0001550d      0x1ed ./Core/Src/steering_servo.o
 .debug_macro   0x000156fa      0x1c8 ./Core/Src/stm32l1xx_hal_msp.o
 .debug_macro   0x000158c2      0x1dc ./Core/Src/stm32l1xx_it.o
 .debug_macro   0x00015a9e      0x1b9 ./Core/Src/system_stm32l1xx.o
 .debug_macro   0x00015c57      0x2d6 ./Core/Src/usart1_callbacks.o
 .debug_macro   0x00015f2d      0x1dd ./Drivers/STM32L1xx_HAL_Driver/Src/stm32l1xx_hal.o
 .debug_macro   0x0001610a      0x1b9 ./Drivers/STM32L1xx_HAL_Driver/Src/stm32l1xx_hal_cortex.o
 .debug_macro   0x000162c3      0x1b9 ./Drivers/STM32L1xx_HAL_Driver/Src/stm32l1xx_hal_dma.o
 .debug_macro   0x0001647c      0x1c0 ./Drivers/STM32L1xx_HAL_Driver/Src/stm32l1xx_hal_gpio.o
 .debug_macro   0x0001663c      0x207 ./Drivers/STM32L1xx_HAL_Driver/Src/stm32l1xx_hal_i2c.o
 .debug_macro   0x00016843      0x1cb ./Drivers/STM32L1xx_HAL_Driver/Src/stm32l1xx_hal_rcc.o
 .debug_macro   0x00016a0e      0x1ba ./Drivers/STM32L1xx_HAL_Driver/Src/stm32l1xx_hal_tim.o
 .debug_macro   0x00016bc8      0x1b9 ./Drivers/STM32L1xx_HAL_Driver/Src/stm32l1xx_hal_tim_ex.o
 .debug_macro   0x00016d81      0x1ba ./Drivers/STM32L1xx_HAL_Driver/Src/stm32l1xx_hal_uart.o

.debug_line     0x00000000    0x13cd2
 .debug_line    0x00000000     0x1215 ./Core/Src/VL53L0X.o
 .debug_line    0x00001215      0x8c5 ./Core/Src/esc.o
 .debug_line    0x00001ada      0x729 ./Core/Src/logger.o
 .debug_line    0x00002203      0xccc ./Core/Src/main.o
 .debug_line    0x00002ecf      0x764 ./Core/Src/measure_speed_FC33.o
 .debug_line    0x00003633      0xb77 ./Core/Src/mpu6050.o
 .debug_line    0x000041aa      0x714 ./Core/Src/steering_servo.o
 .debug_line    0x000048be      0x8e5 ./Core/Src/stm32l1xx_hal_msp.o
 .debug_line    0x000051a3      0x7f1 ./Core/Src/stm32l1xx_it.o
 .debug_line    0x00005994      0x751 ./Core/Src/system_stm32l1xx.o
 .debug_line    0x000060e5      0xb49 ./Core/Src/usart1_callbacks.o
 .debug_line    0x00006c2e       0x79 ./Core/Startup/startup_stm32l151cctx.o
 .debug_line    0x00006ca7      0x97c ./Drivers/STM32L1xx_HAL_Driver/Src/stm32l1xx_hal.o
 .debug_line    0x00007623      0xc4b ./Drivers/STM32L1xx_HAL_Driver/Src/stm32l1xx_hal_cortex.o
 .debug_line    0x0000826e      0xbe2 ./Drivers/STM32L1xx_HAL_Driver/Src/stm32l1xx_hal_dma.o
 .debug_line    0x00008e50      0x998 ./Drivers/STM32L1xx_HAL_Driver/Src/stm32l1xx_hal_gpio.o
 .debug_line    0x000097e8     0x39f0 ./Drivers/STM32L1xx_HAL_Driver/Src/stm32l1xx_hal_i2c.o
 .debug_line    0x0000d1d8      0xf3f ./Drivers/STM32L1xx_HAL_Driver/Src/stm32l1xx_hal_rcc.o
 .debug_line    0x0000e117     0x2fa1 ./Drivers/STM32L1xx_HAL_Driver/Src/stm32l1xx_hal_tim.o
 .debug_line    0x000110b8      0x749 ./Drivers/STM32L1xx_HAL_Driver/Src/stm32l1xx_hal_tim_ex.o
 .debug_line    0x00011801     0x24d1 ./Drivers/STM32L1xx_HAL_Driver/Src/stm32l1xx_hal_uart.o

.debug_str      0x00000000    0x8d151
 .debug_str     0x00000000    0x8d151 ./Core/Src/VL53L0X.o
                              0x882ab (size before relaxing)
 .debug_str     0x0008d151        0x0 ./Core/Src/esc.o
                              0x87a52 (size before relaxing)
 .debug_str     0x0008d151        0x0 ./Core/Src/logger.o
                              0x83dc4 (size before relaxing)
 .debug_str     0x0008d151        0x0 ./Core/Src/main.o
                              0x886d9 (size before relaxing)
 .debug_str     0x0008d151        0x0 ./Core/Src/measure_speed_FC33.o
                              0x83c66 (size before relaxing)
 .debug_str     0x0008d151        0x0 ./Core/Src/mpu6050.o
                              0x87e50 (size before relaxing)
 .debug_str     0x0008d151        0x0 ./Core/Src/steering_servo.o
                              0x84317 (size before relaxing)
 .debug_str     0x0008d151        0x0 ./Core/Src/stm32l1xx_hal_msp.o
                              0x84979 (size before relaxing)
 .debug_str     0x0008d151        0x0 ./Core/Src/stm32l1xx_it.o
                              0x843b5 (size before relaxing)
 .debug_str     0x0008d151        0x0 ./Core/Src/system_stm32l1xx.o
                              0x83bca (size before relaxing)
 .debug_str     0x0008d151        0x0 ./Core/Src/usart1_callbacks.o
                              0x87c14 (size before relaxing)
 .debug_str     0x0008d151        0x0 ./Core/Startup/startup_stm32l151cctx.o
                                 0x89 (size before relaxing)
 .debug_str     0x0008d151        0x0 ./Drivers/STM32L1xx_HAL_Driver/Src/stm32l1xx_hal.o
                              0x842d3 (size before relaxing)
 .debug_str     0x0008d151        0x0 ./Drivers/STM32L1xx_HAL_Driver/Src/stm32l1xx_hal_cortex.o
                              0x843df (size before relaxing)
 .debug_str     0x0008d151        0x0 ./Drivers/STM32L1xx_HAL_Driver/Src/stm32l1xx_hal_dma.o
                              0x83f4f (size before relaxing)
 .debug_str     0x0008d151        0x0 ./Drivers/STM32L1xx_HAL_Driver/Src/stm32l1xx_hal_gpio.o
                              0x83d5d (size before relaxing)
 .debug_str     0x0008d151        0x0 ./Drivers/STM32L1xx_HAL_Driver/Src/stm32l1xx_hal_i2c.o
                              0x84c3b (size before relaxing)
 .debug_str     0x0008d151        0x0 ./Drivers/STM32L1xx_HAL_Driver/Src/stm32l1xx_hal_rcc.o
                              0x8407a (size before relaxing)
 .debug_str     0x0008d151        0x0 ./Drivers/STM32L1xx_HAL_Driver/Src/stm32l1xx_hal_tim.o
                              0x84ecd (size before relaxing)
 .debug_str     0x0008d151        0x0 ./Drivers/STM32L1xx_HAL_Driver/Src/stm32l1xx_hal_tim_ex.o
                              0x84072 (size before relaxing)
 .debug_str     0x0008d151        0x0 ./Drivers/STM32L1xx_HAL_Driver/Src/stm32l1xx_hal_uart.o
                              0x8462f (size before relaxing)

.comment        0x00000000       0x43
 .comment       0x00000000       0x43 ./Core/Src/VL53L0X.o
                                 0x44 (size before relaxing)
 .comment       0x00000043        0x0 ./Core/Src/esc.o
                                 0x44 (size before relaxing)
 .comment       0x00000043        0x0 ./Core/Src/logger.o
                                 0x44 (size before relaxing)
 .comment       0x00000043        0x0 ./Core/Src/main.o
                                 0x44 (size before relaxing)
 .comment       0x00000043        0x0 ./Core/Src/measure_speed_FC33.o
                                 0x44 (size before relaxing)
 .comment       0x00000043        0x0 ./Core/Src/mpu6050.o
                                 0x44 (size before relaxing)
 .comment       0x00000043        0x0 ./Core/Src/steering_servo.o
                                 0x44 (size before relaxing)
 .comment       0x00000043        0x0 ./Core/Src/stm32l1xx_hal_msp.o
                                 0x44 (size before relaxing)
 .comment       0x00000043        0x0 ./Core/Src/stm32l1xx_it.o
                                 0x44 (size before relaxing)
 .comment       0x00000043        0x0 ./Core/Src/system_stm32l1xx.o
                                 0x44 (size before relaxing)
 .comment       0x00000043        0x0 ./Core/Src/usart1_callbacks.o
                                 0x44 (size before relaxing)
 .comment       0x00000043        0x0 ./Drivers/STM32L1xx_HAL_Driver/Src/stm32l1xx_hal.o
                                 0x44 (size before relaxing)
 .comment       0x00000043        0x0 ./Drivers/STM32L1xx_HAL_Driver/Src/stm32l1xx_hal_cortex.o
                                 0x44 (size before relaxing)
 .comment       0x00000043        0x0 ./Drivers/STM32L1xx_HAL_Driver/Src/stm32l1xx_hal_dma.o
                                 0x44 (size before relaxing)
 .comment       0x00000043        0x0 ./Drivers/STM32L1xx_HAL_Driver/Src/stm32l1xx_hal_gpio.o
                                 0x44 (size before relaxing)
 .comment       0x00000043        0x0 ./Drivers/STM32L1xx_HAL_Driver/Src/stm32l1xx_hal_i2c.o
                                 0x44 (size before relaxing)
 .comment       0x00000043        0x0 ./Drivers/STM32L1xx_HAL_Driver/Src/stm32l1xx_hal_rcc.o
                                 0x44 (size before relaxing)
 .comment       0x00000043        0x0 ./Drivers/STM32L1xx_HAL_Driver/Src/stm32l1xx_hal_tim.o
                                 0x44 (size before relaxing)
 .comment       0x00000043        0x0 ./Drivers/STM32L1xx_HAL_Driver/Src/stm32l1xx_hal_tim_ex.o
                                 0x44 (size before relaxing)
 .comment       0x00000043        0x0 ./Drivers/STM32L1xx_HAL_Driver/Src/stm32l1xx_hal_uart.o
                                 0x44 (size before relaxing)

.debug_frame    0x00000000     0x4624
 .debug_frame   0x00000000      0x4c0 ./Core/Src/VL53L0X.o
 .debug_frame   0x000004c0       0x98 ./Core/Src/esc.o
 .debug_frame   0x00000558       0x94 ./Core/Src/logger.o
 .debug_frame   0x000005ec      0x1e0 ./Core/Src/main.o
 .debug_frame   0x000007cc       0xc0 ./Core/Src/measure_speed_FC33.o
 .debug_frame   0x0000088c      0x130 ./Core/Src/mpu6050.o
 .debug_frame   0x000009bc       0x58 ./Core/Src/steering_servo.o
 .debug_frame   0x00000a14      0x134 ./Core/Src/stm32l1xx_hal_msp.o
 .debug_frame   0x00000b48      0x190 ./Core/Src/stm32l1xx_it.o
 .debug_frame   0x00000cd8       0x58 ./Core/Src/system_stm32l1xx.o
 .debug_frame   0x00000d30      0x10c ./Core/Src/usart1_callbacks.o
 .debug_frame   0x00000e3c      0x33c ./Drivers/STM32L1xx_HAL_Driver/Src/stm32l1xx_hal.o
 .debug_frame   0x00001178      0x4e8 ./Drivers/STM32L1xx_HAL_Driver/Src/stm32l1xx_hal_cortex.o
 .debug_frame   0x00001660      0x204 ./Drivers/STM32L1xx_HAL_Driver/Src/stm32l1xx_hal_dma.o
 .debug_frame   0x00001864      0x14c ./Drivers/STM32L1xx_HAL_Driver/Src/stm32l1xx_hal_gpio.o
 .debug_frame   0x000019b0      0xc84 ./Drivers/STM32L1xx_HAL_Driver/Src/stm32l1xx_hal_i2c.o
 .debug_frame   0x00002634      0x224 ./Drivers/STM32L1xx_HAL_Driver/Src/stm32l1xx_hal_rcc.o
 .debug_frame   0x00002858     0x11b4 ./Drivers/STM32L1xx_HAL_Driver/Src/stm32l1xx_hal_tim.o
 .debug_frame   0x00003a0c       0x60 ./Drivers/STM32L1xx_HAL_Driver/Src/stm32l1xx_hal_tim_ex.o
 .debug_frame   0x00003a6c      0x944 ./Drivers/STM32L1xx_HAL_Driver/Src/stm32l1xx_hal_uart.o
 .debug_frame   0x000043b0       0x20 /home/vbolbat/st/stm32cubeide_2.0.0/plugins/com.st.stm32cube.ide.mcu.externaltools.gnu-tools-for-stm32.13.3.rel1.linux64_1.0.100.202509120712/tools/bin/../lib/gcc/arm-none-eabi/13.3.1/../../../../arm-none-eabi/lib/thumb/v7-m/nofp/libc_nano.a(libc_a-memset.o)
 .debug_frame   0x000043d0       0x2c /home/vbolbat/st/stm32cubeide_2.0.0/plugins/com.st.stm32cube.ide.mcu.externaltools.gnu-tools-for-stm32.13.3.rel1.linux64_1.0.100.202509120712/tools/bin/../lib/gcc/arm-none-eabi/13.3.1/../../../../arm-none-eabi/lib/thumb/v7-m/nofp/libc_nano.a(libc_a-init.o)
 .debug_frame   0x000043fc       0xac /home/vbolbat/st/stm32cubeide_2.0.0/plugins/com.st.stm32cube.ide.mcu.externaltools.gnu-tools-for-stm32.13.3.rel1.linux64_1.0.100.202509120712/tools/bin/../lib/gcc/arm-none-eabi/13.3.1/thumb/v7-m/nofp/libgcc.a(_arm_addsubdf3.o)
 .debug_frame   0x000044a8       0x50 /home/vbolbat/st/stm32cubeide_2.0.0/plugins/com.st.stm32cube.ide.mcu.externaltools.gnu-tools-for-stm32.13.3.rel1.linux64_1.0.100.202509120712/tools/bin/../lib/gcc/arm-none-eabi/13.3.1/thumb/v7-m/nofp/libgcc.a(_arm_muldivdf3.o)
 .debug_frame   0x000044f8       0x24 /home/vbolbat/st/stm32cubeide_2.0.0/plugins/com.st.stm32cube.ide.mcu.externaltools.gnu-tools-for-stm32.13.3.rel1.linux64_1.0.100.202509120712/tools/bin/../lib/gcc/arm-none-eabi/13.3.1/thumb/v7-m/nofp/libgcc.a(_arm_truncdfsf2.o)
 .debug_frame   0x0000451c       0x4c /home/vbolbat/st/stm32cubeide_2.0.0/plugins/com.st.stm32cube.ide.mcu.externaltools.gnu-tools-for-stm32.13.3.rel1.linux64_1.0.100.202509120712/tools/bin/../lib/gcc/arm-none-eabi/13.3.1/thumb/v7-m/nofp/libgcc.a(_arm_addsubsf3.o)
 .debug_frame   0x00004568       0x38 /home/vbolbat/st/stm32cubeide_2.0.0/plugins/com.st.stm32cube.ide.mcu.externaltools.gnu-tools-for-stm32.13.3.rel1.linux64_1.0.100.202509120712/tools/bin/../lib/gcc/arm-none-eabi/13.3.1/thumb/v7-m/nofp/libgcc.a(_arm_muldivsf3.o)
 .debug_frame   0x000045a0       0x24 /home/vbolbat/st/stm32cubeide_2.0.0/plugins/com.st.stm32cube.ide.mcu.externaltools.gnu-tools-for-stm32.13.3.rel1.linux64_1.0.100.202509120712/tools/bin/../lib/gcc/arm-none-eabi/13.3.1/thumb/v7-m/nofp/libgcc.a(_arm_fixunssfsi.o)
 .debug_frame   0x000045c4       0x2c /home/vbolbat/st/stm32cubeide_2.0.0/plugins/com.st.stm32cube.ide.mcu.externaltools.gnu-tools-for-stm32.13.3.rel1.linux64_1.0.100.202509120712/tools/bin/../lib/gcc/arm-none-eabi/13.3.1/thumb/v7-m/nofp/libgcc.a(_aeabi_uldivmod.o)
 .debug_frame   0x000045f0       0x34 /home/vbolbat/st/stm32cubeide_2.0.0/plugins/com.st.stm32cube.ide.mcu.externaltools.gnu-tools-for-stm32.13.3.rel1.linux64_1.0.100.202509120712/tools/bin/../lib/gcc/arm-none-eabi/13.3.1/thumb/v7-m/nofp/libgcc.a(_udivmoddi4.o)

.debug_line_str
                0x00000000       0x6d
 .debug_line_str
                0x00000000       0x6d ./Core/Startup/startup_stm32l151cctx.o
