Archive member included to satisfy reference by file (symbol)

C:/ST/STM32CubeIDE_1.11.0/STM32CubeIDE/plugins/com.st.stm32cube.ide.mcu.externaltools.gnu-tools-for-stm32.13.3.rel1.win32_1.0.0.202411081344/tools/bin/../lib/gcc/arm-none-eabi/13.3.1/../../../../arm-none-eabi/lib/thumb/v7-m/nofp\libc_nano.a(libc_a-exit.o)
                              C:/ST/STM32CubeIDE_1.11.0/STM32CubeIDE/plugins/com.st.stm32cube.ide.mcu.externaltools.gnu-tools-for-stm32.13.3.rel1.win32_1.0.0.202411081344/tools/bin/../lib/gcc/arm-none-eabi/13.3.1/../../../../arm-none-eabi/lib/thumb/v7-m/nofp/crt0.o (exit)
C:/ST/STM32CubeIDE_1.11.0/STM32CubeIDE/plugins/com.st.stm32cube.ide.mcu.externaltools.gnu-tools-for-stm32.13.3.rel1.win32_1.0.0.202411081344/tools/bin/../lib/gcc/arm-none-eabi/13.3.1/../../../../arm-none-eabi/lib/thumb/v7-m/nofp\libc_nano.a(libc_a-findfp.o)
                              C:/ST/STM32CubeIDE_1.11.0/STM32CubeIDE/plugins/com.st.stm32cube.ide.mcu.externaltools.gnu-tools-for-stm32.13.3.rel1.win32_1.0.0.202411081344/tools/bin/../lib/gcc/arm-none-eabi/13.3.1/../../../../arm-none-eabi/lib/thumb/v7-m/nofp\libc_nano.a(libc_a-exit.o) (__stdio_exit_handler)
C:/ST/STM32CubeIDE_1.11.0/STM32CubeIDE/plugins/com.st.stm32cube.ide.mcu.externaltools.gnu-tools-for-stm32.13.3.rel1.win32_1.0.0.202411081344/tools/bin/../lib/gcc/arm-none-eabi/13.3.1/../../../../arm-none-eabi/lib/thumb/v7-m/nofp\libc_nano.a(libc_a-fwalk.o)
                              C:/ST/STM32CubeIDE_1.11.0/STM32CubeIDE/plugins/com.st.stm32cube.ide.mcu.externaltools.gnu-tools-for-stm32.13.3.rel1.win32_1.0.0.202411081344/tools/bin/../lib/gcc/arm-none-eabi/13.3.1/../../../../arm-none-eabi/lib/thumb/v7-m/nofp\libc_nano.a(libc_a-findfp.o) (_fwalk_sglue)
C:/ST/STM32CubeIDE_1.11.0/STM32CubeIDE/plugins/com.st.stm32cube.ide.mcu.externaltools.gnu-tools-for-stm32.13.3.rel1.win32_1.0.0.202411081344/tools/bin/../lib/gcc/arm-none-eabi/13.3.1/../../../../arm-none-eabi/lib/thumb/v7-m/nofp\libc_nano.a(libc_a-stdio.o)
                              C:/ST/STM32CubeIDE_1.11.0/STM32CubeIDE/plugins/com.st.stm32cube.ide.mcu.externaltools.gnu-tools-for-stm32.13.3.rel1.win32_1.0.0.202411081344/tools/bin/../lib/gcc/arm-none-eabi/13.3.1/../../../../arm-none-eabi/lib/thumb/v7-m/nofp\libc_nano.a(libc_a-findfp.o) (__sread)
C:/ST/STM32CubeIDE_1.11.0/STM32CubeIDE/plugins/com.st.stm32cube.ide.mcu.externaltools.gnu-tools-for-stm32.13.3.rel1.win32_1.0.0.202411081344/tools/bin/../lib/gcc/arm-none-eabi/13.3.1/../../../../arm-none-eabi/lib/thumb/v7-m/nofp\libc_nano.a(libc_a-memset.o)
                              C:/ST/STM32CubeIDE_1.11.0/STM32CubeIDE/plugins/com.st.stm32cube.ide.mcu.externaltools.gnu-tools-for-stm32.13.3.rel1.win32_1.0.0.202411081344/tools/bin/../lib/gcc/arm-none-eabi/13.3.1/../../../../arm-none-eabi/lib/thumb/v7-m/nofp/crt0.o (memset)
C:/ST/STM32CubeIDE_1.11.0/STM32CubeIDE/plugins/com.st.stm32cube.ide.mcu.externaltools.gnu-tools-for-stm32.13.3.rel1.win32_1.0.0.202411081344/tools/bin/../lib/gcc/arm-none-eabi/13.3.1/../../../../arm-none-eabi/lib/thumb/v7-m/nofp\libc_nano.a(libc_a-closer.o)
                              C:/ST/STM32CubeIDE_1.11.0/STM32CubeIDE/plugins/com.st.stm32cube.ide.mcu.externaltools.gnu-tools-for-stm32.13.3.rel1.win32_1.0.0.202411081344/tools/bin/../lib/gcc/arm-none-eabi/13.3.1/../../../../arm-none-eabi/lib/thumb/v7-m/nofp\libc_nano.a(libc_a-stdio.o) (_close_r)
C:/ST/STM32CubeIDE_1.11.0/STM32CubeIDE/plugins/com.st.stm32cube.ide.mcu.externaltools.gnu-tools-for-stm32.13.3.rel1.win32_1.0.0.202411081344/tools/bin/../lib/gcc/arm-none-eabi/13.3.1/../../../../arm-none-eabi/lib/thumb/v7-m/nofp\libc_nano.a(libc_a-reent.o)
                              C:/ST/STM32CubeIDE_1.11.0/STM32CubeIDE/plugins/com.st.stm32cube.ide.mcu.externaltools.gnu-tools-for-stm32.13.3.rel1.win32_1.0.0.202411081344/tools/bin/../lib/gcc/arm-none-eabi/13.3.1/../../../../arm-none-eabi/lib/thumb/v7-m/nofp\libc_nano.a(libc_a-closer.o) (errno)
C:/ST/STM32CubeIDE_1.11.0/STM32CubeIDE/plugins/com.st.stm32cube.ide.mcu.externaltools.gnu-tools-for-stm32.13.3.rel1.win32_1.0.0.202411081344/tools/bin/../lib/gcc/arm-none-eabi/13.3.1/../../../../arm-none-eabi/lib/thumb/v7-m/nofp\libc_nano.a(libc_a-impure.o)
                              C:/ST/STM32CubeIDE_1.11.0/STM32CubeIDE/plugins/com.st.stm32cube.ide.mcu.externaltools.gnu-tools-for-stm32.13.3.rel1.win32_1.0.0.202411081344/tools/bin/../lib/gcc/arm-none-eabi/13.3.1/../../../../arm-none-eabi/lib/thumb/v7-m/nofp\libc_nano.a(libc_a-reent.o) (_impure_ptr)
C:/ST/STM32CubeIDE_1.11.0/STM32CubeIDE/plugins/com.st.stm32cube.ide.mcu.externaltools.gnu-tools-for-stm32.13.3.rel1.win32_1.0.0.202411081344/tools/bin/../lib/gcc/arm-none-eabi/13.3.1/../../../../arm-none-eabi/lib/thumb/v7-m/nofp\libc_nano.a(libc_a-lseekr.o)
[...]
Memory Configuration

Name             Origin             Length             Attributes
RAM              0x20000000         0x00008000         xrw
FLASH            0x08000000         0x00040000         xr
*default*        0x00000000         0xffffffff

Linker script and memory map

LOAD C:/ST/STM32CubeIDE_1.11.0/STM32CubeIDE/plugins/com.st.stm32cube.ide.mcu.externaltools.gnu-tools-for-stm32.13.3.rel1.win32_1.0.0.202411081344/tools/bin/../lib/gcc/arm-none-eabi/13.3.1/thumb/v7-m/nofp/crti.o
LOAD C:/ST/STM32CubeIDE_1.11.0/STM32CubeIDE/plugins/com.st.stm32cube.ide.mcu.externaltools.gnu-tools-for-stm32.13.3.rel1.win32_1.0.0.202411081344/tools/bin/../lib/gcc/arm-none-eabi/13.3.1/thumb/v7-m/nofp/crtbegin.o
LOAD C:/ST/STM32CubeIDE_1.11.0/STM32CubeIDE/plugins/com.st.stm32cube.ide.mcu.externaltools.gnu-tools-for-stm32.13.3.rel1.win32_1.0.0.202411081344/tools/bin/../lib/gcc/arm-none-eabi/13.3.1/../../../../arm-none-eabi/lib/thumb/v7-m/nofp/crt0.o
LOAD ./Core/Src/VL53L0X.o
LOAD ./Core/Src/main.o
LOAD ./Core/Src/measure_speed_FC33.o
LOAD ./Core/Src/stm32l1xx_hal_msp.o
LOAD ./Core/Src/stm32l1xx_it.o
LOAD ./Core/Src/syscalls.o
LOAD ./Core/Src/sysmem.o
LOAD ./Core/Src/system_stm32l1xx.o
LOAD ./Core/Startup/startup_stm32l151cctx.o
LOAD ./Drivers/STM32L1xx_HAL_Driver/Src/stm32l1xx_hal.o
LOAD ./Drivers/STM32L1xx_HAL_Driver/Src/stm32l1xx_hal_cortex.o
LOAD ./Drivers/STM32L1xx_HAL_Driver/Src/stm32l1xx_hal_dma.o
LOAD ./Drivers/STM32L1xx_HAL_Driver/Src/stm32l1xx_hal_exti.o
LOAD ./Drivers/STM32L1xx_HAL_Driver/Src/stm32l1xx_hal_flash.o
LOAD ./Drivers/STM32L1xx_HAL_Driver/Src/stm32l1xx_hal_flash_ex.o
LOAD ./Drivers/STM32L1xx_HAL_Driver/Src/stm32l1xx_hal_flash_ramfunc.o
LOAD ./Drivers/STM32L1xx_HAL_Driver/Src/stm32l1xx_hal_gpio.o
LOAD ./Drivers/STM32L1xx_HAL_Driver/Src/stm32l1xx_hal_i2c.o
LOAD ./Drivers/STM32L1xx_HAL_Driver/Src/stm32l1xx_hal_pwr.o
LOAD ./Drivers/STM32L1xx_HAL_Driver/Src/stm32l1xx_hal_pwr_ex.o
LOAD ./Drivers/STM32L1xx_HAL_Driver/Src/stm32l1xx_hal_rcc.o
LOAD ./Drivers/STM32L1xx_HAL_Driver/Src/stm32l1xx_hal_rcc_ex.o
LOAD ./Drivers/STM32L1xx_HAL_Driver/Src/stm32l1xx_hal_tim.o
LOAD ./Drivers/STM32L1xx_HAL_Driver/Src/stm32l1xx_hal_tim_ex.o
LOAD ./Drivers/STM32L1xx_HAL_Driver/Src/stm32l1xx_hal_uart.o
START GROUP
LOAD C:/ST/STM32CubeIDE_1.11.0/STM32CubeIDE/plugins/com.st.stm32cube.ide.mcu.externaltools.gnu-tools-for-stm32.13.3.rel1.win32_1.0.0.202411081344/tools/bin/../lib/gcc/arm-none-eabi/13.3.1/../../../../arm-none-eabi/lib/thumb/v7-m/nofp\libc_nano.a
LOAD C:/ST/STM32CubeIDE_1.11.0/STM32CubeIDE/plugins/com.st.stm32cube.ide.mcu.externaltools.gnu-tools-for-stm32.13.3.rel1.win32_1.0.0.202411081344/tools/bin/../lib/gcc/arm-none-eabi/13.3.1/../../../../arm-none-eabi/lib/thumb/v7-m/nofp\libm.a
END GROUP
START GROUP
LOAD C:/ST/STM32CubeIDE_1.11.0/STM32CubeIDE/plugins/com.st.stm32cube.ide.mcu.externaltools.gnu-tools-for-stm32.13.3.rel1.win32_1.0.0.202411081344/tools/bin/../lib/gcc/arm-none-eabi/13.3.1/thumb/v7-m/nofp\libgcc.a
LOAD C:/ST/STM32CubeIDE_1.11.0/STM32CubeIDE/plugins/com.st.stm32cube.ide.mcu.externaltools.gnu-tools-for-stm32.13.3.rel1.win32_1.0.0.202411081344/tools/bin/../lib/gcc/arm-none-eabi/13.3.1/../../../../arm-none-eabi/lib/thumb/v7-m/nofp\libc_nano.a
END GROUP
START GROUP
LOAD C:/ST/STM32CubeIDE_1.11.0/STM32CubeIDE/plugins/com.st.stm32cube.ide.mcu.externaltools.gnu-tools-for-stm32.13.3.rel1.win32_1.0.0.202411081344/tools/bin/../lib/gcc/arm-none-eabi/13.3.1/thumb/v7-m/nofp\libgcc.a
LOAD C:/ST/STM32CubeIDE_1.11.0/STM32CubeIDE/plugins/com.st.stm32cube.ide.mcu.externaltools.gnu-tools-for-stm32.13.3.rel1.win32_1.0.0.202411081344/tools/bin/../lib/gcc/arm-none-eabi/13.3.1/../../../../arm-none-eabi/lib/thumb/v7-m/nofp\libc_nano.a
LOAD C:/ST/STM32CubeIDE_1.11.0/STM32CubeIDE/plugins/com.st.stm32cube.ide.mcu.externaltools.gnu-tools-for-stm32.13.3.rel1.win32_1.0.0.202411081344/tools/bin/../lib/gcc/arm-none-eabi/13.3.1/../../../../arm-none-eabi/lib/thumb/v7-m/nofp\libnosys.a
END GROUP
START GROUP
LOAD C:/ST/STM32CubeIDE_1.11.0/STM32CubeIDE/plugins/com.st.stm32cube.ide.mcu.externaltools.gnu-tools-for-stm32.13.3.rel1.win32_1.0.0.202411081344/tools/bin/../lib/gcc/arm-none-eabi/13.3.1/thumb/v7-m/nofp\libgcc.a
LOAD C:/ST/STM32CubeIDE_1.11.0/STM32CubeIDE/plugins/com.st.stm32cube.ide.mcu.externaltools.gnu-tools-for-stm32.13.3.rel1.win32_1.0.0.202411081344/tools/bin/../lib/gcc/arm-none-eabi/13.3.1/../../../../arm-none-eabi/lib/thumb/v7-m/nofp\libc_nano.a
LOAD C:/ST/STM32CubeIDE_1.11.0/STM32CubeIDE/plugins/com.st.stm32cube.ide.mcu.externaltools.gnu-tools-for-stm32.13.3.rel1.win32_1.0.0.202411081344/tools/bin/../lib/gcc/arm-none-eabi/13.3.1/../../../../arm-none-eabi/lib/thumb/v7-m/nofp\libnosys.a
END GROUP
LOAD C:/ST/STM32CubeIDE_1.11.0/STM32CubeIDE/plugins/com.st.stm32cube.ide.mcu.externaltools.gnu-tools-for-stm32.13.3.rel1.win32_1.0.0.202411081344/tools/bin/../lib/gcc/arm-none-eabi/13.3.1/thumb/v7-m/nofp/crtend.o
LOAD C:/ST/STM32CubeIDE_1.11.0/STM32CubeIDE/plugins/com.st.stm32cube.ide.mcu.externaltools.gnu-tools-for-stm32.13.3.rel1.win32_1.0.0.202411081344/tools/bin/../lib/gcc/arm-none-eabi/13.3.1/thumb/v7-m/nofp/crtn.o
                0x20008000                        _estack = (ORIGIN (RAM) + LENGTH (RAM))
                0x00000200                        _Min_Heap_Size = 0x200
                0x00000400                        _Min_Stack_Size = 0x400

.isr_vector     0x08000000      0x13c
                0x08000000                        . = ALIGN (0x4)
 *(.isr_vector)
 .isr_vector    0x08000000      0x13c ./Core/Startup/startup_stm32l151cctx.o
                0x08000000                g_pfnVectors
                0x0800013c                        . = ALIGN (0x4)

.text           0x08000140     0x6828
                0x08000140                        . = ALIGN (0x4)
 *(.text)
 .text          0x08000140       0x40 C:/ST/STM32CubeIDE_1.11.0/STM32CubeIDE/plugins/com.st.stm32cube.ide.mcu.externaltools.gnu-tools-for-stm32.13.3.rel1.win32_1.0.0.202411081344/tools/bin/../lib/gcc/arm-none-eabi/13.3.1/thumb/v7-m/nofp/crtbegin.o
 .text          0x08000180      0x378 C:/ST/STM32CubeIDE_1.11.0/STM32CubeIDE/plugins/com.st.stm32cube.ide.mcu.externaltools.gnu-tools-for-stm32.13.3.rel1.win32_1.0.0.202411081344/tools/bin/../lib/gcc/arm-none-eabi/13.3.1/thumb/v7-m/nofp\libgcc.a(_arm_addsubdf3.o)
                0x08000180                __aeabi_drsub
                0x08000188                __aeabi_dsub
                0x08000188                __subdf3
                0x0800018c                __aeabi_dadd
                0x0800018c                __adddf3
                0x08000404                __floatunsidf
                0x08000404                __aeabi_ui2d
                0x08000424                __floatsidf
                0x08000424                __aeabi_i2d
                0x08000448                __aeabi_f2d
                0x08000448                __extendsfdf2
                0x0800048c                __floatundidf
                0x0800048c                __aeabi_ul2d
                0x0800049c                __floatdidf
                0x0800049c                __aeabi_l2d
 .text          0x080004f8      0x110 C:/ST/STM32CubeIDE_1.11.0/STM32CubeIDE/plugins/com.st.stm32cube.ide.mcu.externaltools.gnu-tools-for-stm32.13.3.rel1.win32_1.0.0.202411081344/tools/bin/../lib/gcc/arm-none-eabi/13.3.1/thumb/v7-m/nofp\libgcc.a(_arm_cmpdf2.o)
                0x080004f8                __gtdf2
                0x080004f8                __gedf2
                0x08000500                __ltdf2
                0x08000500                __ledf2
                0x08000508                __nedf2
                0x08000508                __eqdf2
                0x08000508                __cmpdf2
                0x08000584                __aeabi_cdrcmple
                0x08000594                __aeabi_cdcmpeq
                0x08000594                __aeabi_cdcmple
                0x080005a4                __aeabi_dcmpeq
                0x080005b8                __aeabi_dcmplt
                0x080005cc                __aeabi_dcmple
                0x080005e0                __aeabi_dcmpge
                0x080005f4                __aeabi_dcmpgt
 .text          0x08000608      0x21c C:/ST/STM32CubeIDE_1.11.0/STM32CubeIDE/plugins/com.st.stm32cube.ide.mcu.externaltools.gnu-tools-for-stm32.13.3.rel1.win32_1.0.0.202411081344/tools/bin/../lib/gcc/arm-none-eabi/13.3.1/thumb/v7-m/nofp\libgcc.a(_arm_addsubsf3.o)
                0x08000608                __aeabi_frsub
                0x08000610                __subsf3
                0x08000610                __aeabi_fsub
                0x08000614                __aeabi_fadd
                0x08000614                __addsf3
                0x08000774                __aeabi_ui2f
                0x08000774                __floatunsisf
                0x0800077c                __aeabi_i2f
                0x0800077c                __floatsisf
                0x08000798                __aeabi_ul2f
                0x08000798                __floatundisf
                0x080007a8                __aeabi_l2f
                0x080007a8                __floatdisf
 .text          0x08000824      0x2a0 C:/ST/STM32CubeIDE_1.11.0/STM32CubeIDE/plugins/com.st.stm32cube.ide.mcu.externaltools.gnu-tools-for-stm32.13.3.rel1.win32_1.0.0.202411081344/tools/bin/../lib/gcc/arm-none-eabi/13.3.1/thumb/v7-m/nofp\libgcc.a(_arm_muldivsf3.o)
                0x08000824                __mulsf3
                0x08000824                __aeabi_fmul
                0x0800098c                __aeabi_fdiv
                0x0800098c                __divsf3
 .text          0x08000ac4       0xec C:/ST/STM32CubeIDE_1.11.0/STM32CubeIDE/plugins/com.st.stm32cube.ide.mcu.externaltools.gnu-tools-for-stm32.13.3.rel1.win32_1.0.0.202411081344/tools/bin/../lib/gcc/arm-none-eabi/13.3.1/thumb/v7-m/nofp\libgcc.a(_arm_cmpsf2.o)
                0x08000ac4                __gesf2
                0x08000ac4                __gtsf2
                0x08000acc                __lesf2
                0x08000acc                __ltsf2
                0x08000ad4                __nesf2
                0x08000ad4                __eqsf2
                0x08000ad4                __cmpsf2
                0x08000b34                __aeabi_cfrcmple
                0x08000b3c                __aeabi_cfcmpeq
                0x08000b3c                __aeabi_cfcmple
                0x08000b4c                __aeabi_fcmpeq
                0x08000b60                __aeabi_fcmplt
                0x08000b74                __aeabi_fcmple
                0x08000b88                __aeabi_fcmpge
                0x08000b9c                __aeabi_fcmpgt
 .text          0x08000bb0       0x40 C:/ST/STM32CubeIDE_1.11.0/STM32CubeIDE/plugins/com.st.stm32cube.ide.mcu.externaltools.gnu-tools-for-stm32.13.3.rel1.win32_1.0.0.202411081344/tools/bin/../lib/gcc/arm-none-eabi/13.3.1/thumb/v7-m/nofp\libgcc.a(_arm_fixunssfsi.o)
                0x08000bb0                __fixunssfsi
                0x08000bb0                __aeabi_f2uiz
 .text          0x08000bf0       0x30 C:/ST/STM32CubeIDE_1.11.0/STM32CubeIDE/plugins/com.st.stm32cube.ide.mcu.externaltools.gnu-tools-for-stm32.13.3.rel1.win32_1.0.0.202411081344/tools/bin/../lib/gcc/arm-none-eabi/13.3.1/thumb/v7-m/nofp\libgcc.a(_aeabi_uldivmod.o)
                0x08000bf0                __aeabi_uldivmod
 .text          0x08000c20      0x300 C:/ST/STM32CubeIDE_1.11.0/STM32CubeIDE/plugins/com.st.stm32cube.ide.mcu.externaltools.gnu-tools-for-stm32.13.3.rel1.win32_1.0.0.202411081344/tools/bin/../lib/gcc/arm-none-eabi/13.3.1/thumb/v7-m/nofp\libgcc.a(_udivmoddi4.o)
                0x08000c20                __udivmoddi4
 .text          0x08000f20        0x4 C:/ST/STM32CubeIDE_1.11.0/STM32CubeIDE/plugins/com.st.stm32cube.ide.mcu.externaltools.gnu-tools-for-stm32.13.3.rel1.win32_1.0.0.202411081344/tools/bin/../lib/gcc/arm-none-eabi/13.3.1/thumb/v7-m/nofp\libgcc.a(_dvmd_tls.o)
                0x08000f20                __aeabi_idiv0
                0x08000f20                __aeabi_ldiv0
 *(.text*)
 .text.writeReg
                0x08000f24       0x54 ./Core/Src/VL53L0X.o
                0x08000f24                writeReg
 .text.writeReg16Bit
                0x08000f78       0x54 ./Core/Src/VL53L0X.o
                0x08000f78                writeReg16Bit
 .text.readReg  0x08000fcc       0x58 ./Core/Src/VL53L0X.o
                0x08000fcc                readReg
 .text.readReg16Bit
                0x08001024       0x58 ./Core/Src/VL53L0X.o
                0x08001024                readReg16Bit
 .text.writeMulti
                0x0800107c       0x5c ./Core/Src/VL53L0X.o
                0x0800107c                writeMulti
 .text.readMulti
                0x080010d8       0x54 ./Core/Src/VL53L0X.o
                0x080010d8                readMulti
 .text.initVL53L0X
                0x0800112c      0x4bc ./Core/Src/VL53L0X.o
                0x0800112c                initVL53L0X
 .text.setSignalRateLimit
                0x080015e8       0x68 ./Core/Src/VL53L0X.o
                0x080015e8                setSignalRateLimit
 .text.setMeasurementTimingBudget
                0x08001650      0x130 ./Core/Src/VL53L0X.o
                0x08001650                setMeasurementTimingBudget
 .text.getMeasurementTimingBudget
                0x08001780       0xc4 ./Core/Src/VL53L0X.o
                0x08001780                getMeasurementTimingBudget
 .text.setVcselPulsePeriod
                0x08001844      0x29c ./Core/Src/VL53L0X.o
                0x08001844                setVcselPulsePeriod
 .text.getVcselPulsePeriod
                0x08001ae0       0x44 ./Core/Src/VL53L0X.o
                0x08001ae0                getVcselPulsePeriod
 .text.getSpadInfo
                0x08001b24      0x128 ./Core/Src/VL53L0X.o
                0x08001b24                getSpadInfo
 .text.getSequenceStepEnables
                0x08001c4c       0x64 ./Core/Src/VL53L0X.o
                0x08001c4c                getSequenceStepEnables
 .text.getSequenceStepTimeouts
                0x08001cb0       0xca ./Core/Src/VL53L0X.o
                0x08001cb0                getSequenceStepTimeouts
 .text.decodeTimeout
                0x08001d7a       0x26 ./Core/Src/VL53L0X.o
 .text.encodeTimeout
                0x08001da0       0x52 ./Core/Src/VL53L0X.o
 *fill*         0x08001df2        0x2 
 .text.timeoutMclksToMicroseconds
                0x08001df4       0x50 ./Core/Src/VL53L0X.o
 .text.timeoutMicrosecondsToMclks
                0x08001e44       0x4c ./Core/Src/VL53L0X.o
 .text.performSingleRefCalibration
                0x08001e90       0x80 ./Core/Src/VL53L0X.o
                0x08001e90                performSingleRefCalibration
 .text.main     0x08001f10       0xd4 ./Core/Src/main.o
                0x08001f10                main
 .text.SystemClock_Config
                0x08001fe4       0x98 ./Core/Src/main.o
                0x08001fe4                SystemClock_Config
 .text.MX_I2C1_Init
                0x0800207c       0x5c ./Core/Src/main.o
 .text.MX_I2C2_Init
                0x080020d8       0x5c ./Core/Src/main.o
 .text.MX_TIM2_Init
                0x08002134       0xe8 ./Core/Src/main.o
 .text.MX_TIM3_Init
                0x0800221c       0xe8 ./Core/Src/main.o
 .text.MX_TIM4_Init
                0x08002304       0xe8 ./Core/Src/main.o
 .text.TIM5_Init
                0x080023ec       0xa4 ./Core/Src/main.o
 .text.MX_TIM6_Init
                0x08002490       0x6c ./Core/Src/main.o
 .text.MX_USART1_UART_Init
                0x080024fc       0x54 ./Core/Src/main.o
 .text.MX_USART2_UART_Init
                0x08002550       0x54 ./Core/Src/main.o
 .text.MX_GPIO_Init
                0x080025a4       0xc8 ./Core/Src/main.o
 .text.HAL_TIM_PeriodElapsedCallback
                0x0800266c       0x24 ./Core/Src/main.o
                0x0800266c                HAL_TIM_PeriodElapsedCallback
 .text.HAL_GPIO_EXTI_Callback
                0x08002690       0x1c ./Core/Src/main.o
                0x08002690                HAL_GPIO_EXTI_Callback
 .text.Error_Handler
                0x080026ac        0xc ./Core/Src/main.o
                0x080026ac                Error_Handler
 .text.MeasureSpeedFC33_Init
                0x080026b8       0x58 ./Core/Src/measure_speed_FC33.o
                0x080026b8                MeasureSpeedFC33_Init
 .text.MeasureSpeedFC33_GPIO_EXTI_Callback
                0x08002710       0x38 ./Core/Src/measure_speed_FC33.o
                0x08002710                MeasureSpeedFC33_GPIO_EXTI_Callback
 .text.MeasureSpeedFC33_TIM_PeriodElapsedCallback
                0x08002748       0xa4 ./Core/Src/measure_speed_FC33.o
                0x08002748                MeasureSpeedFC33_TIM_PeriodElapsedCallback
 .text.HAL_MspInit
                0x080027ec       0x5c ./Core/Src/stm32l1xx_hal_msp.o
                0x080027ec                HAL_MspInit
 .text.HAL_I2C_MspInit
                0x08002848       0xec ./Core/Src/stm32l1xx_hal_msp.o
                0x08002848                HAL_I2C_MspInit
 .text.HAL_TIM_Base_MspInit
                0x08002934       0xf8 ./Core/Src/stm32l1xx_hal_msp.o
                0x08002934                HAL_TIM_Base_MspInit
 .text.HAL_TIM_MspPostInit
                0x08002a2c      0x100 ./Core/Src/stm32l1xx_hal_msp.o
                0x08002a2c                HAL_TIM_MspPostInit
 .text.HAL_UART_MspInit
                0x08002b2c      0x108 ./Core/Src/stm32l1xx_hal_msp.o
                0x08002b2c                HAL_UART_MspInit
 .text.NMI_Handler
                0x08002c34        0x8 ./Core/Src/stm32l1xx_it.o
                0x08002c34                NMI_Handler
 .text.HardFault_Handler
                0x08002c3c        0x8 ./Core/Src/stm32l1xx_it.o
                0x08002c3c                HardFault_Handler
 .text.MemManage_Handler
                0x08002c44        0x8 ./Core/Src/stm32l1xx_it.o
                0x08002c44                MemManage_Handler
 .text.BusFault_Handler
                0x08002c4c        0x8 ./Core/Src/stm32l1xx_it.o
                0x08002c4c                BusFault_Handler
 .text.UsageFault_Handler
                0x08002c54        0x8 ./Core/Src/stm32l1xx_it.o
                0x08002c54                UsageFault_Handler
 .text.SVC_Handler
                0x08002c5c        0xc ./Core/Src/stm32l1xx_it.o
                0x08002c5c                SVC_Handler
 .text.DebugMon_Handler
                0x08002c68        0xc ./Core/Src/stm32l1xx_it.o
                0x08002c68                DebugMon_Handler
 .text.PendSV_Handler
                0x08002c74        0xc ./Core/Src/stm32l1xx_it.o
                0x08002c74                PendSV_Handler
 .text.SysTick_Handler
                0x08002c80        0xc ./Core/Src/stm32l1xx_it.o
                0x08002c80                SysTick_Handler
 .text.EXTI0_IRQHandler
                0x08002c8c        0xe ./Core/Src/stm32l1xx_it.o
                0x08002c8c                EXTI0_IRQHandler
 *fill*         0x08002c9a        0x2 
 .text.USART1_IRQHandler
                0x08002c9c       0x14 ./Core/Src/stm32l1xx_it.o
                0x08002c9c                USART1_IRQHandler
 .text.USART2_IRQHandler
                0x08002cb0       0x14 ./Core/Src/stm32l1xx_it.o
                0x08002cb0                USART2_IRQHandler
 .text.TIM6_IRQHandler
                0x08002cc4       0x14 ./Core/Src/stm32l1xx_it.o
                0x08002cc4                TIM6_IRQHandler
 .text.TIM5_IRQHandler
                0x08002cd8       0x14 ./Core/Src/stm32l1xx_it.o
                0x08002cd8                TIM5_IRQHandler
 .text.SystemInit
                0x08002cec        0xc ./Core/Src/system_stm32l1xx.o
                0x08002cec                SystemInit
 .text.Reset_Handler
                0x08002cf8       0x48 ./Core/Startup/startup_stm32l151cctx.o
                0x08002cf8                Reset_Handler
 .text.Default_Handler
                0x08002d40        0x2 ./Core/Startup/startup_stm32l151cctx.o
                0x08002d40                RTC_Alarm_IRQHandler
                0x08002d40                EXTI2_IRQHandler
                0x08002d40                COMP_ACQ_IRQHandler
                0x08002d40                TIM10_IRQHandler
                0x08002d40                USB_HP_IRQHandler
                0x08002d40                PVD_IRQHandler
                0x08002d40                EXTI3_IRQHandler
                0x08002d40                I2C2_EV_IRQHandler
                0x08002d40                SPI1_IRQHandler
                0x08002d40                USB_FS_WKUP_IRQHandler
                0x08002d40                DMA2_Channel2_IRQHandler
                0x08002d40                DMA1_Channel4_IRQHandler
                0x08002d40                ADC1_IRQHandler
                0x08002d40                USART3_IRQHandler
                0x08002d40                DMA1_Channel7_IRQHandler
                0x08002d40                TIM4_IRQHandler
                0x08002d40                DMA2_Channel1_IRQHandler
                0x08002d40                I2C1_EV_IRQHandler
                0x08002d40                DMA1_Channel6_IRQHandler
                0x08002d40                DMA2_Channel4_IRQHandler
                0x08002d40                TIM3_IRQHandler
                0x08002d40                RCC_IRQHandler
                0x08002d40                DMA1_Channel1_IRQHandler
                0x08002d40                Default_Handler
                0x08002d40                EXTI15_10_IRQHandler
                0x08002d40                TIM7_IRQHandler
                0x08002d40                EXTI9_5_IRQHandler
                0x08002d40                TIM9_IRQHandler
                0x08002d40                TAMPER_STAMP_IRQHandler
                0x08002d40                RTC_WKUP_IRQHandler
                0x08002d40                SPI2_IRQHandler
                0x08002d40                DMA2_Channel5_IRQHandler
                0x08002d40                DMA1_Channel5_IRQHandler
                0x08002d40                USB_LP_IRQHandler
                0x08002d40                EXTI4_IRQHandler
                0x08002d40                DMA1_Channel3_IRQHandler
                0x08002d40                COMP_IRQHandler
                0x08002d40                WWDG_IRQHandler
                0x08002d40                TIM2_IRQHandler
                0x08002d40                DAC_IRQHandler
                0x08002d40                EXTI1_IRQHandler
                0x08002d40                TIM11_IRQHandler
                0x08002d40                I2C2_ER_IRQHandler
                0x08002d40                DMA1_Channel2_IRQHandler
                0x08002d40                FLASH_IRQHandler
                0x08002d40                SPI3_IRQHandler
                0x08002d40                I2C1_ER_IRQHandler
                0x08002d40                DMA2_Channel3_IRQHandler
 .text.HAL_Init
                0x08002d42       0x30 ./Drivers/STM32L1xx_HAL_Driver/Src/stm32l1xx_hal.o
                0x08002d42                HAL_Init
 *fill*         0x08002d72        0x2 
 .text.HAL_InitTick
                0x08002d74       0x74 ./Drivers/STM32L1xx_HAL_Driver/Src/stm32l1xx_hal.o
                0x08002d74                HAL_InitTick
 .text.HAL_IncTick
                0x08002de8       0x24 ./Drivers/STM32L1xx_HAL_Driver/Src/stm32l1xx_hal.o
                0x08002de8                HAL_IncTick
 .text.HAL_GetTick
                0x08002e0c       0x14 ./Drivers/STM32L1xx_HAL_Driver/Src/stm32l1xx_hal.o
                0x08002e0c                HAL_GetTick
 .text.__NVIC_SetPriorityGrouping
                0x08002e20       0x48 ./Drivers/STM32L1xx_HAL_Driver/Src/stm32l1xx_hal_cortex.o
 .text.__NVIC_GetPriorityGrouping
                0x08002e68       0x1c ./Drivers/STM32L1xx_HAL_Driver/Src/stm32l1xx_hal_cortex.o
 .text.__NVIC_EnableIRQ
                0x08002e84       0x38 ./Drivers/STM32L1xx_HAL_Driver/Src/stm32l1xx_hal_cortex.o
 .text.__NVIC_SetPriority
                0x08002ebc       0x54 ./Drivers/STM32L1xx_HAL_Driver/Src/stm32l1xx_hal_cortex.o
 .text.NVIC_EncodePriority
                0x08002f10       0x64 ./Drivers/STM32L1xx_HAL_Driver/Src/stm32l1xx_hal_cortex.o
 .text.SysTick_Config
                0x08002f74       0x44 ./Drivers/STM32L1xx_HAL_Driver/Src/stm32l1xx_hal_cortex.o
 .text.HAL_NVIC_SetPriorityGrouping
                0x08002fb8       0x16 ./Drivers/STM32L1xx_HAL_Driver/Src/stm32l1xx_hal_cortex.o
                0x08002fb8                HAL_NVIC_SetPriorityGrouping
 .text.HAL_NVIC_SetPriority
                0x08002fce       0x38 ./Drivers/STM32L1xx_HAL_Driver/Src/stm32l1xx_hal_cortex.o
                0x08002fce                HAL_NVIC_SetPriority
 .text.HAL_NVIC_EnableIRQ
                0x08003006       0x1c ./Drivers/STM32L1xx_HAL_Driver/Src/stm32l1xx_hal_cortex.o
                0x08003006                HAL_NVIC_EnableIRQ
 .text.HAL_SYSTICK_Config
                0x08003022       0x18 ./Drivers/STM32L1xx_HAL_Driver/Src/stm32l1xx_hal_cortex.o
                0x08003022                HAL_SYSTICK_Config
 .text.HAL_DMA_Abort
                0x0800303a       0x7a ./Drivers/STM32L1xx_HAL_Driver/Src/stm32l1xx_hal_dma.o
                0x0800303a                HAL_DMA_Abort
 .text.HAL_DMA_Abort_IT
                0x080030b4       0x82 ./Drivers/STM32L1xx_HAL_Driver/Src/stm32l1xx_hal_dma.o
                0x080030b4                HAL_DMA_Abort_IT
 *fill*         0x08003136        0x2 
 .text.HAL_GPIO_Init
                0x08003138      0x300 ./Drivers/STM32L1xx_HAL_Driver/Src/stm32l1xx_hal_gpio.o
                0x08003138                HAL_GPIO_Init
 .text.HAL_GPIO_WritePin
                0x08003438       0x30 ./Drivers/STM32L1xx_HAL_Driver/Src/stm32l1xx_hal_gpio.o
                0x08003438                HAL_GPIO_WritePin
 .text.HAL_GPIO_EXTI_IRQHandler
                0x08003468       0x30 ./Drivers/STM32L1xx_HAL_Driver/Src/stm32l1xx_hal_gpio.o
                0x08003468                HAL_GPIO_EXTI_IRQHandler
 .text.HAL_I2C_Init
                0x08003498      0x288 ./Drivers/STM32L1xx_HAL_Driver/Src/stm32l1xx_hal_i2c.o
                0x08003498                HAL_I2C_Init
 .text.HAL_I2C_Mem_Write
                0x08003720      0x1f4 ./Drivers/STM32L1xx_HAL_Driver/Src/stm32l1xx_hal_i2c.o
                0x08003720                HAL_I2C_Mem_Write
 .text.HAL_I2C_Mem_Read
                0x08003914      0x464 ./Drivers/STM32L1xx_HAL_Driver/Src/stm32l1xx_hal_i2c.o
                0x08003914                HAL_I2C_Mem_Read
 .text.I2C_RequestMemoryWrite
                0x08003d78      0x12c ./Drivers/STM32L1xx_HAL_Driver/Src/stm32l1xx_hal_i2c.o
 .text.I2C_RequestMemoryRead
                0x08003ea4      0x1d0 ./Drivers/STM32L1xx_HAL_Driver/Src/stm32l1xx_hal_i2c.o
 .text.I2C_WaitOnFlagUntilTimeout
                0x08004074       0xf4 ./Drivers/STM32L1xx_HAL_Driver/Src/stm32l1xx_hal_i2c.o
 .text.I2C_WaitOnMasterAddressFlagUntilTimeout
                0x08004168      0x140 ./Drivers/STM32L1xx_HAL_Driver/Src/stm32l1xx_hal_i2c.o
 .text.I2C_WaitOnTXEFlagUntilTimeout
                0x080042a8       0x90 ./Drivers/STM32L1xx_HAL_Driver/Src/stm32l1xx_hal_i2c.o
 .text.I2C_WaitOnBTFFlagUntilTimeout
                0x08004338       0x90 ./Drivers/STM32L1xx_HAL_Driver/Src/stm32l1xx_hal_i2c.o
 .text.I2C_WaitOnRXNEFlagUntilTimeout
                0x080043c8       0xba ./Drivers/STM32L1xx_HAL_Driver/Src/stm32l1xx_hal_i2c.o
 .text.I2C_IsAcknowledgeFailed
                0x08004482       0x5c ./Drivers/STM32L1xx_HAL_Driver/Src/stm32l1xx_hal_i2c.o
 *fill*         0x080044de        0x2 
 .text.HAL_RCC_OscConfig
                0x080044e0      0x660 ./Drivers/STM32L1xx_HAL_Driver/Src/stm32l1xx_hal_rcc.o
                0x080044e0                HAL_RCC_OscConfig
 .text.HAL_RCC_ClockConfig
                0x08004b40      0x268 ./Drivers/STM32L1xx_HAL_Driver/Src/stm32l1xx_hal_rcc.o
                0x08004b40                HAL_RCC_ClockConfig
 .text.HAL_RCC_GetSysClockFreq
                0x08004da8      0x200 ./Drivers/STM32L1xx_HAL_Driver/Src/stm32l1xx_hal_rcc.o
                0x08004da8                HAL_RCC_GetSysClockFreq
 .text.HAL_RCC_GetHCLKFreq
                0x08004fa8       0x14 ./Drivers/STM32L1xx_HAL_Driver/Src/stm32l1xx_hal_rcc.o
                0x08004fa8                HAL_RCC_GetHCLKFreq
 .text.HAL_RCC_GetPCLK1Freq
                0x08004fbc       0x28 ./Drivers/STM32L1xx_HAL_Driver/Src/stm32l1xx_hal_rcc.o
                0x08004fbc                HAL_RCC_GetPCLK1Freq
 .text.HAL_RCC_GetPCLK2Freq
                0x08004fe4       0x28 ./Drivers/STM32L1xx_HAL_Driver/Src/stm32l1xx_hal_rcc.o
                0x08004fe4                HAL_RCC_GetPCLK2Freq
 .text.RCC_SetFlashLatencyFromMSIRange
                0x0800500c       0xc0 ./Drivers/STM32L1xx_HAL_Driver/Src/stm32l1xx_hal_rcc.o
 .text.HAL_TIM_Base_Init
                0x080050cc       0x7e ./Drivers/STM32L1xx_HAL_Driver/Src/stm32l1xx_hal_tim.o
                0x080050cc                HAL_TIM_Base_Init
 *fill*         0x0800514a        0x2 
 .text.HAL_TIM_Base_Start_IT
                0x0800514c       0xa4 ./Drivers/STM32L1xx_HAL_Driver/Src/stm32l1xx_hal_tim.o
                0x0800514c                HAL_TIM_Base_Start_IT
 .text.HAL_TIM_PWM_Init
                0x080051f0       0x7e ./Drivers/STM32L1xx_HAL_Driver/Src/stm32l1xx_hal_tim.o
                0x080051f0                HAL_TIM_PWM_Init
 .text.HAL_TIM_PWM_MspInit
                0x0800526e       0x12 ./Drivers/STM32L1xx_HAL_Driver/Src/stm32l1xx_hal_tim.o
                0x0800526e                HAL_TIM_PWM_MspInit
 .text.HAL_TIM_PWM_Start
                0x08005280      0x12c ./Drivers/STM32L1xx_HAL_Driver/Src/stm32l1xx_hal_tim.o
                0x08005280                HAL_TIM_PWM_Start
 .text.HAL_TIM_IRQHandler
                0x080053ac      0x198 ./Drivers/STM32L1xx_HAL_Driver/Src/stm32l1xx_hal_tim.o
                0x080053ac                HAL_TIM_IRQHandler
 .text.HAL_TIM_PWM_ConfigChannel
                0x08005544      0x184 ./Drivers/STM32L1xx_HAL_Driver/Src/stm32l1xx_hal_tim.o
                0x08005544                HAL_TIM_PWM_ConfigChannel
 .text.HAL_TIM_ConfigClockSource
                0x080056c8      0x18e ./Drivers/STM32L1xx_HAL_Driver/Src/stm32l1xx_hal_tim.o
                0x080056c8                HAL_TIM_ConfigClockSource
 .text.HAL_TIM_OC_DelayElapsedCallback
                0x08005856       0x12 ./Drivers/STM32L1xx_HAL_Driver/Src/stm32l1xx_hal_tim.o
                0x08005856                HAL_TIM_OC_DelayElapsedCallback
 .text.HAL_TIM_IC_CaptureCallback
                0x08005868       0x12 ./Drivers/STM32L1xx_HAL_Driver/Src/stm32l1xx_hal_tim.o
                0x08005868                HAL_TIM_IC_CaptureCallback
 .text.HAL_TIM_PWM_PulseFinishedCallback
                0x0800587a       0x12 ./Drivers/STM32L1xx_HAL_Driver/Src/stm32l1xx_hal_tim.o
                0x0800587a                HAL_TIM_PWM_PulseFinishedCallback
 .text.HAL_TIM_TriggerCallback
                0x0800588c       0x12 ./Drivers/STM32L1xx_HAL_Driver/Src/stm32l1xx_hal_tim.o
                0x0800588c                HAL_TIM_TriggerCallback
 *fill*         0x0800589e        0x2 
 .text.TIM_Base_SetConfig
                0x080058a0       0xec ./Drivers/STM32L1xx_HAL_Driver/Src/stm32l1xx_hal_tim.o
 .text.TIM_OC1_SetConfig
                0x0800598c       0x78 ./Drivers/STM32L1xx_HAL_Driver/Src/stm32l1xx_hal_tim.o
 .text.TIM_OC2_SetConfig
                0x08005a04       0x7c ./Drivers/STM32L1xx_HAL_Driver/Src/stm32l1xx_hal_tim.o
 .text.TIM_OC3_SetConfig
                0x08005a80       0x7a ./Drivers/STM32L1xx_HAL_Driver/Src/stm32l1xx_hal_tim.o
 .text.TIM_OC4_SetConfig
                0x08005afa       0x7c ./Drivers/STM32L1xx_HAL_Driver/Src/stm32l1xx_hal_tim.o
 .text.TIM_TI1_ConfigInputStage
                0x08005b76       0x5c ./Drivers/STM32L1xx_HAL_Driver/Src/stm32l1xx_hal_tim.o
 .text.TIM_TI2_ConfigInputStage
                0x08005bd2       0x5e ./Drivers/STM32L1xx_HAL_Driver/Src/stm32l1xx_hal_tim.o
 .text.TIM_ITRx_SetConfig
                0x08005c30       0x34 ./Drivers/STM32L1xx_HAL_Driver/Src/stm32l1xx_hal_tim.o
 .text.TIM_ETR_SetConfig
                0x08005c64       0x3e ./Drivers/STM32L1xx_HAL_Driver/Src/stm32l1xx_hal_tim.o
 .text.TIM_CCxChannelCmd
                0x08005ca2       0x48 ./Drivers/STM32L1xx_HAL_Driver/Src/stm32l1xx_hal_tim.o
 *fill*         0x08005cea        0x2 
 .text.HAL_TIMEx_MasterConfigSynchronization
                0x08005cec       0xbc ./Drivers/STM32L1xx_HAL_Driver/Src/stm32l1xx_hal_tim_ex.o
                0x08005cec                HAL_TIMEx_MasterConfigSynchronization
 .text.HAL_UART_Init
                0x08005da8       0xa0 ./Drivers/STM32L1xx_HAL_Driver/Src/stm32l1xx_hal_uart.o
                0x08005da8                HAL_UART_Init
 .text.HAL_UART_IRQHandler
                0x08005e48      0x550 ./Drivers/STM32L1xx_HAL_Driver/Src/stm32l1xx_hal_uart.o
                0x08005e48                HAL_UART_IRQHandler
 .text.HAL_UART_TxCpltCallback
                0x08006398       0x12 ./Drivers/STM32L1xx_HAL_Driver/Src/stm32l1xx_hal_uart.o
                0x08006398                HAL_UART_TxCpltCallback
 .text.HAL_UART_RxCpltCallback
                0x080063aa       0x12 ./Drivers/STM32L1xx_HAL_Driver/Src/stm32l1xx_hal_uart.o
                0x080063aa                HAL_UART_RxCpltCallback
 .text.HAL_UART_ErrorCallback
                0x080063bc       0x12 ./Drivers/STM32L1xx_HAL_Driver/Src/stm32l1xx_hal_uart.o
                0x080063bc                HAL_UART_ErrorCallback
 .text.HAL_UARTEx_RxEventCallback
                0x080063ce       0x16 ./Drivers/STM32L1xx_HAL_Driver/Src/stm32l1xx_hal_uart.o
                0x080063ce                HAL_UARTEx_RxEventCallback
 .text.UART_EndRxTransfer
                0x080063e4       0xc4 ./Drivers/STM32L1xx_HAL_Driver/Src/stm32l1xx_hal_uart.o
 .text.UART_DMAAbortOnError
                0x080064a8       0x22 ./Drivers/STM32L1xx_HAL_Driver/Src/stm32l1xx_hal_uart.o
 .text.UART_Transmit_IT
                0x080064ca       0x9e ./Drivers/STM32L1xx_HAL_Driver/Src/stm32l1xx_hal_uart.o
 .text.UART_EndTransmit_IT
                0x08006568       0x30 ./Drivers/STM32L1xx_HAL_Driver/Src/stm32l1xx_hal_uart.o
 .text.UART_Receive_IT
                0x08006598      0x17c ./Drivers/STM32L1xx_HAL_Driver/Src/stm32l1xx_hal_uart.o
 .text.UART_SetConfig
                0x08006714      0x1c8 ./Drivers/STM32L1xx_HAL_Driver/Src/stm32l1xx_hal_uart.o
 .text.memset   0x080068dc       0x10 C:/ST/STM32CubeIDE_1.11.0/STM32CubeIDE/plugins/com.st.stm32cube.ide.mcu.externaltools.gnu-tools-for-stm32.13.3.rel1.win32_1.0.0.202411081344/tools/bin/../lib/gcc/arm-none-eabi/13.3.1/../../../../arm-none-eabi/lib/thumb/v7-m/nofp\libc_nano.a(libc_a-memset.o)
                0x080068dc                memset
 .text.__libc_init_array
                0x080068ec       0x48 C:/ST/STM32CubeIDE_1.11.0/STM32CubeIDE/plugins/com.st.stm32cube.ide.mcu.externaltools.gnu-tools-for-stm32.13.3.rel1.win32_1.0.0.202411081344/tools/bin/../lib/gcc/arm-none-eabi/13.3.1/../../../../arm-none-eabi/lib/thumb/v7-m/nofp\libc_nano.a(libc_a-init.o)
                0x080068ec                __libc_init_array
 .text.memcpy   0x08006934       0x1c C:/ST/STM32CubeIDE_1.11.0/STM32CubeIDE/plugins/com.st.stm32cube.ide.mcu.externaltools.gnu-tools-for-stm32.13.3.rel1.win32_1.0.0.202411081344/tools/bin/../lib/gcc/arm-none-eabi/13.3.1/../../../../arm-none-eabi/lib/thumb/v7-m/nofp\libc_nano.a(libc_a-memcpy-stub.o)
                0x08006934                memcpy
 *(.glue_7)
 .glue_7        0x08006950        0x0 linker stubs
 *(.glue_7t)
 .glue_7t       0x08006950        0x0 linker stubs
 *(.eh_frame)
 .eh_frame      0x08006950        0x0 C:/ST/STM32CubeIDE_1.11.0/STM32CubeIDE/plugins/com.st.stm32cube.ide.mcu.externaltools.gnu-tools-for-stm32.13.3.rel1.win32_1.0.0.202411081344/tools/bin/../lib/gcc/arm-none-eabi/13.3.1/thumb/v7-m/nofp/crtbegin.o
 *(.init)
 .init          0x08006950        0x4 C:/ST/STM32CubeIDE_1.11.0/STM32CubeIDE/plugins/com.st.stm32cube.ide.mcu.externaltools.gnu-tools-for-stm32.13.3.rel1.win32_1.0.0.202411081344/tools/bin/../lib/gcc/arm-none-eabi/13.3.1/thumb/v7-m/nofp/crti.o
                0x08006950                _init
 .init          0x08006954        0x8 C:/ST/STM32CubeIDE_1.11.0/STM32CubeIDE/plugins/com.st.stm32cube.ide.mcu.externaltools.gnu-tools-for-stm32.13.3.rel1.win32_1.0.0.202411081344/tools/bin/../lib/gcc/arm-none-eabi/13.3.1/thumb/v7-m/nofp/crtn.o
 *(.fini)
 .fini          0x0800695c        0x4 C:/ST/STM32CubeIDE_1.11.0/STM32CubeIDE/plugins/com.st.stm32cube.ide.mcu.externaltools.gnu-tools-for-stm32.13.3.rel1.win32_1.0.0.202411081344/tools/bin/../lib/gcc/arm-none-eabi/13.3.1/thumb/v7-m/nofp/crti.o
                0x0800695c                _fini
 .fini          0x08006960        0x8 C:/ST/STM32CubeIDE_1.11.0/STM32CubeIDE/plugins/com.st.stm32cube.ide.mcu.externaltools.gnu-tools-for-stm32.13.3.rel1.win32_1.0.0.202411081344/tools/bin/../lib/gcc/arm-none-eabi/13.3.1/thumb/v7-m/nofp/crtn.o
                0x08006968                        . = ALIGN (0x4)
                0x08006968                        _etext = .

.vfp11_veneer   0x08006968        0x0
 .vfp11_veneer  0x08006968        0x0 linker stubs

.v4_bx          0x08006968        0x0
 .v4_bx         0x08006968        0x0 linker stubs

.iplt           0x08006968        0x0
 .iplt          0x08006968        0x0 C:/ST/STM32CubeIDE_1.11.0/STM32CubeIDE/plugins/com.st.stm32cube.ide.mcu.externaltools.gnu-tools-for-stm32.13.3.rel1.win32_1.0.0.202411081344/tools/bin/../lib/gcc/arm-none-eabi/13.3.1/thumb/v7-m/nofp/crtbegin.o

.rodata         0x08006968       0x24
                0x08006968                        . = ALIGN (0x4)
 *(.rodata)
 *(.rodata*)
 .rodata.PLLMulTable
                0x08006968        0x9 ./Core/Src/system_stm32l1xx.o
                0x08006968                PLLMulTable
 *fill*         0x08006971        0x3 
 .rodata.AHBPrescTable
                0x08006974       0x10 ./Core/Src/system_stm32l1xx.o
                0x08006974                AHBPrescTable
 .rodata.APBPrescTable
                0x08006984        0x8 ./Core/Src/system_stm32l1xx.o
                0x08006984                APBPrescTable
                0x0800698c                        . = ALIGN (0x4)

.ARM.extab      0x0800698c        0x0
                0x0800698c                        . = ALIGN (0x4)
 *(.ARM.extab* .gnu.linkonce.armextab.*)
                0x0800698c                        . = ALIGN (0x4)

.ARM            0x0800698c        0x8
                0x0800698c                        . = ALIGN (0x4)
                0x0800698c                        __exidx_start = .
 *(.ARM.exidx*)
 .ARM.exidx     0x0800698c        0x8 C:/ST/STM32CubeIDE_1.11.0/STM32CubeIDE/plugins/com.st.stm32cube.ide.mcu.externaltools.gnu-tools-for-stm32.13.3.rel1.win32_1.0.0.202411081344/tools/bin/../lib/gcc/arm-none-eabi/13.3.1/thumb/v7-m/nofp\libgcc.a(_udivmoddi4.o)
                0x08006994                        __exidx_end = .
                0x08006994                        . = ALIGN (0x4)

.preinit_array  0x08006994        0x0
                0x08006994                        . = ALIGN (0x4)
                0x08006994                        PROVIDE (__preinit_array_start = .)
 *(.preinit_array*)
                0x08006994                        PROVIDE (__preinit_array_end = .)
                0x08006994                        . = ALIGN (0x4)

.init_array     0x08006994        0x4
                0x08006994                        . = ALIGN (0x4)
                0x08006994                        PROVIDE (__init_array_start = .)
 *(SORT_BY_NAME(.init_array.*))
 *(.init_array*)
 .init_array    0x08006994        0x4 C:/ST/STM32CubeIDE_1.11.0/STM32CubeIDE/plugins/com.st.stm32cube.ide.mcu.externaltools.gnu-tools-for-stm32.13.3.rel1.win32_1.0.0.202411081344/tools/bin/../lib/gcc/arm-none-eabi/13.3.1/thumb/v7-m/nofp/crtbegin.o
                0x08006998                        PROVIDE (__init_array_end = .)
                0x08006998                        . = ALIGN (0x4)

.fini_array     0x08006998        0x4
                0x08006998                        . = ALIGN (0x4)
                [!provide]                        PROVIDE (__fini_array_start = .)
 *(SORT_BY_NAME(.fini_array.*))
 *(.fini_array*)
 .fini_array    0x08006998        0x4 C:/ST/STM32CubeIDE_1.11.0/STM32CubeIDE/plugins/com.st.stm32cube.ide.mcu.externaltools.gnu-tools-for-stm32.13.3.rel1.win32_1.0.0.202411081344/tools/bin/../lib/gcc/arm-none-eabi/13.3.1/thumb/v7-m/nofp/crtbegin.o
                [!provide]                        PROVIDE (__fini_array_end = .)
                0x0800699c                        . = ALIGN (0x4)
                0x0800699c                        _sidata = LOADADDR (.data)

.rel.dyn        0x0800699c        0x0
 .rel.iplt      0x0800699c        0x0 C:/ST/STM32CubeIDE_1.11.0/STM32CubeIDE/plugins/com.st.stm32cube.ide.mcu.externaltools.gnu-tools-for-stm32.13.3.rel1.win32_1.0.0.202411081344/tools/bin/../lib/gcc/arm-none-eabi/13.3.1/thumb/v7-m/nofp/crtbegin.o

.data           0x20000000       0x18 load address 0x0800699c
                0x20000000                        . = ALIGN (0x4)
                0x20000000                        _sdata = .
 *(.data)
 *(.data*)
 .data.g_i2cAddr
                0x20000000        0x1 ./Core/Src/VL53L0X.o
                0x20000000                g_i2cAddr
 .data.pulses_per_revolution
                0x20000001        0x1 ./Core/Src/measure_speed_FC33.o
 *fill*         0x20000002        0x2 
 .data.wheel_diameter_cm
                0x20000004        0x4 ./Core/Src/measure_speed_FC33.o
 .data.timer_period_ms
                0x20000008        0x4 ./Core/Src/measure_speed_FC33.o
 .data.SystemCoreClock
                0x2000000c        0x4 ./Core/Src/system_stm32l1xx.o
                0x2000000c                SystemCoreClock
 .data.uwTickPrio
                0x20000010        0x4 ./Drivers/STM32L1xx_HAL_Driver/Src/stm32l1xx_hal.o
                0x20000010                uwTickPrio
 .data.uwTickFreq
                0x20000014        0x4 ./Drivers/STM32L1xx_HAL_Driver/Src/stm32l1xx_hal.o
                0x20000014                uwTickFreq
 *(.RamFunc)
 *(.RamFunc*)
                0x20000018                        . = ALIGN (0x4)
                0x20000018                        _edata = .

.igot.plt       0x20000018        0x0 load address 0x080069b4
 .igot.plt      0x20000018        0x0 C:/ST/STM32CubeIDE_1.11.0/STM32CubeIDE/plugins/com.st.stm32cube.ide.mcu.externaltools.gnu-tools-for-stm32.13.3.rel1.win32_1.0.0.202411081344/tools/bin/../lib/gcc/arm-none-eabi/13.3.1/thumb/v7-m/nofp/crtbegin.o
                0x20000018                        . = ALIGN (0x4)

.bss            0x20000018      0x310 load address 0x080069b4
                0x20000018                        _sbss = .
                0x20000018                        __bss_start__ = _sbss
 *(.bss)
 .bss           0x20000018       0x1c C:/ST/STM32CubeIDE_1.11.0/STM32CubeIDE/plugins/com.st.stm32cube.ide.mcu.externaltools.gnu-tools-for-stm32.13.3.rel1.win32_1.0.0.202411081344/tools/bin/../lib/gcc/arm-none-eabi/13.3.1/thumb/v7-m/nofp/crtbegin.o
 *(.bss*)
 .bss.g_ioTimeout
                0x20000034        0x2 ./Core/Src/VL53L0X.o
                0x20000034                g_ioTimeout
 .bss.g_timeoutStartMs
                0x20000036        0x2 ./Core/Src/VL53L0X.o
                0x20000036                g_timeoutStartMs
 .bss.g_stopVariable
                0x20000038        0x1 ./Core/Src/VL53L0X.o
                0x20000038                g_stopVariable
 *fill*         0x20000039        0x3 
 .bss.g_measTimBudUs
                0x2000003c        0x4 ./Core/Src/VL53L0X.o
                0x2000003c                g_measTimBudUs
 .bss.VL53L0X_I2C_Handler
                0x20000040       0x54 ./Core/Src/VL53L0X.o
                0x20000040                VL53L0X_I2C_Handler
 .bss.msgBuffer
                0x20000094        0x4 ./Core/Src/VL53L0X.o
                0x20000094                msgBuffer
 .bss.i2cStat   0x20000098        0x1 ./Core/Src/VL53L0X.o
                0x20000098                i2cStat
 *fill*         0x20000099        0x3 
 .bss.hi2c1     0x2000009c       0x54 ./Core/Src/main.o
                0x2000009c                hi2c1
 .bss.hi2c2     0x200000f0       0x54 ./Core/Src/main.o
                0x200000f0                hi2c2
 .bss.htim2     0x20000144       0x40 ./Core/Src/main.o
                0x20000144                htim2
 .bss.htim3     0x20000184       0x40 ./Core/Src/main.o
                0x20000184                htim3
 .bss.htim4     0x200001c4       0x40 ./Core/Src/main.o
                0x200001c4                htim4
 .bss.htim5     0x20000204       0x40 ./Core/Src/main.o
                0x20000204                htim5
 .bss.htim6     0x20000244       0x40 ./Core/Src/main.o
                0x20000244                htim6
 .bss.huart1    0x20000284       0x48 ./Core/Src/main.o
                0x20000284                huart1
 .bss.huart2    0x200002cc       0x48 ./Core/Src/main.o
                0x200002cc                huart2
 .bss.pulses_count
                0x20000314        0x4 ./Core/Src/measure_speed_FC33.o
 .bss.last_pulses
                0x20000318        0x4 ./Core/Src/measure_speed_FC33.o
 .bss.last_speed_сmps
                0x2000031c        0x4 ./Core/Src/measure_speed_FC33.o
 .bss.last_exti_time
                0x20000320        0x4 ./Core/Src/measure_speed_FC33.o
 .bss.uwTick    0x20000324        0x4 ./Drivers/STM32L1xx_HAL_Driver/Src/stm32l1xx_hal.o
                0x20000324                uwTick
 *(COMMON)
                0x20000328                        . = ALIGN (0x4)
                0x20000328                        _ebss = .
                0x20000328                        __bss_end__ = _ebss

._user_heap_stack
                0x20000328      0x600 load address 0x080069b4
                0x20000328                        . = ALIGN (0x8)
                [!provide]                        PROVIDE (end = .)
                0x20000328                        PROVIDE (_end = .)
                0x20000528                        . = (. + _Min_Heap_Size)
 *fill*         0x20000328      0x200 
                0x20000928                        . = (. + _Min_Stack_Size)
 *fill*         0x20000528      0x400 
                0x20000928                        . = ALIGN (0x8)

/DISCARD/
 libc.a(*)
 libm.a(*)
 libgcc.a(*)

.ARM.attributes
                0x00000000       0x29
 *(.ARM.attributes)
 .ARM.attributes
                0x00000000       0x1d C:/ST/STM32CubeIDE_1.11.0/STM32CubeIDE/plugins/com.st.stm32cube.ide.mcu.externaltools.gnu-tools-for-stm32.13.3.rel1.win32_1.0.0.202411081344/tools/bin/../lib/gcc/arm-none-eabi/13.3.1/thumb/v7-m/nofp/crti.o
 .ARM.attributes
                0x0000001d       0x2d C:/ST/STM32CubeIDE_1.11.0/STM32CubeIDE/plugins/com.st.stm32cube.ide.mcu.externaltools.gnu-tools-for-stm32.13.3.rel1.win32_1.0.0.202411081344/tools/bin/../lib/gcc/arm-none-eabi/13.3.1/thumb/v7-m/nofp/crtbegin.o
 .ARM.attributes
                0x0000004a       0x2d ./Core/Src/VL53L0X.o
 .ARM.attributes
                0x00000077       0x2d ./Core/Src/main.o
 .ARM.attributes
                0x000000a4       0x2d ./Core/Src/measure_speed_FC33.o
 .ARM.attributes
                0x000000d1       0x2d ./Core/Src/stm32l1xx_hal_msp.o
 .ARM.attributes
                0x000000fe       0x2d ./Core/Src/stm32l1xx_it.o
 .ARM.attributes
                0x0000012b       0x2d ./Core/Src/system_stm32l1xx.o
 .ARM.attributes
                0x00000158       0x21 ./Core/Startup/startup_stm32l151cctx.o
 .ARM.attributes
                0x00000179       0x2d ./Drivers/STM32L1xx_HAL_Driver/Src/stm32l1xx_hal.o
 .ARM.attributes
                0x000001a6       0x2d ./Drivers/STM32L1xx_HAL_Driver/Src/stm32l1xx_hal_cortex.o
 .ARM.attributes
                0x000001d3       0x2d ./Drivers/STM32L1xx_HAL_Driver/Src/stm32l1xx_hal_dma.o
 .ARM.attributes
                0x00000200       0x2d ./Drivers/STM32L1xx_HAL_Driver/Src/stm32l1xx_hal_gpio.o
 .ARM.attributes
                0x0000022d       0x2d ./Drivers/STM32L1xx_HAL_Driver/Src/stm32l1xx_hal_i2c.o
 .ARM.attributes
                0x0000025a       0x2d ./Drivers/STM32L1xx_HAL_Driver/Src/stm32l1xx_hal_rcc.o
 .ARM.attributes
                0x00000287       0x2d ./Drivers/STM32L1xx_HAL_Driver/Src/stm32l1xx_hal_tim.o
 .ARM.attributes
                0x000002b4       0x2d ./Drivers/STM32L1xx_HAL_Driver/Src/stm32l1xx_hal_tim_ex.o
 .ARM.attributes
                0x000002e1       0x2d ./Drivers/STM32L1xx_HAL_Driver/Src/stm32l1xx_hal_uart.o
 .ARM.attributes
                0x0000030e       0x2d C:/ST/STM32CubeIDE_1.11.0/STM32CubeIDE/plugins/com.st.stm32cube.ide.mcu.externaltools.gnu-tools-for-stm32.13.3.rel1.win32_1.0.0.202411081344/tools/bin/../lib/gcc/arm-none-eabi/13.3.1/../../../../arm-none-eabi/lib/thumb/v7-m/nofp\libc_nano.a(libc_a-memset.o)
 .ARM.attributes
                0x0000033b       0x2d C:/ST/STM32CubeIDE_1.11.0/STM32CubeIDE/plugins/com.st.stm32cube.ide.mcu.externaltools.gnu-tools-for-stm32.13.3.rel1.win32_1.0.0.202411081344/tools/bin/../lib/gcc/arm-none-eabi/13.3.1/../../../../arm-none-eabi/lib/thumb/v7-m/nofp\libc_nano.a(libc_a-init.o)
 .ARM.attributes
                0x00000368       0x2d C:/ST/STM32CubeIDE_1.11.0/STM32CubeIDE/plugins/com.st.stm32cube.ide.mcu.externaltools.gnu-tools-for-stm32.13.3.rel1.win32_1.0.0.202411081344/tools/bin/../lib/gcc/arm-none-eabi/13.3.1/../../../../arm-none-eabi/lib/thumb/v7-m/nofp\libc_nano.a(libc_a-memcpy-stub.o)
 .ARM.attributes
                0x00000395       0x1d C:/ST/STM32CubeIDE_1.11.0/STM32CubeIDE/plugins/com.st.stm32cube.ide.mcu.externaltools.gnu-tools-for-stm32.13.3.rel1.win32_1.0.0.202411081344/tools/bin/../lib/gcc/arm-none-eabi/13.3.1/thumb/v7-m/nofp\libgcc.a(_arm_addsubdf3.o)
 .ARM.attributes
                0x000003b2       0x1d C:/ST/STM32CubeIDE_1.11.0/STM32CubeIDE/plugins/com.st.stm32cube.ide.mcu.externaltools.gnu-tools-for-stm32.13.3.rel1.win32_1.0.0.202411081344/tools/bin/../lib/gcc/arm-none-eabi/13.3.1/thumb/v7-m/nofp\libgcc.a(_arm_cmpdf2.o)
 .ARM.attributes
                0x000003cf       0x1d C:/ST/STM32CubeIDE_1.11.0/STM32CubeIDE/plugins/com.st.stm32cube.ide.mcu.externaltools.gnu-tools-for-stm32.13.3.rel1.win32_1.0.0.202411081344/tools/bin/../lib/gcc/arm-none-eabi/13.3.1/thumb/v7-m/nofp\libgcc.a(_arm_addsubsf3.o)
 .ARM.attributes
                0x000003ec       0x1d C:/ST/STM32CubeIDE_1.11.0/STM32CubeIDE/plugins/com.st.stm32cube.ide.mcu.externaltools.gnu-tools-for-stm32.13.3.rel1.win32_1.0.0.202411081344/tools/bin/../lib/gcc/arm-none-eabi/13.3.1/thumb/v7-m/nofp\libgcc.a(_arm_muldivsf3.o)
 .ARM.attributes
                0x00000409       0x1d C:/ST/STM32CubeIDE_1.11.0/STM32CubeIDE/plugins/com.st.stm32cube.ide.mcu.externaltools.gnu-tools-for-stm32.13.3.rel1.win32_1.0.0.202411081344/tools/bin/../lib/gcc/arm-none-eabi/13.3.1/thumb/v7-m/nofp\libgcc.a(_arm_cmpsf2.o)
 .ARM.attributes
                0x00000426       0x1d C:/ST/STM32CubeIDE_1.11.0/STM32CubeIDE/plugins/com.st.stm32cube.ide.mcu.externaltools.gnu-tools-for-stm32.13.3.rel1.win32_1.0.0.202411081344/tools/bin/../lib/gcc/arm-none-eabi/13.3.1/thumb/v7-m/nofp\libgcc.a(_arm_fixunssfsi.o)
 .ARM.attributes
                0x00000443       0x1d C:/ST/STM32CubeIDE_1.11.0/STM32CubeIDE/plugins/com.st.stm32cube.ide.mcu.externaltools.gnu-tools-for-stm32.13.3.rel1.win32_1.0.0.202411081344/tools/bin/../lib/gcc/arm-none-eabi/13.3.1/thumb/v7-m/nofp\libgcc.a(_aeabi_uldivmod.o)
 .ARM.attributes
                0x00000460       0x2d C:/ST/STM32CubeIDE_1.11.0/STM32CubeIDE/plugins/com.st.stm32cube.ide.mcu.externaltools.gnu-tools-for-stm32.13.3.rel1.win32_1.0.0.202411081344/tools/bin/../lib/gcc/arm-none-eabi/13.3.1/thumb/v7-m/nofp\libgcc.a(_udivmoddi4.o)
 .ARM.attributes
                0x0000048d       0x1d C:/ST/STM32CubeIDE_1.11.0/STM32CubeIDE/plugins/com.st.stm32cube.ide.mcu.externaltools.gnu-tools-for-stm32.13.3.rel1.win32_1.0.0.202411081344/tools/bin/../lib/gcc/arm-none-eabi/13.3.1/thumb/v7-m/nofp\libgcc.a(_dvmd_tls.o)
 .ARM.attributes
                0x000004aa       0x1d C:/ST/STM32CubeIDE_1.11.0/STM32CubeIDE/plugins/com.st.stm32cube.ide.mcu.externaltools.gnu-tools-for-stm32.13.3.rel1.win32_1.0.0.202411081344/tools/bin/../lib/gcc/arm-none-eabi/13.3.1/thumb/v7-m/nofp/crtn.o
OUTPUT(rc-car-release.elf elf32-littlearm)
LOAD linker stubs
LOAD C:/ST/STM32CubeIDE_1.11.0/STM32CubeIDE/plugins/com.st.stm32cube.ide.mcu.externaltools.gnu-tools-for-stm32.13.3.rel1.win32_1.0.0.202411081344/tools/bin/../lib/gcc/arm-none-eabi/13.3.1/../../../../arm-none-eabi/lib/thumb/v7-m/nofp\libc.a
LOAD C:/ST/STM32CubeIDE_1.11.0/STM32CubeIDE/plugins/com.st.stm32cube.ide.mcu.externaltools.gnu-tools-for-stm32.13.3.rel1.win32_1.0.0.202411081344/tools/bin/../lib/gcc/arm-none-eabi/13.3.1/../../../../arm-none-eabi/lib/thumb/v7-m/nofp\libm.a
LOAD C:/ST/STM32CubeIDE_1.11.0/STM32CubeIDE/plugins/com.st.stm32cube.ide.mcu.externaltools.gnu-tools-for-stm32.13.3.rel1.win32_1.0.0.202411081344/tools/bin/../lib/gcc/arm-none-eabi/13.3.1/thumb/v7-m/nofp\libgcc.a

.debug_info     0x00000000     0xf4b0
 .debug_info    0x00000000     0x125e ./Core/Src/VL53L0X.o
 .debug_info    0x0000125e     0x1764 ./Core/Src/main.o
 .debug_info    0x000029c2      0x20f ./Core/Src/measure_speed_FC33.o
 .debug_info    0x00002bd1     0x11e6 ./Core/Src/stm32l1xx_hal_msp.o
 .debug_info    0x00003db7      0x98a ./Core/Src/stm32l1xx_it.o
 .debug_info    0x00004741      0x27c ./Core/Src/system_stm32l1xx.o
 .debug_info    0x000049bd       0x30 ./Core/Startup/startup_stm32l151cctx.o
 .debug_info    0x000049ed      0x6dd ./Drivers/STM32L1xx_HAL_Driver/Src/stm32l1xx_hal.o
 .debug_info    0x000050ca      0xcd3 ./Drivers/STM32L1xx_HAL_Driver/Src/stm32l1xx_hal_cortex.o
 .debug_info    0x00005d9d      0x6e1 ./Drivers/STM32L1xx_HAL_Driver/Src/stm32l1xx_hal_dma.o
 .debug_info    0x0000647e      0x5a6 ./Drivers/STM32L1xx_HAL_Driver/Src/stm32l1xx_hal_gpio.o
 .debug_info    0x00006a24     0x23b6 ./Drivers/STM32L1xx_HAL_Driver/Src/stm32l1xx_hal_i2c.o
 .debug_info    0x00008dda      0x971 ./Drivers/STM32L1xx_HAL_Driver/Src/stm32l1xx_hal_rcc.o
 .debug_info    0x0000974b     0x27cc ./Drivers/STM32L1xx_HAL_Driver/Src/stm32l1xx_hal_tim.o
 .debug_info    0x0000bf17      0x6a7 ./Drivers/STM32L1xx_HAL_Driver/Src/stm32l1xx_hal_tim_ex.o
 .debug_info    0x0000c5be     0x2ef2 ./Drivers/STM32L1xx_HAL_Driver/Src/stm32l1xx_hal_uart.o

.debug_abbrev   0x00000000     0x2225
 .debug_abbrev  0x00000000      0x377 ./Core/Src/VL53L0X.o
 .debug_abbrev  0x00000377      0x302 ./Core/Src/main.o
 .debug_abbrev  0x00000679       0xe4 ./Core/Src/measure_speed_FC33.o
 .debug_abbrev  0x0000075d      0x203 ./Core/Src/stm32l1xx_hal_msp.o
 .debug_abbrev  0x00000960      0x1c1 ./Core/Src/stm32l1xx_it.o
 .debug_abbrev  0x00000b21      0x11c ./Core/Src/system_stm32l1xx.o
 .debug_abbrev  0x00000c3d       0x24 ./Core/Startup/startup_stm32l151cctx.o
 .debug_abbrev  0x00000c61      0x275 ./Drivers/STM32L1xx_HAL_Driver/Src/stm32l1xx_hal.o
 .debug_abbrev  0x00000ed6      0x31c ./Drivers/STM32L1xx_HAL_Driver/Src/stm32l1xx_hal_cortex.o
 .debug_abbrev  0x000011f2      0x20e ./Drivers/STM32L1xx_HAL_Driver/Src/stm32l1xx_hal_dma.o
 .debug_abbrev  0x00001400      0x1d4 ./Drivers/STM32L1xx_HAL_Driver/Src/stm32l1xx_hal_gpio.o
 .debug_abbrev  0x000015d4      0x2a9 ./Drivers/STM32L1xx_HAL_Driver/Src/stm32l1xx_hal_i2c.o
 .debug_abbrev  0x0000187d      0x2b8 ./Drivers/STM32L1xx_HAL_Driver/Src/stm32l1xx_hal_rcc.o
 .debug_abbrev  0x00001b35      0x26f ./Drivers/STM32L1xx_HAL_Driver/Src/stm32l1xx_hal_tim.o
 .debug_abbrev  0x00001da4      0x179 ./Drivers/STM32L1xx_HAL_Driver/Src/stm32l1xx_hal_tim_ex.o
 .debug_abbrev  0x00001f1d      0x308 ./Drivers/STM32L1xx_HAL_Driver/Src/stm32l1xx_hal_uart.o

.debug_aranges  0x00000000      0xf30
 .debug_aranges
                0x00000000      0x118 ./Core/Src/VL53L0X.o
 .debug_aranges
                0x00000118       0x90 ./Core/Src/main.o
 .debug_aranges
                0x000001a8       0x40 ./Core/Src/measure_speed_FC33.o
 .debug_aranges
                0x000001e8       0x58 ./Core/Src/stm32l1xx_hal_msp.o
 .debug_aranges
                0x00000240       0x88 ./Core/Src/stm32l1xx_it.o
 .debug_aranges
                0x000002c8       0x28 ./Core/Src/system_stm32l1xx.o
 .debug_aranges
                0x000002f0       0x28 ./Core/Startup/startup_stm32l151cctx.o
 .debug_aranges
                0x00000318       0xe0 ./Drivers/STM32L1xx_HAL_Driver/Src/stm32l1xx_hal.o
 .debug_aranges
                0x000003f8      0x128 ./Drivers/STM32L1xx_HAL_Driver/Src/stm32l1xx_hal_cortex.o
 .debug_aranges
                0x00000520       0x80 ./Drivers/STM32L1xx_HAL_Driver/Src/stm32l1xx_hal_dma.o
 .debug_aranges
                0x000005a0       0x58 ./Drivers/STM32L1xx_HAL_Driver/Src/stm32l1xx_hal_gpio.o
 .debug_aranges
                0x000005f8      0x2a8 ./Drivers/STM32L1xx_HAL_Driver/Src/stm32l1xx_hal_i2c.o
 .debug_aranges
                0x000008a0       0x90 ./Drivers/STM32L1xx_HAL_Driver/Src/stm32l1xx_hal_rcc.o
 .debug_aranges
                0x00000930      0x3d0 ./Drivers/STM32L1xx_HAL_Driver/Src/stm32l1xx_hal_tim.o
 .debug_aranges
                0x00000d00       0x28 ./Drivers/STM32L1xx_HAL_Driver/Src/stm32l1xx_hal_tim_ex.o
 .debug_aranges
                0x00000d28      0x208 ./Drivers/STM32L1xx_HAL_Driver/Src/stm32l1xx_hal_uart.o

.debug_rnglists
                0x00000000      0xbec
 .debug_rnglists
                0x00000000       0xd7 ./Core/Src/VL53L0X.o
 .debug_rnglists
                0x000000d7       0x6e ./Core/Src/main.o
 .debug_rnglists
                0x00000145       0x2c ./Core/Src/measure_speed_FC33.o
 .debug_rnglists
                0x00000171       0x42 ./Core/Src/stm32l1xx_hal_msp.o
 .debug_rnglists
                0x000001b3       0x61 ./Core/Src/stm32l1xx_it.o
 .debug_rnglists
                0x00000214       0x1a ./Core/Src/system_stm32l1xx.o
 .debug_rnglists
                0x0000022e       0x19 ./Core/Startup/startup_stm32l151cctx.o
 .debug_rnglists
                0x00000247       0xa3 ./Drivers/STM32L1xx_HAL_Driver/Src/stm32l1xx_hal.o
 .debug_rnglists
                0x000002ea       0xd9 ./Drivers/STM32L1xx_HAL_Driver/Src/stm32l1xx_hal_cortex.o
 .debug_rnglists
                0x000003c3       0x64 ./Drivers/STM32L1xx_HAL_Driver/Src/stm32l1xx_hal_dma.o
 .debug_rnglists
                0x00000427       0x3f ./Drivers/STM32L1xx_HAL_Driver/Src/stm32l1xx_hal_gpio.o
 .debug_rnglists
                0x00000466      0x23c ./Drivers/STM32L1xx_HAL_Driver/Src/stm32l1xx_hal_i2c.o
 .debug_rnglists
                0x000006a2       0x6d ./Drivers/STM32L1xx_HAL_Driver/Src/stm32l1xx_hal_rcc.o
 .debug_rnglists
                0x0000070f      0x307 ./Drivers/STM32L1xx_HAL_Driver/Src/stm32l1xx_hal_tim.o
 .debug_rnglists
                0x00000a16       0x1a ./Drivers/STM32L1xx_HAL_Driver/Src/stm32l1xx_hal_tim_ex.o
 .debug_rnglists
                0x00000a30      0x1bc ./Drivers/STM32L1xx_HAL_Driver/Src/stm32l1xx_hal_uart.o

.debug_macro    0x00000000    0x16003
 .debug_macro   0x00000000      0x2c0 ./Core/Src/VL53L0X.o
 .debug_macro   0x000002c0      0xacc ./Core/Src/VL53L0X.o
 .debug_macro   0x00000d8c       0x22 ./Core/Src/VL53L0X.o
 .debug_macro   0x00000dae       0x8e ./Core/Src/VL53L0X.o
 .debug_macro   0x00000e3c       0x51 ./Core/Src/VL53L0X.o
 .debug_macro   0x00000e8d      0x103 ./Core/Src/VL53L0X.o
 .debug_macro   0x00000f90       0x6a ./Core/Src/VL53L0X.o
 .debug_macro   0x00000ffa      0x1df ./Core/Src/VL53L0X.o
 .debug_macro   0x000011d9       0x61 ./Core/Src/VL53L0X.o
 .debug_macro   0x0000123a       0x24 ./Core/Src/VL53L0X.o
 .debug_macro   0x0000125e       0x43 ./Core/Src/VL53L0X.o
 .debug_macro   0x000012a1       0x34 ./Core/Src/VL53L0X.o
 .debug_macro   0x000012d5      0x190 ./Core/Src/VL53L0X.o
 .debug_macro   0x00001465      0x370 ./Core/Src/VL53L0X.o
 .debug_macro   0x000017d5       0x16 ./Core/Src/VL53L0X.o
 .debug_macro   0x000017eb       0x4a ./Core/Src/VL53L0X.o
 .debug_macro   0x00001835       0x34 ./Core/Src/VL53L0X.o
 .debug_macro   0x00001869       0x10 ./Core/Src/VL53L0X.o
 .debug_macro   0x00001879       0x58 ./Core/Src/VL53L0X.o
 .debug_macro   0x000018d1       0x8e ./Core/Src/VL53L0X.o
 .debug_macro   0x0000195f       0x1c ./Core/Src/VL53L0X.o
 .debug_macro   0x0000197b      0x185 ./Core/Src/VL53L0X.o
 .debug_macro   0x00001b00       0x10 ./Core/Src/VL53L0X.o
 .debug_macro   0x00001b10       0x3c ./Core/Src/VL53L0X.o
 .debug_macro   0x00001b4c       0x20 ./Core/Src/VL53L0X.o
 .debug_macro   0x00001b6c      0x115 ./Core/Src/VL53L0X.o
 .debug_macro   0x00001c81       0x2e ./Core/Src/VL53L0X.o
 .debug_macro   0x00001caf       0x22 ./Core/Src/VL53L0X.o
 .debug_macro   0x00001cd1       0x1c ./Core/Src/VL53L0X.o
 .debug_macro   0x00001ced       0x22 ./Core/Src/VL53L0X.o
 .debug_macro   0x00001d0f       0xbd ./Core/Src/VL53L0X.o
 .debug_macro   0x00001dcc      0xe49 ./Core/Src/VL53L0X.o
 .debug_macro   0x00002c15      0x11f ./Core/Src/VL53L0X.o
 .debug_macro   0x00002d34     0xb17a ./Core/Src/VL53L0X.o
 .debug_macro   0x0000deae       0x6d ./Core/Src/VL53L0X.o
 .debug_macro   0x0000df1b     0x34e1 ./Core/Src/VL53L0X.o
 .debug_macro   0x000113fc       0x55 ./Core/Src/VL53L0X.o
 .debug_macro   0x00011451      0xe37 ./Core/Src/VL53L0X.o
 .debug_macro   0x00012288      0x1e2 ./Core/Src/VL53L0X.o
 .debug_macro   0x0001246a      0x1b8 ./Core/Src/VL53L0X.o
 .debug_macro   0x00012622       0xb3 ./Core/Src/VL53L0X.o
 .debug_macro   0x000126d5      0x21e ./Core/Src/VL53L0X.o
 .debug_macro   0x000128f3      0x236 ./Core/Src/VL53L0X.o
 .debug_macro   0x00012b29      0x11c ./Core/Src/VL53L0X.o
 .debug_macro   0x00012c45      0x56e ./Core/Src/VL53L0X.o
 .debug_macro   0x000131b3      0x287 ./Core/Src/VL53L0X.o
 .debug_macro   0x0001343a      0x1e9 ./Core/Src/VL53L0X.o
 .debug_macro   0x00013623       0x22 ./Core/Src/VL53L0X.o
 .debug_macro   0x00013645      0x788 ./Core/Src/VL53L0X.o
 .debug_macro   0x00013dcd       0xac ./Core/Src/VL53L0X.o
 .debug_macro   0x00013e79      0x2aa ./Core/Src/VL53L0X.o
 .debug_macro   0x00014123      0x162 ./Core/Src/VL53L0X.o
 .debug_macro   0x00014285      0x3ff ./Core/Src/VL53L0X.o
 .debug_macro   0x00014684       0x40 ./Core/Src/VL53L0X.o
 .debug_macro   0x000146c4      0x1d0 ./Core/Src/main.o
 .debug_macro   0x00014894       0x5b ./Core/Src/main.o
 .debug_macro   0x000148ef      0x1bd ./Core/Src/measure_speed_FC33.o
 .debug_macro   0x00014aac      0x1c3 ./Core/Src/stm32l1xx_hal_msp.o
 .debug_macro   0x00014c6f      0x1cd ./Core/Src/stm32l1xx_it.o
 .debug_macro   0x00014e3c      0x1b9 ./Core/Src/system_stm32l1xx.o
 .debug_macro   0x00014ff5      0x1dd ./Drivers/STM32L1xx_HAL_Driver/Src/stm32l1xx_hal.o
 .debug_macro   0x000151d2      0x1b9 ./Drivers/STM32L1xx_HAL_Driver/Src/stm32l1xx_hal_cortex.o
 .debug_macro   0x0001538b      0x1b9 ./Drivers/STM32L1xx_HAL_Driver/Src/stm32l1xx_hal_dma.o
 .debug_macro   0x00015544      0x1c0 ./Drivers/STM32L1xx_HAL_Driver/Src/stm32l1xx_hal_gpio.o
 .debug_macro   0x00015704      0x207 ./Drivers/STM32L1xx_HAL_Driver/Src/stm32l1xx_hal_i2c.o
 .debug_macro   0x0001590b      0x1cb ./Drivers/STM32L1xx_HAL_Driver/Src/stm32l1xx_hal_rcc.o
 .debug_macro   0x00015ad6      0x1ba ./Drivers/STM32L1xx_HAL_Driver/Src/stm32l1xx_hal_tim.o
 .debug_macro   0x00015c90      0x1b9 ./Drivers/STM32L1xx_HAL_Driver/Src/stm32l1xx_hal_tim_ex.o
 .debug_macro   0x00015e49      0x1ba ./Drivers/STM32L1xx_HAL_Driver/Src/stm32l1xx_hal_uart.o

.debug_line     0x00000000    0x11499
 .debug_line    0x00000000     0x117e ./Core/Src/VL53L0X.o
 .debug_line    0x0000117e      0xb8e ./Core/Src/main.o
 .debug_line    0x00001d0c      0x7f7 ./Core/Src/measure_speed_FC33.o
 .debug_line    0x00002503      0x978 ./Core/Src/stm32l1xx_hal_msp.o
 .debug_line    0x00002e7b      0x86a ./Core/Src/stm32l1xx_it.o
 .debug_line    0x000036e5      0x7e4 ./Core/Src/system_stm32l1xx.o
 .debug_line    0x00003ec9       0x79 ./Core/Startup/startup_stm32l151cctx.o
 .debug_line    0x00003f42      0xa0f ./Drivers/STM32L1xx_HAL_Driver/Src/stm32l1xx_hal.o
 .debug_line    0x00004951      0xcde ./Drivers/STM32L1xx_HAL_Driver/Src/stm32l1xx_hal_cortex.o
 .debug_line    0x0000562f      0xc75 ./Drivers/STM32L1xx_HAL_Driver/Src/stm32l1xx_hal_dma.o
 .debug_line    0x000062a4      0xa2b ./Drivers/STM32L1xx_HAL_Driver/Src/stm32l1xx_hal_gpio.o
 .debug_line    0x00006ccf     0x3a83 ./Drivers/STM32L1xx_HAL_Driver/Src/stm32l1xx_hal_i2c.o
 .debug_line    0x0000a752      0xfd3 ./Drivers/STM32L1xx_HAL_Driver/Src/stm32l1xx_hal_rcc.o
 .debug_line    0x0000b725     0x3034 ./Drivers/STM32L1xx_HAL_Driver/Src/stm32l1xx_hal_tim.o
 .debug_line    0x0000e759      0x7dc ./Drivers/STM32L1xx_HAL_Driver/Src/stm32l1xx_hal_tim_ex.o
 .debug_line    0x0000ef35     0x2564 ./Drivers/STM32L1xx_HAL_Driver/Src/stm32l1xx_hal_uart.o

.debug_str      0x00000000    0x8ba25
 .debug_str     0x00000000    0x8ba25 ./Core/Src/VL53L0X.o
                              0x8816e (size before relaxing)
 .debug_str     0x0008ba25    0x85059 ./Core/Src/main.o
 .debug_str     0x0008ba25    0x83c6c ./Core/Src/measure_speed_FC33.o
 .debug_str     0x0008ba25    0x84948 ./Core/Src/stm32l1xx_hal_msp.o
 .debug_str     0x0008ba25    0x8430a ./Core/Src/stm32l1xx_it.o
 .debug_str     0x0008ba25    0x83bd0 ./Core/Src/system_stm32l1xx.o
 .debug_str     0x0008ba25       0x90 ./Core/Startup/startup_stm32l151cctx.o
 .debug_str     0x0008ba25    0x842d9 ./Drivers/STM32L1xx_HAL_Driver/Src/stm32l1xx_hal.o
 .debug_str     0x0008ba25    0x843e5 ./Drivers/STM32L1xx_HAL_Driver/Src/stm32l1xx_hal_cortex.o
 .debug_str     0x0008ba25    0x83f55 ./Drivers/STM32L1xx_HAL_Driver/Src/stm32l1xx_hal_dma.o
 .debug_str     0x0008ba25    0x83d63 ./Drivers/STM32L1xx_HAL_Driver/Src/stm32l1xx_hal_gpio.o
 .debug_str     0x0008ba25    0x84c41 ./Drivers/STM32L1xx_HAL_Driver/Src/stm32l1xx_hal_i2c.o
 .debug_str     0x0008ba25    0x84080 ./Drivers/STM32L1xx_HAL_Driver/Src/stm32l1xx_hal_rcc.o
 .debug_str     0x0008ba25    0x84ed3 ./Drivers/STM32L1xx_HAL_Driver/Src/stm32l1xx_hal_tim.o
 .debug_str     0x0008ba25    0x84078 ./Drivers/STM32L1xx_HAL_Driver/Src/stm32l1xx_hal_tim_ex.o
 .debug_str     0x0008ba25    0x84635 ./Drivers/STM32L1xx_HAL_Driver/Src/stm32l1xx_hal_uart.o

.comment        0x00000000       0x43
 .comment       0x00000000       0x43 ./Core/Src/VL53L0X.o
                                 0x44 (size before relaxing)
 .comment       0x00000043       0x44 ./Core/Src/main.o
 .comment       0x00000043       0x44 ./Core/Src/measure_speed_FC33.o
 .comment       0x00000043       0x44 ./Core/Src/stm32l1xx_hal_msp.o
 .comment       0x00000043       0x44 ./Core/Src/stm32l1xx_it.o
 .comment       0x00000043       0x44 ./Core/Src/system_stm32l1xx.o
 .comment       0x00000043       0x44 ./Drivers/STM32L1xx_HAL_Driver/Src/stm32l1xx_hal.o
 .comment       0x00000043       0x44 ./Drivers/STM32L1xx_HAL_Driver/Src/stm32l1xx_hal_cortex.o
 .comment       0x00000043       0x44 ./Drivers/STM32L1xx_HAL_Driver/Src/stm32l1xx_hal_dma.o
 .comment       0x00000043       0x44 ./Drivers/STM32L1xx_HAL_Driver/Src/stm32l1xx_hal_gpio.o
 .comment       0x00000043       0x44 ./Drivers/STM32L1xx_HAL_Driver/Src/stm32l1xx_hal_i2c.o
 .comment       0x00000043       0x44 ./Drivers/STM32L1xx_HAL_Driver/Src/stm32l1xx_hal_rcc.o
 .comment       0x00000043       0x44 ./Drivers/STM32L1xx_HAL_Driver/Src/stm32l1xx_hal_tim.o
 .comment       0x00000043       0x44 ./Drivers/STM32L1xx_HAL_Driver/Src/stm32l1xx_hal_tim_ex.o
 .comment       0x00000043       0x44 ./Drivers/STM32L1xx_HAL_Driver/Src/stm32l1xx_hal_uart.o

.debug_frame    0x00000000     0x4398
 .debug_frame   0x00000000      0x498 ./Core/Src/VL53L0X.o
 .debug_frame   0x00000498      0x1fc ./Core/Src/main.o
 .debug_frame   0x00000694       0xc0 ./Core/Src/measure_speed_FC33.o
 .debug_frame   0x00000754      0x134 ./Core/Src/stm32l1xx_hal_msp.o
 .debug_frame   0x00000888      0x190 ./Core/Src/stm32l1xx_it.o
 .debug_frame   0x00000a18       0x58 ./Core/Src/system_stm32l1xx.o
 .debug_frame   0x00000a70      0x33c ./Drivers/STM32L1xx_HAL_Driver/Src/stm32l1xx_hal.o
 .debug_frame   0x00000dac      0x4e8 ./Drivers/STM32L1xx_HAL_Driver/Src/stm32l1xx_hal_cortex.o
 .debug_frame   0x00001294      0x204 ./Drivers/STM32L1xx_HAL_Driver/Src/stm32l1xx_hal_dma.o
 .debug_frame   0x00001498      0x14c ./Drivers/STM32L1xx_HAL_Driver/Src/stm32l1xx_hal_gpio.o
 .debug_frame   0x000015e4      0xc84 ./Drivers/STM32L1xx_HAL_Driver/Src/stm32l1xx_hal_i2c.o
 .debug_frame   0x00002268      0x224 ./Drivers/STM32L1xx_HAL_Driver/Src/stm32l1xx_hal_rcc.o
 .debug_frame   0x0000248c     0x11b4 ./Drivers/STM32L1xx_HAL_Driver/Src/stm32l1xx_hal_tim.o
 .debug_frame   0x00003640       0x60 ./Drivers/STM32L1xx_HAL_Driver/Src/stm32l1xx_hal_tim_ex.o
 .debug_frame   0x000036a0      0x944 ./Drivers/STM32L1xx_HAL_Driver/Src/stm32l1xx_hal_uart.o
 .debug_frame   0x00003fe4       0x20 C:/ST/STM32CubeIDE_1.11.0/STM32CubeIDE/plugins/com.st.stm32cube.ide.mcu.externaltools.gnu-tools-for-stm32.13.3.rel1.win32_1.0.0.202411081344/tools/bin/../lib/gcc/arm-none-eabi/13.3.1/../../../../arm-none-eabi/lib/thumb/v7-m/nofp\libc_nano.a(libc_a-memset.o)
 .debug_frame   0x00004004       0x2c C:/ST/STM32CubeIDE_1.11.0/STM32CubeIDE/plugins/com.st.stm32cube.ide.mcu.externaltools.gnu-tools-for-stm32.13.3.rel1.win32_1.0.0.202411081344/tools/bin/../lib/gcc/arm-none-eabi/13.3.1/../../../../arm-none-eabi/lib/thumb/v7-m/nofp\libc_nano.a(libc_a-init.o)
 .debug_frame   0x00004030       0x28 C:/ST/STM32CubeIDE_1.11.0/STM32CubeIDE/plugins/com.st.stm32cube.ide.mcu.externaltools.gnu-tools-for-stm32.13.3.rel1.win32_1.0.0.202411081344/tools/bin/../lib/gcc/arm-none-eabi/13.3.1/../../../../arm-none-eabi/lib/thumb/v7-m/nofp\libc_nano.a(libc_a-memcpy-stub.o)
 .debug_frame   0x00004058       0xac C:/ST/STM32CubeIDE_1.11.0/STM32CubeIDE/plugins/com.st.stm32cube.ide.mcu.externaltools.gnu-tools-for-stm32.13.3.rel1.win32_1.0.0.202411081344/tools/bin/../lib/gcc/arm-none-eabi/13.3.1/thumb/v7-m/nofp\libgcc.a(_arm_addsubdf3.o)
 .debug_frame   0x00004104       0xc4 C:/ST/STM32CubeIDE_1.11.0/STM32CubeIDE/plugins/com.st.stm32cube.ide.mcu.externaltools.gnu-tools-for-stm32.13.3.rel1.win32_1.0.0.202411081344/tools/bin/../lib/gcc/arm-none-eabi/13.3.1/thumb/v7-m/nofp\libgcc.a(_arm_cmpdf2.o)
 .debug_frame   0x000041c8       0x4c C:/ST/STM32CubeIDE_1.11.0/STM32CubeIDE/plugins/com.st.stm32cube.ide.mcu.externaltools.gnu-tools-for-stm32.13.3.rel1.win32_1.0.0.202411081344/tools/bin/../lib/gcc/arm-none-eabi/13.3.1/thumb/v7-m/nofp\libgcc.a(_arm_addsubsf3.o)
 .debug_frame   0x00004214       0x38 C:/ST/STM32CubeIDE_1.11.0/STM32CubeIDE/plugins/com.st.stm32cube.ide.mcu.externaltools.gnu-tools-for-stm32.13.3.rel1.win32_1.0.0.202411081344/tools/bin/../lib/gcc/arm-none-eabi/13.3.1/thumb/v7-m/nofp\libgcc.a(_arm_muldivsf3.o)
 .debug_frame   0x0000424c       0xc8 C:/ST/STM32CubeIDE_1.11.0/STM32CubeIDE/plugins/com.st.stm32cube.ide.mcu.externaltools.gnu-tools-for-stm32.13.3.rel1.win32_1.0.0.202411081344/tools/bin/../lib/gcc/arm-none-eabi/13.3.1/thumb/v7-m/nofp\libgcc.a(_arm_cmpsf2.o)
 .debug_frame   0x00004314       0x24 C:/ST/STM32CubeIDE_1.11.0/STM32CubeIDE/plugins/com.st.stm32cube.ide.mcu.externaltools.gnu-tools-for-stm32.13.3.rel1.win32_1.0.0.202411081344/tools/bin/../lib/gcc/arm-none-eabi/13.3.1/thumb/v7-m/nofp\libgcc.a(_arm_fixunssfsi.o)
 .debug_frame   0x00004338       0x2c C:/ST/STM32CubeIDE_1.11.0/STM32CubeIDE/plugins/com.st.stm32cube.ide.mcu.externaltools.gnu-tools-for-stm32.13.3.rel1.win32_1.0.0.202411081344/tools/bin/../lib/gcc/arm-none-eabi/13.3.1/thumb/v7-m/nofp\libgcc.a(_aeabi_uldivmod.o)
 .debug_frame   0x00004364       0x34 C:/ST/STM32CubeIDE_1.11.0/STM32CubeIDE/plugins/com.st.stm32cube.ide.mcu.externaltools.gnu-tools-for-stm32.13.3.rel1.win32_1.0.0.202411081344/tools/bin/../lib/gcc/arm-none-eabi/13.3.1/thumb/v7-m/nofp\libgcc.a(_udivmoddi4.o)

.debug_line_str
                0x00000000       0x74
 .debug_line_str
                0x00000000       0x74 ./Core/Startup/startup_stm32l151cctx.o
