../Core/Src/main.c:121:5:main	4
../Core/Src/main.c:286:6:SystemClock_Config	3
../Core/Src/main.c:329:13:MX_I2C1_Init	2
../Core/Src/main.c:363:13:MX_I2C2_Init	2
../Core/Src/main.c:397:13:MX_TIM2_Init	6
../Core/Src/main.c:456:13:MX_TIM3_Init	6
../Core/Src/main.c:516:13:MX_TIM4_Init	6
../Core/Src/main.c:576:13:TIM5_Init	4
../Core/Src/main.c:621:13:MX_TIM6_Init	3
../Core/Src/main.c:660:13:MX_USART1_UART_Init	2
../Core/Src/main.c:719:13:MX_GPIO_Init	1
../Core/Src/main.c:758:6:HAL_TIM_PeriodElapsedCallback	2
../Core/Src/main.c:768:6:HAL_GPIO_EXTI_Callback	2
../Core/Src/main.c:784:6:Error_Handler	3
