../Core/Src/main.c:85:5:main	16	static
../Core/Src/main.c:150:6:SystemClock_Config	80	static
../Core/Src/main.c:193:13:MX_I2C1_Init	8	static
../Core/Src/main.c:227:13:MX_I2C2_Init	8	static
../Core/Src/main.c:261:13:MX_TIM2_Init	48	static
../Core/Src/main.c:320:13:MX_TIM3_Init	48	static
../Core/Src/main.c:379:13:MX_TIM4_Init	48	static
../Core/Src/main.c:438:13:TIM5_Init	40	static
../Core/Src/main.c:483:13:MX_TIM6_Init	16	static
../Core/Src/main.c:521:13:MX_USART1_UART_Init	8	static
../Core/Src/main.c:554:13:MX_USART2_UART_Init	8	static
../Core/Src/main.c:587:13:MX_GPIO_Init	40	static
../Core/Src/main.c:626:6:HAL_TIM_PeriodElapsedCallback	16	static
../Core/Src/main.c:636:6:HAL_GPIO_EXTI_Callback	16	static
../Core/Src/main.c:652:6:Error_Handler	4	static,ignoring_inline_asm
