../Core/Src/main.c:104:5:main	3
../Core/Src/main.c:200:6:SystemClock_Config	3
../Core/Src/main.c:243:13:MX_I2C1_Init	2
../Core/Src/main.c:277:13:MX_I2C2_Init	2
../Core/Src/main.c:311:13:MX_TIM2_Init	6
../Core/Src/main.c:370:13:MX_TIM3_Init	6
../Core/Src/main.c:430:13:MX_TIM4_Init	6
../Core/Src/main.c:490:13:TIM5_Init	4
../Core/Src/main.c:535:13:MX_TIM6_Init	3
../Core/Src/main.c:573:13:MX_USART1_UART_Init	2
../Core/Src/main.c:632:13:MX_GPIO_Init	1
../Core/Src/main.c:671:6:HAL_TIM_PeriodElapsedCallback	2
../Core/Src/main.c:681:6:HAL_GPIO_EXTI_Callback	2
../Core/Src/main.c:697:6:Error_Handler	1
