../Core/Src/main.c:121:5:main	16	static
../Core/Src/main.c:286:6:SystemClock_Config	80	static
../Core/Src/main.c:329:13:MX_I2C1_Init	8	static
../Core/Src/main.c:363:13:MX_I2C2_Init	8	static
../Core/Src/main.c:397:13:MX_TIM2_Init	48	static
../Core/Src/main.c:456:13:MX_TIM3_Init	48	static
../Core/Src/main.c:516:13:MX_TIM4_Init	48	static
../Core/Src/main.c:576:13:TIM5_Init	40	static
../Core/Src/main.c:621:13:MX_TIM6_Init	16	static
../Core/Src/main.c:660:13:MX_USART1_UART_Init	8	static
../Core/Src/main.c:719:13:MX_GPIO_Init	40	static
../Core/Src/main.c:758:6:HAL_TIM_PeriodElapsedCallback	16	static
../Core/Src/main.c:768:6:HAL_GPIO_EXTI_Callback	16	static
../Core/Src/main.c:784:6:Error_Handler	8	static,ignoring_inline_asm
