../Core/Src/VL53L0X.c:43:6:writeReg	32	static
../Core/Src/VL53L0X.c:55:6:writeReg16Bit	32	static
../Core/Src/VL53L0X.c:67:6:writeReg32Bit	40	static
../Core/Src/VL53L0X.c:81:9:readReg	40	static
../Core/Src/VL53L0X.c:95:10:readReg16Bit	40	static
../Core/Src/VL53L0X.c:108:10:readReg32Bit	40	static
../Core/Src/VL53L0X.c:121:6:writeMulti	48	static
../Core/Src/VL53L0X.c:131:6:readMulti	48	static
../Core/Src/VL53L0X.c:138:6:setAddress_VL53L0X	24	static
../Core/Src/VL53L0X.c:160:9:getAddress_VL53L0X	16	static
../Core/Src/VL53L0X.c:165:6:initVL53L0X	40	static
../Core/Src/VL53L0X.c:376:9:setSignalRateLimit	16	static
../Core/Src/VL53L0X.c:389:7:getSignalRateLimit	16	static
../Core/Src/VL53L0X.c:395:9:setMeasurementTimingBudget	80	static
../Core/Src/VL53L0X.c:469:10:getMeasurementTimingBudget	64	static
../Core/Src/VL53L0X.c:516:9:setVcselPulsePeriod	56	static
../Core/Src/VL53L0X.c:639:9:getVcselPulsePeriod	16	static
../Core/Src/VL53L0X.c:653:6:startContinuous	24	static
../Core/Src/VL53L0X.c:684:6:stopContinuous	16	static
../Core/Src/VL53L0X.c:698:10:readRangeContinuousMillimeters	32	static
../Core/Src/VL53L0X.c:731:10:readRangeSingleMillimeters	16	static
../Core/Src/VL53L0X.c:758:6:timeoutOccurred	24	static
../Core/Src/VL53L0X.c:765:6:setTimeout	16	static
../Core/Src/VL53L0X.c:769:10:getTimeout	16	static
../Core/Src/VL53L0X.c:775:6:getSpadInfo	32	static
../Core/Src/VL53L0X.c:819:6:getSequenceStepEnables	24	static
../Core/Src/VL53L0X.c:830:6:getSequenceStepTimeouts	24	static
../Core/Src/VL53L0X.c:861:10:decodeTimeout	16	static
../Core/Src/VL53L0X.c:869:10:encodeTimeout	24	static
../Core/Src/VL53L0X.c:890:10:timeoutMclksToMicroseconds	24	static
../Core/Src/VL53L0X.c:897:10:timeoutMicrosecondsToMclks	24	static
../Core/Src/VL53L0X.c:904:6:performSingleRefCalibration	16	static
