../Core/Src/VL53L0X.c:46:6:writeReg	32	static
../Core/Src/VL53L0X.c:53:6:writeReg16Bit	32	static
../Core/Src/VL53L0X.c:60:6:writeReg32Bit	32	static
../Core/Src/VL53L0X.c:67:9:readReg	40	static
../Core/Src/VL53L0X.c:77:10:readReg16Bit	40	static
../Core/Src/VL53L0X.c:87:10:readReg32Bit	40	static
../Core/Src/VL53L0X.c:97:6:writeMulti	32	static
../Core/Src/VL53L0X.c:105:6:readMulti	32	static
../Core/Src/VL53L0X.c:113:6:setAddress_VL53L0X	16	static
../Core/Src/VL53L0X.c:118:9:getAddress_VL53L0X	4	static
../Core/Src/VL53L0X.c:130:6:initVL53L0X	32	static
../Core/Src/VL53L0X.c:370:6:setSignalRateLimit	16	static
../Core/Src/VL53L0X.c:383:7:getSignalRateLimit	8	static
../Core/Src/VL53L0X.c:395:6:setMeasurementTimingBudget	80	static
../Core/Src/VL53L0X.c:487:10:getMeasurementTimingBudget	56	static
../Core/Src/VL53L0X.c:541:6:setVcselPulsePeriod	56	static
../Core/Src/VL53L0X.c:718:9:getVcselPulsePeriod	16	static
../Core/Src/VL53L0X.c:737:6:startContinuous	24	static
../Core/Src/VL53L0X.c:775:6:stopContinuous	8	static
../Core/Src/VL53L0X.c:790:10:readRangeContinuousMillimeters	32	static
../Core/Src/VL53L0X.c:833:10:readRangeSingleMillimeters	16	static
../Core/Src/VL53L0X.c:858:6:timeoutOccurred	16	static
../Core/Src/VL53L0X.c:865:6:setTimeout	16	static
../Core/Src/VL53L0X.c:869:10:getTimeout	4	static
../Core/Src/VL53L0X.c:878:6:getSpadInfo	24	static
../Core/Src/VL53L0X.c:920:6:getSequenceStepEnables	24	static
../Core/Src/VL53L0X.c:935:6:getSequenceStepTimeouts	16	static
../Core/Src/VL53L0X.c:969:10:decodeTimeout	16	static
../Core/Src/VL53L0X.c:980:10:encodeTimeout	24	static
../Core/Src/VL53L0X.c:1004:10:timeoutMclksToMicroseconds	24	static
../Core/Src/VL53L0X.c:1013:10:timeoutMicrosecondsToMclks	24	static
../Core/Src/VL53L0X.c:1022:6:performSingleRefCalibration	16	static
