../Core/Src/VL53L0X.c:39:6:writeReg	32	static
../Core/Src/VL53L0X.c:45:6:writeReg16Bit	32	static
../Core/Src/VL53L0X.c:62:6:writeReg32Bit	40	static
../Core/Src/VL53L0X.c:72:9:readReg	40	static
../Core/Src/VL53L0X.c:80:10:readReg16Bit	40	static
../Core/Src/VL53L0X.c:89:10:readReg32Bit	40	static
../Core/Src/VL53L0X.c:97:6:writeMulti	48	static
../Core/Src/VL53L0X.c:107:6:readMulti	48	static
../Core/Src/VL53L0X.c:114:6:setAddress_VL53L0X	16	static
../Core/Src/VL53L0X.c:121:9:getAddress_VL53L0X	16	static
../Core/Src/VL53L0X.c:126:6:initVL53L0X	40	static
../Core/Src/VL53L0X.c:330:9:setSignalRateLimit	16	static
../Core/Src/VL53L0X.c:343:7:getSignalRateLimit	16	static
../Core/Src/VL53L0X.c:349:9:setMeasurementTimingBudget	80	static
../Core/Src/VL53L0X.c:423:10:getMeasurementTimingBudget	64	static
../Core/Src/VL53L0X.c:470:9:setVcselPulsePeriod	56	static
../Core/Src/VL53L0X.c:593:9:getVcselPulsePeriod	16	static
../Core/Src/VL53L0X.c:607:6:startContinuous	24	static
../Core/Src/VL53L0X.c:638:6:stopContinuous	16	static
../Core/Src/VL53L0X.c:652:10:readRangeContinuousMillimeters	32	static
../Core/Src/VL53L0X.c:685:10:readRangeSingleMillimeters	16	static
../Core/Src/VL53L0X.c:712:6:timeoutOccurred	24	static
../Core/Src/VL53L0X.c:719:6:setTimeout	16	static
../Core/Src/VL53L0X.c:723:10:getTimeout	16	static
../Core/Src/VL53L0X.c:729:6:getSpadInfo	32	static
../Core/Src/VL53L0X.c:771:6:getSequenceStepEnables	24	static
../Core/Src/VL53L0X.c:782:6:getSequenceStepTimeouts	24	static
../Core/Src/VL53L0X.c:813:10:decodeTimeout	16	static
../Core/Src/VL53L0X.c:821:10:encodeTimeout	24	static
../Core/Src/VL53L0X.c:842:10:timeoutMclksToMicroseconds	24	static
../Core/Src/VL53L0X.c:849:10:timeoutMicrosecondsToMclks	24	static
../Core/Src/VL53L0X.c:856:6:performSingleRefCalibration	16	static
